Component: ARM Compiler 5.06 update 6 (build 750) Tool: armlink [4d35ed]

==============================================================================

Section Cross References

    startup_stm32f103xe.o(RESET) refers to startup_stm32f103xe.o(STACK) for __initial_sp
    startup_stm32f103xe.o(RESET) refers to startup_stm32f103xe.o(.text) for Reset_Handler
    startup_stm32f103xe.o(RESET) refers to stm32f1xx_it.o(i.NMI_Handler) for NMI_Handler
    startup_stm32f103xe.o(RESET) refers to stm32f1xx_it.o(i.HardFault_Handler) for HardFault_Handler
    startup_stm32f103xe.o(RESET) refers to stm32f1xx_it.o(i.MemManage_Handler) for MemManage_Handler
    startup_stm32f103xe.o(RESET) refers to stm32f1xx_it.o(i.BusFault_Handler) for BusFault_Handler
    startup_stm32f103xe.o(RESET) refers to stm32f1xx_it.o(i.UsageFault_Handler) for UsageFault_Handler
    startup_stm32f103xe.o(RESET) refers to port.o(.emb_text) for SVC_Handler
    startup_stm32f103xe.o(RESET) refers to stm32f1xx_it.o(i.DebugMon_Handler) for DebugMon_Handler
    startup_stm32f103xe.o(RESET) refers to port.o(i.SysTick_Handler) for SysTick_Handler
    startup_stm32f103xe.o(RESET) refers to stm32f1xx_it.o(i.DMA1_Channel3_IRQHandler) for DMA1_Channel3_IRQHandler
    startup_stm32f103xe.o(RESET) refers to stm32f1xx_it.o(i.DMA1_Channel6_IRQHandler) for DMA1_Channel6_IRQHandler
    startup_stm32f103xe.o(RESET) refers to stm32f1xx_it.o(i.TIM2_IRQHandler) for TIM2_IRQHandler
    startup_stm32f103xe.o(RESET) refers to stm32f1xx_it.o(i.TIM3_IRQHandler) for TIM3_IRQHandler
    startup_stm32f103xe.o(RESET) refers to stm32f1xx_it.o(i.TIM4_IRQHandler) for TIM4_IRQHandler
    startup_stm32f103xe.o(RESET) refers to c8t6.o(i.USART2_IRQHandler) for USART2_IRQHandler
    startup_stm32f103xe.o(RESET) refers to light.o(i.USART3_IRQHandler) for USART3_IRQHandler
    startup_stm32f103xe.o(RESET) refers to stm32f1xx_it.o(i.TIM5_IRQHandler) for TIM5_IRQHandler
    startup_stm32f103xe.o(RESET) refers to gyro.o(i.UART4_IRQHandler) for UART4_IRQHandler
    startup_stm32f103xe.o(RESET) refers to stm32f1xx_it.o(i.UART5_IRQHandler) for UART5_IRQHandler
    startup_stm32f103xe.o(RESET) refers to delay.o(i.TIM6_IRQHandler) for TIM6_IRQHandler
    startup_stm32f103xe.o(RESET) refers to stm32f1xx_it.o(i.TIM7_IRQHandler) for TIM7_IRQHandler
    startup_stm32f103xe.o(RESET) refers to stm32f1xx_it.o(i.DMA2_Channel3_IRQHandler) for DMA2_Channel3_IRQHandler
    startup_stm32f103xe.o(.text) refers to system_stm32f1xx.o(i.SystemInit) for SystemInit
    startup_stm32f103xe.o(.text) refers to entry.o(.ARM.Collect$$$$00000000) for __main
    main.o(i.HAL_TIM_PeriodElapsedCallback) refers to stm32f1xx_hal.o(i.HAL_IncTick) for HAL_IncTick
    main.o(i.SystemClock_Config) refers to memseta.o(.text) for __aeabi_memclr4
    main.o(i.SystemClock_Config) refers to stm32f1xx_hal_rcc.o(i.HAL_RCC_OscConfig) for HAL_RCC_OscConfig
    main.o(i.SystemClock_Config) refers to main.o(i.Error_Handler) for Error_Handler
    main.o(i.SystemClock_Config) refers to stm32f1xx_hal_rcc.o(i.HAL_RCC_ClockConfig) for HAL_RCC_ClockConfig
    main.o(i.main) refers to stm32f1xx_hal.o(i.HAL_Init) for HAL_Init
    main.o(i.main) refers to main.o(i.SystemClock_Config) for SystemClock_Config
    main.o(i.main) refers to gpio.o(i.MX_GPIO_Init) for MX_GPIO_Init
    main.o(i.main) refers to tim.o(i.MX_TIM1_Init) for MX_TIM1_Init
    main.o(i.main) refers to tim.o(i.MX_TIM2_Init) for MX_TIM2_Init
    main.o(i.main) refers to tim.o(i.MX_TIM3_Init) for MX_TIM3_Init
    main.o(i.main) refers to tim.o(i.MX_TIM4_Init) for MX_TIM4_Init
    main.o(i.main) refers to tim.o(i.MX_TIM5_Init) for MX_TIM5_Init
    main.o(i.main) refers to tim.o(i.MX_TIM8_Init) for MX_TIM8_Init
    main.o(i.main) refers to dma.o(i.MX_DMA_Init) for MX_DMA_Init
    main.o(i.main) refers to usart.o(i.MX_UART4_Init) for MX_UART4_Init
    main.o(i.main) refers to usart.o(i.MX_UART5_Init) for MX_UART5_Init
    main.o(i.main) refers to usart.o(i.MX_USART3_UART_Init) for MX_USART3_UART_Init
    main.o(i.main) refers to start_task.o(i.Start_task_create) for Start_task_create
    main.o(i.main) refers to cmsis_os.o(i.osKernelStart) for osKernelStart
    gpio.o(i.MX_GPIO_Init) refers to stm32f1xx_hal_gpio.o(i.HAL_GPIO_Init) for HAL_GPIO_Init
    freertos.o(i.MX_FREERTOS_Init) refers to memmovea.o(.text) for __aeabi_memcpy4
    freertos.o(i.MX_FREERTOS_Init) refers to cmsis_os.o(i.osThreadCreate) for osThreadCreate
    freertos.o(i.MX_FREERTOS_Init) refers to freertos.o(.constdata) for .constdata
    freertos.o(i.MX_FREERTOS_Init) refers to freertos.o(.data) for defaultTaskHandle
    freertos.o(i.StartDefaultTask) refers to cmsis_os.o(i.osDelay) for osDelay
    freertos.o(i.vApplicationGetIdleTaskMemory) refers to freertos.o(.bss) for xIdleTaskTCBBuffer
    freertos.o(.constdata) refers to freertos.o(.conststring) for .conststring
    freertos.o(.constdata) refers to freertos.o(i.StartDefaultTask) for StartDefaultTask
[...]
    _printf_l                                0x00000000   Number         0  stubs.o ABSOLUTE
    _printf_lc                               0x00000000   Number         0  stubs.o ABSOLUTE
    _printf_ll                               0x00000000   Number         0  stubs.o ABSOLUTE
    _printf_lld                              0x00000000   Number         0  stubs.o ABSOLUTE
    _printf_lli                              0x00000000   Number         0  stubs.o ABSOLUTE
    _printf_llo                              0x00000000   Number         0  stubs.o ABSOLUTE
    _printf_llu                              0x00000000   Number         0  stubs.o ABSOLUTE
    _printf_llx                              0x00000000   Number         0  stubs.o ABSOLUTE
    _printf_longlong_dec                     0x00000000   Number         0  stubs.o ABSOLUTE
    _printf_longlong_hex                     0x00000000   Number         0  stubs.o ABSOLUTE
    _printf_longlong_oct                     0x00000000   Number         0  stubs.o ABSOLUTE
    _printf_ls                               0x00000000   Number         0  stubs.o ABSOLUTE
    _printf_mbtowc                           0x00000000   Number         0  stubs.o ABSOLUTE
    _printf_n                                0x00000000   Number         0  stubs.o ABSOLUTE
    _printf_o                                0x00000000   Number         0  stubs.o ABSOLUTE
    _printf_p                                0x00000000   Number         0  stubs.o ABSOLUTE
    _printf_percent                          0x00000000   Number         0  stubs.o ABSOLUTE
    _printf_pre_padding                      0x00000000   Number         0  stubs.o ABSOLUTE
    _printf_return_value                     0x00000000   Number         0  stubs.o ABSOLUTE
    _printf_s                                0x00000000   Number         0  stubs.o ABSOLUTE
    _printf_sizespec                         0x00000000   Number         0  stubs.o ABSOLUTE
    _printf_str                              0x00000000   Number         0  stubs.o ABSOLUTE
    _printf_truncate_signed                  0x00000000   Number         0  stubs.o ABSOLUTE
    _printf_truncate_unsigned                0x00000000   Number         0  stubs.o ABSOLUTE
    _printf_u                                0x00000000   Number         0  stubs.o ABSOLUTE
    _printf_wc                               0x00000000   Number         0  stubs.o ABSOLUTE
    _printf_wctomb                           0x00000000   Number         0  stubs.o ABSOLUTE
    _printf_widthprec                        0x00000000   Number         0  stubs.o ABSOLUTE
    _printf_x                                0x00000000   Number         0  stubs.o ABSOLUTE
    __cpp_initialize__aeabi_                  - Undefined Weak Reference
    __cxa_finalize                            - Undefined Weak Reference
    _clock_init                               - Undefined Weak Reference
    _microlib_exit                            - Undefined Weak Reference
    __Vectors_Size                           0x00000130   Number         0  startup_stm32f103xe.o ABSOLUTE
    __Vectors                                0x08000000   Data           4  startup_stm32f103xe.o(RESET)
    __Vectors_End                            0x08000130   Data           0  startup_stm32f103xe.o(RESET)
    __main                                   0x08000131   Thumb Code     0  entry.o(.ARM.Collect$$$$00000000)
    _main_stk                                0x08000131   Thumb Code     0  entry2.o(.ARM.Collect$$$$00000001)
    _main_scatterload                        0x08000135   Thumb Code     0  entry5.o(.ARM.Collect$$$$00000004)
    __main_after_scatterload                 0x08000139   Thumb Code     0  entry5.o(.ARM.Collect$$$$00000004)
    _main_clock                              0x08000139   Thumb Code     0  entry7b.o(.ARM.Collect$$$$00000008)
    _main_cpp_init                           0x08000139   Thumb Code     0  entry8b.o(.ARM.Collect$$$$0000000A)
    _main_init                               0x08000139   Thumb Code     0  entry9a.o(.ARM.Collect$$$$0000000B)
    __rt_final_cpp                           0x08000141   Thumb Code     0  entry10a.o(.ARM.Collect$$$$0000000D)
    __rt_final_exit                          0x08000141   Thumb Code     0  entry11a.o(.ARM.Collect$$$$0000000F)
    SVC_Handler                              0x08000145   Thumb Code    32  port.o(.emb_text)
    __asm___6_port_c_39a90d8d__prvStartFirstTask 0x08000169   Thumb Code    28  port.o(.emb_text)
    PendSV_Handler                           0x08000189   Thumb Code    72  port.o(.emb_text)
    vPortGetIPSR                             0x080001d5   Thumb Code     6  port.o(.emb_text)
    Reset_Handler                            0x080001dd   Thumb Code     8  startup_stm32f103xe.o(.text)
    ADC1_2_IRQHandler                        0x080001f7   Thumb Code     0  startup_stm32f103xe.o(.text)
    ADC3_IRQHandler                          0x080001f7   Thumb Code     0  startup_stm32f103xe.o(.text)
    CAN1_RX1_IRQHandler                      0x080001f7   Thumb Code     0  startup_stm32f103xe.o(.text)
    CAN1_SCE_IRQHandler                      0x080001f7   Thumb Code     0  startup_stm32f103xe.o(.text)
    DMA1_Channel1_IRQHandler                 0x080001f7   Thumb Code     0  startup_stm32f103xe.o(.text)
    DMA1_Channel2_IRQHandler                 0x080001f7   Thumb Code     0  startup_stm32f103xe.o(.text)
    DMA1_Channel4_IRQHandler                 0x080001f7   Thumb Code     0  startup_stm32f103xe.o(.text)
    DMA1_Channel5_IRQHandler                 0x080001f7   Thumb Code     0  startup_stm32f103xe.o(.text)
    DMA1_Channel7_IRQHandler                 0x080001f7   Thumb Code     0  startup_stm32f103xe.o(.text)
    DMA2_Channel1_IRQHandler                 0x080001f7   Thumb Code     0  startup_stm32f103xe.o(.text)
    DMA2_Channel2_IRQHandler                 0x080001f7   Thumb Code     0  startup_stm32f103xe.o(.text)
    DMA2_Channel4_5_IRQHandler               0x080001f7   Thumb Code     0  startup_stm32f103xe.o(.text)
    EXTI0_IRQHandler                         0x080001f7   Thumb Code     0  startup_stm32f103xe.o(.text)
    EXTI15_10_IRQHandler                     0x080001f7   Thumb Code     0  startup_stm32f103xe.o(.text)
    EXTI1_IRQHandler                         0x080001f7   Thumb Code     0  startup_stm32f103xe.o(.text)
    EXTI2_IRQHandler                         0x080001f7   Thumb Code     0  startup_stm32f103xe.o(.text)
    EXTI3_IRQHandler                         0x080001f7   Thumb Code     0  startup_stm32f103xe.o(.text)
    EXTI4_IRQHandler                         0x080001f7   Thumb Code     0  startup_stm32f103xe.o(.text)
    EXTI9_5_IRQHandler                       0x080001f7   Thumb Code     0  startup_stm32f103xe.o(.text)
    FLASH_IRQHandler                         0x080001f7   Thumb Code     0  startup_stm32f103xe.o(.text)
    FSMC_IRQHandler                          0x080001f7   Thumb Code     0  startup_stm32f103xe.o(.text)
    I2C1_ER_IRQHandler                       0x080001f7   Thumb Code     0  startup_stm32f103xe.o(.text)
    I2C1_EV_IRQHandler                       0x080001f7   Thumb Code     0  startup_stm32f103xe.o(.text)
    I2C2_ER_IRQHandler                       0x080001f7   Thumb Code     0  startup_stm32f103xe.o(.text)
    I2C2_EV_IRQHandler                       0x080001f7   Thumb Code     0  startup_stm32f103xe.o(.text)
    PVD_IRQHandler                           0x080001f7   Thumb Code     0  startup_stm32f103xe.o(.text)
    RCC_IRQHandler                           0x080001f7   Thumb Code     0  startup_stm32f103xe.o(.text)
    RTC_Alarm_IRQHandler                     0x080001f7   Thumb Code     0  startup_stm32f103xe.o(.text)
    RTC_IRQHandler                           0x080001f7   Thumb Code     0  startup_stm32f103xe.o(.text)
    SDIO_IRQHandler                          0x080001f7   Thumb Code     0  startup_stm32f103xe.o(.text)
    SPI1_IRQHandler                          0x080001f7   Thumb Code     0  startup_stm32f103xe.o(.text)
    SPI2_IRQHandler                          0x080001f7   Thumb Code     0  startup_stm32f103xe.o(.text)
    SPI3_IRQHandler                          0x080001f7   Thumb Code     0  startup_stm32f103xe.o(.text)
    TAMPER_IRQHandler                        0x080001f7   Thumb Code     0  startup_stm32f103xe.o(.text)
    TIM1_BRK_IRQHandler                      0x080001f7   Thumb Code     0  startup_stm32f103xe.o(.text)
    TIM1_CC_IRQHandler                       0x080001f7   Thumb Code     0  startup_stm32f103xe.o(.text)
    TIM1_TRG_COM_IRQHandler                  0x080001f7   Thumb Code     0  startup_stm32f103xe.o(.text)
    TIM1_UP_IRQHandler                       0x080001f7   Thumb Code     0  startup_stm32f103xe.o(.text)
    TIM8_BRK_IRQHandler                      0x080001f7   Thumb Code     0  startup_stm32f103xe.o(.text)
    TIM8_CC_IRQHandler                       0x080001f7   Thumb Code     0  startup_stm32f103xe.o(.text)
    TIM8_TRG_COM_IRQHandler                  0x080001f7   Thumb Code     0  startup_stm32f103xe.o(.text)
    TIM8_UP_IRQHandler                       0x080001f7   Thumb Code     0  startup_stm32f103xe.o(.text)
    USART1_IRQHandler                        0x080001f7   Thumb Code     0  startup_stm32f103xe.o(.text)
    USBWakeUp_IRQHandler                     0x080001f7   Thumb Code     0  startup_stm32f103xe.o(.text)
    USB_HP_CAN1_TX_IRQHandler                0x080001f7   Thumb Code     0  startup_stm32f103xe.o(.text)
    USB_LP_CAN1_RX0_IRQHandler               0x080001f7   Thumb Code     0  startup_stm32f103xe.o(.text)
    WWDG_IRQHandler                          0x080001f7   Thumb Code     0  startup_stm32f103xe.o(.text)
    __aeabi_llsr                             0x08000201   Thumb Code    32  llushr.o(.text)
    _ll_ushift_r                             0x08000201   Thumb Code     0  llushr.o(.text)
    ___aeabi_memcpy8$move                    0x08000221   Thumb Code     0  memmovea.o(.text)
    __aeabi_memcpy                           0x08000221   Thumb Code    64  memmovea.o(.text)
    __aeabi_memcpy4                          0x08000221   Thumb Code     0  memmovea.o(.text)
    __aeabi_memmove                          0x08000221   Thumb Code     0  memmovea.o(.text)
    __aeabi_memmove4                         0x08000221   Thumb Code     0  memmovea.o(.text)
    __aeabi_memmove8                         0x08000221   Thumb Code     0  memmovea.o(.text)
    __aeabi_memset                           0x08000261   Thumb Code    14  memseta.o(.text)
    __aeabi_memset4                          0x08000261   Thumb Code     0  memseta.o(.text)
    __aeabi_memset8                          0x08000261   Thumb Code     0  memseta.o(.text)
    __aeabi_memclr                           0x0800026f   Thumb Code     4  memseta.o(.text)
    __aeabi_memclr4                          0x0800026f   Thumb Code     0  memseta.o(.text)
    __aeabi_memclr8                          0x0800026f   Thumb Code     0  memseta.o(.text)
    memset                                   0x08000273   Thumb Code    18  memseta.o(.text)
    __aeabi_fadd                             0x08000285   Thumb Code   164  fadd.o(.text)
    __aeabi_fsub                             0x08000329   Thumb Code     6  fadd.o(.text)
    __aeabi_frsub                            0x0800032f   Thumb Code     6  fadd.o(.text)
    __aeabi_fmul                             0x08000335   Thumb Code   100  fmul.o(.text)
    __aeabi_fdiv                             0x08000399   Thumb Code   124  fdiv.o(.text)
    __aeabi_dadd                             0x08000415   Thumb Code   322  dadd.o(.text)
    __aeabi_dsub                             0x08000557   Thumb Code     6  dadd.o(.text)
    __aeabi_drsub                            0x0800055d   Thumb Code     6  dadd.o(.text)
    __aeabi_dmul                             0x08000563   Thumb Code   228  dmul.o(.text)
    __aeabi_ddiv                             0x08000647   Thumb Code   222  ddiv.o(.text)
    __aeabi_i2f                              0x08000725   Thumb Code    18  fflti.o(.text)
    __aeabi_ui2f                             0x08000737   Thumb Code    10  ffltui.o(.text)
    __aeabi_i2d                              0x08000741   Thumb Code    34  dflti.o(.text)
    __aeabi_ui2d                             0x08000763   Thumb Code    26  dfltui.o(.text)
    __aeabi_f2iz                             0x0800077d   Thumb Code    50  ffixi.o(.text)
    __aeabi_d2uiz                            0x080007af   Thumb Code    50  dfixui.o(.text)
    __aeabi_f2d                              0x080007e1   Thumb Code    38  f2d.o(.text)
    __aeabi_cdcmpeq                          0x08000809   Thumb Code     0  cdcmple.o(.text)
    __aeabi_cdcmple                          0x08000809   Thumb Code    48  cdcmple.o(.text)
    __aeabi_cdrcmple                         0x08000839   Thumb Code    48  cdrcmple.o(.text)
    __aeabi_d2f                              0x08000869   Thumb Code    56  d2f.o(.text)
    __aeabi_cfcmpeq                          0x080008a1   Thumb Code     0  cfcmple.o(.text)
    __aeabi_cfcmple                          0x080008a1   Thumb Code    20  cfcmple.o(.text)
    __aeabi_cfrcmple                         0x080008b5   Thumb Code    20  cfrcmple.o(.text)
    __aeabi_uidiv                            0x080008c9   Thumb Code     0  uidiv.o(.text)
    __aeabi_uidivmod                         0x080008c9   Thumb Code    44  uidiv.o(.text)
    __aeabi_uldivmod                         0x080008f5   Thumb Code    98  uldiv.o(.text)
    __aeabi_llsl                             0x08000957   Thumb Code    30  llshl.o(.text)
    _ll_shift_l                              0x08000957   Thumb Code     0  llshl.o(.text)
    __aeabi_lasr                             0x08000975   Thumb Code    36  llsshr.o(.text)
    _ll_sshift_r                             0x08000975   Thumb Code     0  llsshr.o(.text)
    __I$use$fp                               0x08000999   Thumb Code     0  iusefp.o(.text)
    _float_round                             0x08000999   Thumb Code    18  fepilogue.o(.text)
    _float_epilogue                          0x080009ab   Thumb Code    92  fepilogue.o(.text)
    _double_round                            0x08000a07   Thumb Code    30  depilogue.o(.text)
    _double_epilogue                         0x08000a25   Thumb Code   156  depilogue.o(.text)
    __aeabi_d2ulz                            0x08000ac1   Thumb Code    48  dfixul.o(.text)
    __scatterload                            0x08000af1   Thumb Code    28  init.o(.text)
    __scatterload_rt2                        0x08000af1   Thumb Code     0  init.o(.text)
    __decompress                             0x08000b15   Thumb Code     0  __dczerorl2.o(.text)
    __decompress1                            0x08000b15   Thumb Code    86  __dczerorl2.o(.text)
    BusFault_Handler                         0x08000b6b   Thumb Code     4  stm32f1xx_it.o(i.BusFault_Handler)
    C8T6_init                                0x08000b71   Thumb Code    30  c8t6.o(i.C8T6_init)
    CarBrake                                 0x08000b99   Thumb Code    32  speed_ctrl.o(i.CarBrake)
    DMA1_Channel3_IRQHandler                 0x08000bc9   Thumb Code    10  stm32f1xx_it.o(i.DMA1_Channel3_IRQHandler)
    DMA1_Channel6_IRQHandler                 0x08000bd9   Thumb Code    10  stm32f1xx_it.o(i.DMA1_Channel6_IRQHandler)
    DMA2_Channel3_IRQHandler                 0x08000be9   Thumb Code    10  stm32f1xx_it.o(i.DMA2_Channel3_IRQHandler)
    DebugMon_Handler                         0x08000c25   Thumb Code     2  stm32f1xx_it.o(i.DebugMon_Handler)
    Distance_run                             0x08000c29   Thumb Code  1128  turn.o(i.Distance_run)
    Encoder_init                             0x08001095   Thumb Code  1342  encoder.o(i.Encoder_init)
    Error_Handler                            0x080015e1   Thumb Code     6  main.o(i.Error_Handler)
    GET_MOTOR                                0x080015e9   Thumb Code   288  motor_task.o(i.GET_MOTOR)
    GYRO_Start                               0x08001729   Thumb Code   120  start_task.o(i.GYRO_Start)
    Go_Line                                  0x080017b1   Thumb Code   106  scaner.o(i.Go_Line)
    HAL_DMA_Abort                            0x0800183d   Thumb Code    86  stm32f1xx_hal_dma.o(i.HAL_DMA_Abort)
    HAL_DMA_Abort_IT                         0x08001895   Thumb Code   414  stm32f1xx_hal_dma.o(i.HAL_DMA_Abort_IT)
    HAL_DMA_IRQHandler                       0x08001a3d   Thumb Code   910  stm32f1xx_hal_dma.o(i.HAL_DMA_IRQHandler)
    HAL_DMA_Init                             0x08001dd5   Thumb Code   132  stm32f1xx_hal_dma.o(i.HAL_DMA_Init)
    HAL_DMA_Start_IT                         0x08001e61   Thumb Code   156  stm32f1xx_hal_dma.o(i.HAL_DMA_Start_IT)
    HAL_GPIO_Init                            0x08001efd   Thumb Code   792  stm32f1xx_hal_gpio.o(i.HAL_GPIO_Init)
    HAL_GPIO_ReadPin                         0x0800223d   Thumb Code    16  stm32f1xx_hal_gpio.o(i.HAL_GPIO_ReadPin)
    HAL_GPIO_TogglePin                       0x0800224d   Thumb Code    20  stm32f1xx_hal_gpio.o(i.HAL_GPIO_TogglePin)
    HAL_GPIO_WritePin                        0x08002261   Thumb Code    12  stm32f1xx_hal_gpio.o(i.HAL_GPIO_WritePin)
    HAL_GetTick                              0x0800226d   Thumb Code     6  stm32f1xx_hal.o(i.HAL_GetTick)
    HAL_IncTick                              0x08002279   Thumb Code    16  stm32f1xx_hal.o(i.HAL_IncTick)
    HAL_Init                                 0x08002291   Thumb Code    34  stm32f1xx_hal.o(i.HAL_Init)
    HAL_InitTick                             0x080022b9   Thumb Code   118  stm32f1xx_hal_timebase_tim.o(i.HAL_InitTick)
    HAL_MspInit                              0x08002341   Thumb Code    86  stm32f1xx_hal_msp.o(i.HAL_MspInit)
    HAL_NVIC_EnableIRQ                       0x080023a1   Thumb Code    32  stm32f1xx_hal_cortex.o(i.HAL_NVIC_EnableIRQ)
    HAL_NVIC_SetPriority                     0x080023c1   Thumb Code   124  stm32f1xx_hal_cortex.o(i.HAL_NVIC_SetPriority)
    HAL_NVIC_SetPriorityGrouping             0x0800243d   Thumb Code    32  stm32f1xx_hal_cortex.o(i.HAL_NVIC_SetPriorityGrouping)
    HAL_RCC_ClockConfig                      0x08002465   Thumb Code   376  stm32f1xx_hal_rcc.o(i.HAL_RCC_ClockConfig)
    HAL_RCC_GetClockConfig                   0x080025f1   Thumb Code    58  stm32f1xx_hal_rcc.o(i.HAL_RCC_GetClockConfig)
    HAL_RCC_GetHCLKFreq                      0x08002635   Thumb Code     6  stm32f1xx_hal_rcc.o(i.HAL_RCC_GetHCLKFreq)
    HAL_RCC_GetPCLK1Freq                     0x08002641   Thumb Code    22  stm32f1xx_hal_rcc.o(i.HAL_RCC_GetPCLK1Freq)
    HAL_RCC_GetPCLK2Freq                     0x08002661   Thumb Code    22  stm32f1xx_hal_rcc.o(i.HAL_RCC_GetPCLK2Freq)
    HAL_RCC_GetSysClockFreq                  0x08002681   Thumb Code   116  stm32f1xx_hal_rcc.o(i.HAL_RCC_GetSysClockFreq)
    HAL_RCC_OscConfig                        0x08002715   Thumb Code  1114  stm32f1xx_hal_rcc.o(i.HAL_RCC_OscConfig)
    HAL_TIMEx_BreakCallback                  0x08002b79   Thumb Code     2  stm32f1xx_hal_tim_ex.o(i.HAL_TIMEx_BreakCallback)
    HAL_TIMEx_CommutCallback                 0x08002b7b   Thumb Code     2  stm32f1xx_hal_tim_ex.o(i.HAL_TIMEx_CommutCallback)
    HAL_TIMEx_ConfigBreakDeadTime            0x08002b7d   Thumb Code   116  stm32f1xx_hal_tim_ex.o(i.HAL_TIMEx_ConfigBreakDeadTime)
    HAL_TIMEx_MasterConfigSynchronization    0x08002bf1   Thumb Code   134  stm32f1xx_hal_tim_ex.o(i.HAL_TIMEx_MasterConfigSynchronization)
    HAL_TIM_Base_Init                        0x08002c8d   Thumb Code   102  stm32f1xx_hal_tim.o(i.HAL_TIM_Base_Init)
    HAL_TIM_Base_MspInit                     0x08002cf5   Thumb Code   562  tim.o(i.HAL_TIM_Base_MspInit)
    HAL_TIM_Base_Start_IT                    0x08002f4d   Thumb Code   122  stm32f1xx_hal_tim.o(i.HAL_TIM_Base_Start_IT)
    HAL_TIM_ConfigClockSource                0x08002fdd   Thumb Code   264  stm32f1xx_hal_tim.o(i.HAL_TIM_ConfigClockSource)
    HAL_TIM_IC_CaptureCallback               0x080030e5   Thumb Code  3436  encoder.o(i.HAL_TIM_IC_CaptureCallback)
    HAL_TIM_IC_ConfigChannel                 0x08003e55   Thumb Code   212  stm32f1xx_hal_tim.o(i.HAL_TIM_IC_ConfigChannel)
    HAL_TIM_IC_Init                          0x08003f29   Thumb Code   102  stm32f1xx_hal_tim.o(i.HAL_TIM_IC_Init)
    HAL_TIM_IC_MspInit                       0x08003f8f   Thumb Code     2  stm32f1xx_hal_tim.o(i.HAL_TIM_IC_MspInit)
    HAL_TIM_IC_Start_IT                      0x08003f91   Thumb Code   348  stm32f1xx_hal_tim.o(i.HAL_TIM_IC_Start_IT)
    HAL_TIM_IC_Stop_IT                       0x08004101   Thumb Code   214  stm32f1xx_hal_tim.o(i.HAL_TIM_IC_Stop_IT)
    HAL_TIM_IRQHandler                       0x080041d7   Thumb Code   406  stm32f1xx_hal_tim.o(i.HAL_TIM_IRQHandler)
    HAL_TIM_MspPostInit                      0x0800436d   Thumb Code   134  tim.o(i.HAL_TIM_MspPostInit)
    HAL_TIM_OC_DelayElapsedCallback          0x08004409   Thumb Code     2  stm32f1xx_hal_tim.o(i.HAL_TIM_OC_DelayElapsedCallback)
    HAL_TIM_PWM_ConfigChannel                0x0800440b   Thumb Code   252  stm32f1xx_hal_tim.o(i.HAL_TIM_PWM_ConfigChannel)
    HAL_TIM_PWM_Init                         0x08004507   Thumb Code   102  stm32f1xx_hal_tim.o(i.HAL_TIM_PWM_Init)
    HAL_TIM_PWM_MspInit                      0x0800456d   Thumb Code     2  stm32f1xx_hal_tim.o(i.HAL_TIM_PWM_MspInit)
    HAL_TIM_PWM_PulseFinishedCallback        0x0800456f   Thumb Code     2  stm32f1xx_hal_tim.o(i.HAL_TIM_PWM_PulseFinishedCallback)
    HAL_TIM_PWM_Start                        0x08004571   Thumb Code   222  stm32f1xx_hal_tim.o(i.HAL_TIM_PWM_Start)
    HAL_TIM_PeriodElapsedCallback            0x08004665   Thumb Code    18  main.o(i.HAL_TIM_PeriodElapsedCallback)
    HAL_TIM_ReadCapturedValue                0x0800467d   Thumb Code    50  stm32f1xx_hal_tim.o(i.HAL_TIM_ReadCapturedValue)
    HAL_TIM_TriggerCallback                  0x080046af   Thumb Code     2  stm32f1xx_hal_tim.o(i.HAL_TIM_TriggerCallback)
    HAL_UARTEx_RxEventCallback               0x080046b1   Thumb Code     2  stm32f1xx_hal_uart.o(i.HAL_UARTEx_RxEventCallback)
    HAL_UART_DMAStop                         0x080046b3   Thumb Code   102  stm32f1xx_hal_uart.o(i.HAL_UART_DMAStop)
    HAL_UART_ErrorCallback                   0x08004719   Thumb Code     2  stm32f1xx_hal_uart.o(i.HAL_UART_ErrorCallback)
    HAL_UART_IRQHandler                      0x0800471d   Thumb Code   582  stm32f1xx_hal_uart.o(i.HAL_UART_IRQHandler)
    HAL_UART_Init                            0x08004969   Thumb Code   114  stm32f1xx_hal_uart.o(i.HAL_UART_Init)
    HAL_UART_MspInit                         0x080049dd   Thumb Code   700  usart.o(i.HAL_UART_MspInit)
    HAL_UART_Receive_DMA                     0x08004cd1   Thumb Code    66  stm32f1xx_hal_uart.o(i.HAL_UART_Receive_DMA)
    HAL_UART_RxCpltCallback                  0x08004d13   Thumb Code     2  stm32f1xx_hal_uart.o(i.HAL_UART_RxCpltCallback)
    HAL_UART_RxHalfCpltCallback              0x08004d15   Thumb Code     2  stm32f1xx_hal_uart.o(i.HAL_UART_RxHalfCpltCallback)
    HAL_UART_TxCpltCallback                  0x08004d17   Thumb Code     2  stm32f1xx_hal_uart.o(i.HAL_UART_TxCpltCallback)
    HardFault_Handler                        0x08004d19   Thumb Code     4  stm32f1xx_it.o(i.HardFault_Handler)
    IIC_Ack                                  0x08004d1d   Thumb Code    62  iic.o(i.IIC_Ack)
    IIC_Init                                 0x08004d61   Thumb Code    78  iic.o(i.IIC_Init)
    IIC_NAck                                 0x08004db9   Thumb Code    62  iic.o(i.IIC_NAck)
    IIC_Read_Byte                            0x08004dfd   Thumb Code    90  iic.o(i.IIC_Read_Byte)
    IIC_Send_Byte                            0x08004e5d   Thumb Code   102  iic.o(i.IIC_Send_Byte)
    IIC_Start                                0x08004ec9   Thumb Code    62  iic.o(i.IIC_Start)
    IIC_Stop                                 0x08004f0d   Thumb Code    62  iic.o(i.IIC_Stop)
    IIC_Wait_Ack                             0x08004f51   Thumb Code    86  iic.o(i.IIC_Wait_Ack)
    LED_init                                 0x08004fad   Thumb Code    84  start_task.o(i.LED_init)
    LED_twinkle                              0x08005009   Thumb Code    14  start_task.o(i.LED_twinkle)
    Line_Scan                                0x0800501d   Thumb Code   326  scaner.o(i.Line_Scan)
    MX_DMA_Init                              0x0800517d   Thumb Code   106  dma.o(i.MX_DMA_Init)
    MX_GPIO_Init                             0x080051ed   Thumb Code   230  gpio.o(i.MX_GPIO_Init)
    MX_TIM1_Init                             0x080052e5   Thumb Code   256  tim.o(i.MX_TIM1_Init)
    MX_TIM2_Init                             0x080053ed   Thumb Code   170  tim.o(i.MX_TIM2_Init)
    MX_TIM3_Init                             0x0800549d   Thumb Code   168  tim.o(i.MX_TIM3_Init)
    MX_TIM4_Init                             0x0800554d   Thumb Code   168  tim.o(i.MX_TIM4_Init)
    MX_TIM5_Init                             0x080055fd   Thumb Code   168  tim.o(i.MX_TIM5_Init)
    MX_TIM8_Init                             0x080056ad   Thumb Code   256  tim.o(i.MX_TIM8_Init)
    MX_UART4_Init                            0x080057b5   Thumb Code    46  usart.o(i.MX_UART4_Init)
    MX_UART5_Init                            0x080057ed   Thumb Code    46  usart.o(i.MX_UART5_Init)
    MX_USART3_UART_Init                      0x08005825   Thumb Code    46  usart.o(i.MX_USART3_UART_Init)
    MemManage_Handler                        0x0800585d   Thumb Code     4  stm32f1xx_it.o(i.MemManage_Handler)
    NMI_Handler                              0x08005861   Thumb Code     4  stm32f1xx_it.o(i.NMI_Handler)
    Rudder_Init                              0x0800588d   Thumb Code   118  rudder_control.o(i.Rudder_Init)
    Rudder_ReadOneByte                       0x0800590d   Thumb Code    60  rudder_control.o(i.Rudder_ReadOneByte)
    Rudder_WriteOneByte                      0x08005949   Thumb Code    52  rudder_control.o(i.Rudder_WriteOneByte)
    Rudder_control                           0x0800597d   Thumb Code    70  rudder_control.o(i.Rudder_control)
    SDA                                      0x080059c9   Thumb Code    54  iic.o(i.SDA)
    Start_task                               0x08005a05   Thumb Code    30  start_task.o(i.Start_task)
    Start_task_create                        0x08005a29   Thumb Code    24  start_task.o(i.Start_task_create)
    SysTick_Handler                          0x08005a55   Thumb Code    46  port.o(i.SysTick_Handler)
    SystemClock_Config                       0x08005a89   Thumb Code   102  main.o(i.SystemClock_Config)
    SystemInit                               0x08005aef   Thumb Code     2  system_stm32f1xx.o(i.SystemInit)
    TIM2_IRQHandler                          0x08005af1   Thumb Code    10  stm32f1xx_it.o(i.TIM2_IRQHandler)
    TIM3_IRQHandler                          0x08005b01   Thumb Code    10  stm32f1xx_it.o(i.TIM3_IRQHandler)
    TIM4_IRQHandler                          0x08005b11   Thumb Code    10  stm32f1xx_it.o(i.TIM4_IRQHandler)
    TIM5_IRQHandler                          0x08005b21   Thumb Code    10  stm32f1xx_it.o(i.TIM5_IRQHandler)
    TIM6_IRQHandler                          0x08005b31   Thumb Code   152  delay.o(i.TIM6_IRQHandler)
    TIM7_IRQHandler                          0x08005be1   Thumb Code    10  stm32f1xx_it.o(i.TIM7_IRQHandler)
    TIM_Base_SetConfig                       0x08005bf1   Thumb Code   134  stm32f1xx_hal_tim.o(i.TIM_Base_SetConfig)
    TIM_CCxChannelCmd                        0x08005c8d   Thumb Code    34  stm32f1xx_hal_tim.o(i.TIM_CCxChannelCmd)
    TIM_ETR_SetConfig                        0x08005caf   Thumb Code    22  stm32f1xx_hal_tim.o(i.TIM_ETR_SetConfig)
    TIM_OC2_SetConfig                        0x08005d49   Thumb Code   114  stm32f1xx_hal_tim.o(i.TIM_OC2_SetConfig)
    TIM_TI1_SetConfig                        0x08005eb9   Thumb Code   102  stm32f1xx_hal_tim.o(i.TIM_TI1_SetConfig)
    Turn_Angle                               0x0800600d   Thumb Code   206  turn.o(i.Turn_Angle)
    UART4_IRQHandler                         0x08006105   Thumb Code   362  gyro.o(i.UART4_IRQHandler)
    UART5_IRQHandler                         0x08006291   Thumb Code    10  stm32f1xx_it.o(i.UART5_IRQHandler)
    UART_Start_Receive_DMA                   0x080065d9   Thumb Code   138  stm32f1xx_hal_uart.o(i.UART_Start_Receive_DMA)
    USART2_IRQHandler                        0x080066d1   Thumb Code   350  c8t6.o(i.USART2_IRQHandler)
    USART3_IRQHandler                        0x0800685d   Thumb Code   272  light.o(i.USART3_IRQHandler)
    UsageFault_Handler                       0x08006991   Thumb Code     4  stm32f1xx_it.o(i.UsageFault_Handler)
    Zhuang                                   0x08006995   Thumb Code   106  turn.o(i.Zhuang)
    __0printf                                0x08006a19   Thumb Code    22  printfa.o(i.__0printf)
    __1printf                                0x08006a19   Thumb Code     0  printfa.o(i.__0printf)
    __2printf                                0x08006a19   Thumb Code     0  printfa.o(i.__0printf)
    __c89printf                              0x08006a19   Thumb Code     0  printfa.o(i.__0printf)
    printf                                   0x08006a19   Thumb Code     0  printfa.o(i.__0printf)
    __scatterload_copy                       0x08006a71   Thumb Code    14  handlers.o(i.__scatterload_copy)
    __scatterload_null                       0x08006a7f   Thumb Code     2  handlers.o(i.__scatterload_null)
    __scatterload_zeroinit                   0x08006a81   Thumb Code    14  handlers.o(i.__scatterload_zeroinit)
    buzzer_init                              0x08007345   Thumb Code    48  buzzer.o(i.buzzer_init)
    buzzer_off                               0x08007379   Thumb Code    14  buzzer.o(i.buzzer_off)
    buzzer_on                                0x0800738d   Thumb Code    16  buzzer.o(i.buzzer_on)
    delay_init                               0x080073a1   Thumb Code    84  delay.o(i.delay_init)
    delay_ms                                 0x08007401   Thumb Code    26  delay.o(i.delay_ms)
    delay_us                                 0x0800741d   Thumb Code    18  delay.o(i.delay_us)
    encoder_clear                            0x08007435   Thumb Code    98  encoder.o(i.encoder_clear)
    floor                                    0x080074b5   Thumb Code   204  floor.o(i.floor)
    fputc                                    0x08007591   Thumb Code    60  uart.o(i.fputc)
    getAngleZ                                0x080075d9   Thumb Code    60  turn.o(i.getAngleZ)
    get_freq                                 0x08007625   Thumb Code   126  rudder_control.o(i.get_freq)
    gradual_cal                              0x080076bd   Thumb Code     4  speed_ctrl.o(i.gradual_cal)
    gyro_init                                0x080076c1   Thumb Code    30  gyro.o(i.gyro_init)
    incremental_PID                          0x080076e9   Thumb Code   210  pid.o(i.incremental_PID)
    light_init                               0x080077bd   Thumb Code    30  light.o(i.light_init)
    main                                     0x080077e5   Thumb Code    64  main.o(i.main)
    main_task                                0x08007825   Thumb Code  4860  main_task.o(i.main_task)
    main_task_create                         0x08008b59   Thumb Code    24  main_task.o(i.main_task_create)
    motor_init                               0x08008b85   Thumb Code    72  motor.o(i.motor_init)
    motor_pid_clear                          0x08008bd5   Thumb Code    80  motor.o(i.motor_pid_clear)
    motor_set_pwm                            0x08008c35   Thumb Code   194  motor.o(i.motor_set_pwm)
    motor_task                               0x08008d05   Thumb Code   638  motor_task.o(i.motor_task)
    motor_task_create                        0x08008ff1   Thumb Code    24  motor_task.o(i.motor_task_create)
    mpuZreset                                0x0800901d   Thumb Code    20  turn.o(i.mpuZreset)
    need2turn                                0x08009035   Thumb Code    62  turn.o(i.need2turn)
    osKernelStart                            0x08009081   Thumb Code    10  cmsis_os.o(i.osKernelStart)
    pid_init                                 0x0800908d   Thumb Code   224  motor.o(i.pid_init)
    pid_mode_switch                          0x080091bd   Thumb Code   282  motor_task.o(i.pid_mode_switch)
    positional_PID                           0x080092f5   Thumb Code   198  pid.o(i.positional_PID)
    pvPortMalloc                             0x08009835   Thumb Code   296  heap_4.o(i.pvPortMalloc)
    pxPortInitialiseStack                    0x08009971   Thumb Code    30  port.o(i.pxPortInitialiseStack)
    read_addr                                0x08009995   Thumb Code     6  usmart.o(i.read_addr)
    runWithAngle                             0x0800999d   Thumb Code   280  turn.o(i.runWithAngle)
    scaner_init                              0x08009ae9   Thumb Code   164  scaner.o(i.scaner_init)
    speed_clear                              0x08009b9d   Thumb Code    20  motor_task.o(i.speed_clear)
    uart_init                                0x08009bc1   Thumb Code    34  uart.o(i.uart_init)
    user_init                                0x08009bed   Thumb Code    62  start_task.o(i.user_init)
    usmart_cmd_rec                           0x08009c31   Thumb Code   170  usmart.o(i.usmart_cmd_rec)
    usmart_exe                               0x08009ce1   Thumb Code   624  usmart.o(i.usmart_exe)
    usmart_get_aparm                         0x08009fad   Thumb Code   212  usmart_str.o(i.usmart_get_aparm)
    usmart_get_cmdname                       0x0800a081   Thumb Code    54  usmart_str.o(i.usmart_get_cmdname)
    usmart_get_fname                         0x0800a0b9   Thumb Code   440  usmart_str.o(i.usmart_get_fname)
    usmart_get_fparam                        0x0800a279   Thumb Code   262  usmart_str.o(i.usmart_get_fparam)
    usmart_get_parmpos                       0x0800a385   Thumb Code    26  usmart_str.o(i.usmart_get_parmpos)
    usmart_init                              0x0800a3a5   Thumb Code     8  usmart.o(i.usmart_init)
    usmart_pid                               0x0800a3b1   Thumb Code   218  motor.o(i.usmart_pid)
    usmart_pow                               0x0800a4d5   Thumb Code    22  usmart_str.o(i.usmart_pow)
    usmart_scan                              0x0800a4ed   Thumb Code   120  usmart.o(i.usmart_scan)
    usmart_search_nextc                      0x0800a5a9   Thumb Code    22  usmart_str.o(i.usmart_search_nextc)
    usmart_str2num                           0x0800a5bf   Thumb Code   262  usmart_str.o(i.usmart_str2num)
    usmart_strcmp                            0x0800a6c5   Thumb Code    34  usmart_str.o(i.usmart_strcmp)
    usmart_strcopy                           0x0800a6e7   Thumb Code    22  usmart_str.o(i.usmart_strcopy)
    usmart_strlen                            0x0800a6fd   Thumb Code    24  usmart_str.o(i.usmart_strlen)
    usmart_sys_cmd_exe                       0x0800a715   Thumb Code  1546  usmart.o(i.usmart_sys_cmd_exe)
    uxListRemove                             0x0800adbd   Thumb Code    40  list.o(i.uxListRemove)
    vApplicationGetIdleTaskMemory            0x0800ade5   Thumb Code    14  freertos.o(i.vApplicationGetIdleTaskMemory)
    vListInitialise                          0x0800adfd   Thumb Code    26  list.o(i.vListInitialise)
    vListInitialiseItem                      0x0800ae17   Thumb Code     6  list.o(i.vListInitialiseItem)
    vListInsert                              0x0800ae1d   Thumb Code    52  list.o(i.vListInsert)
    vListInsertEnd                           0x0800ae51   Thumb Code    24  list.o(i.vListInsertEnd)
    vPortEnterCritical                       0x0800ae69   Thumb Code    76  port.o(i.vPortEnterCritical)
    vPortExitCritical                        0x0800aebd   Thumb Code    56  port.o(i.vPortExitCritical)
    vPortFree                                0x0800aef9   Thumb Code   140  heap_4.o(i.vPortFree)
    vPortSetupTimerInterrupt                 0x0800af8d   Thumb Code    36  port.o(i.vPortSetupTimerInterrupt)
    vTaskDelay                               0x0800afb5   Thumb Code    82  tasks.o(i.vTaskDelay)
    vTaskDelayUntil                          0x0800b011   Thumb Code   200  tasks.o(i.vTaskDelayUntil)
    vTaskDelete                              0x0800b0e5   Thumb Code   202  tasks.o(i.vTaskDelete)
    vTaskStartScheduler                      0x0800b1d9   Thumb Code   146  tasks.o(i.vTaskStartScheduler)
    vTaskSuspendAll                          0x0800b289   Thumb Code    12  tasks.o(i.vTaskSuspendAll)
    vTaskSwitchContext                       0x0800b299   Thumb Code   118  tasks.o(i.vTaskSwitchContext)
    voice_init                               0x0800b325   Thumb Code    38  voice.o(i.voice_init)
    write_addr                               0x0800b375   Thumb Code     4  usmart.o(i.write_addr)
    xPortStartScheduler                      0x0800b379   Thumb Code   228  port.o(i.xPortStartScheduler)
    xTaskCreate                              0x0800b471   Thumb Code   100  tasks.o(i.xTaskCreate)
    xTaskCreateStatic                        0x0800b4d5   Thumb Code   184  tasks.o(i.xTaskCreateStatic)
    xTaskGetTickCount                        0x0800b58d   Thumb Code     6  tasks.o(i.xTaskGetTickCount)
    xTaskIncrementTick                       0x0800b599   Thumb Code   282  tasks.o(i.xTaskIncrementTick)
    xTaskResumeAll                           0x0800b6e1   Thumb Code   224  tasks.o(i.xTaskResumeAll)
    AHBPrescTable                            0x0800b7e4   Data          16  system_stm32f1xx.o(.constdata)
    APBPrescTable                            0x0800b7f4   Data           8  system_stm32f1xx.o(.constdata)
    line_weight                              0x0800b7fc   Data          32  scaner.o(.constdata)
    Region$$Table$$Base                      0x0800b94c   Number         0  anon$$obj.o(Region$$Table)
    Region$$Table$$Limit                     0x0800b96c   Number         0  anon$$obj.o(Region$$Table)
    uwTick                                   0x20000000   Data           4  stm32f1xx_hal.o(.data)
    uwTickPrio                               0x20000004   Data           4  stm32f1xx_hal.o(.data)
    uwTickFreq                               0x20000008   Data           1  stm32f1xx_hal.o(.data)
    SystemCoreClock                          0x2000000c   Data           4  system_stm32f1xx.o(.data)
    pxCurrentTCB                             0x20000010   Data           4  tasks.o(.data)
    scaner_set                               0x20000070   Data           8  scaner.o(.data)
    L_R_open                                 0x20000078   Data           1  scaner.o(.data)
    x                                        0x2000007c   Data           4  turn.o(.data)
    y                                        0x20000080   Data           4  turn.o(.data)
    w                                        0x20000084   Data           4  turn.o(.data)
    chassis_w                                0x20000088   Data           4  turn.o(.data)
    Radius_                                  0x2000008c   Data          20  turn.o(.data)
    distance_model                           0x200000a0   Data           1  turn.o(.data)
    F_SPEED                                  0x200000a4   Data           4  turn.o(.data)
    R_SPEED                                  0x200000a8   Data           4  turn.o(.data)
    x_dir                                    0x200000ac   Data           1  turn.o(.data)
    y_dir                                    0x200000ad   Data           1  turn.o(.data)
    K                                        0x200000ae   Data           1  turn.o(.data)
    motor_all                                0x200000b0   Data          64  speed_ctrl.o(.data)
    print_mode                               0x200000f0   Data           1  uart.o(.data)
    __stdout                                 0x200000f4   Data           4  uart.o(.data)
    USART_RX_STA                             0x200000f8   Data           2  uart.o(.data)
    aRxBuffer                                0x200000fa   Data           1  uart.o(.data)
    sys_cmd_tab                              0x200000fc   Data          28  usmart.o(.data)
    usmart_nametab                           0x20000118   Data          32  usmart_config.o(.data)
    usmart_dev                               0x20000138   Data         244  usmart_config.o(.data)
    sys_time                                 0x2000022c   Data           4  delay.o(.data)
    imu_rx_len                               0x20000232   Data           1  gyro.o(.data)
    test                                     0x20000233   Data           1  rudder_control.o(.data)
    max_fliter                               0x20000234   Data           1  light.o(.data)
    distances                                0x20000238   Data           8  light.o(.data)
    light_rx_len                             0x20000240   Data           1  light.o(.data)
    QR_information                           0x20000248   Data           4  c8t6.o(.data)
    C8T6_rx_len                              0x2000024c   Data           1  c8t6.o(.data)
    OK                                       0x2000024d   Data           1  c8t6.o(.data)
    max_fliter_b                             0x2000024e   Data           1  c8t6.o(.data)
    aim_distance                             0x20000254   Data          16  main_task.o(.data)
    aim                                      0x20000264   Data           2  main_task.o(.data)
    temp                                     0x20000266   Data           1  main_task.o(.data)
    a                                        0x20000268   Data           4  main_task.o(.data)
    z_speed                                  0x2000026c   Data           4  main_task.o(.data)
    main_task_handler                        0x20000270   Data           4  main_task.o(.data)
    time_side                                0x20000274   Data           4  main_task.o(.data)
    time_middle                              0x20000278   Data           4  main_task.o(.data)
    task_mode                                0x2000027c   Data           4  main_task.o(.data)
    back_compensate                          0x20000280   Data           4  motor_task.o(.data)
    motor_handler                            0x20000284   Data           4  motor_task.o(.data)
    dirct                                    0x20000288   Data          16  motor_task.o(.data)
    PIDMode                                  0x20000298   Data           1  motor_task.o(.data)
    line_gyro_switch                         0x20000299   Data           1  motor_task.o(.data)
    find_line                                0x2000029a   Data           3  motor_task.o(.data)
    infrared                                 0x2000029d   Data           4  motor_task.o(.data)
    Start_handler                            0x200002a4   Data           4  start_task.o(.data)
    capture_Cnt                              0x200002a8   Data           4  encoder.o(.data)
    level_before                             0x200002ac   Data           4  encoder.o(.data)
    level_latter                             0x200002b0   Data           4  encoder.o(.data)
    frist_flag                               0x200002b4   Data           4  encoder.o(.data)
    temp_i                                   0x200002b8   Data           4  encoder.o(.data)
    dog                                      0x200002bc   Data           4  encoder.o(.data)
    htim1                                    0x20000514   Data          72  tim.o(.bss)
    htim2                                    0x2000055c   Data          72  tim.o(.bss)
    htim3                                    0x200005a4   Data          72  tim.o(.bss)
    htim4                                    0x200005ec   Data          72  tim.o(.bss)
    htim5                                    0x20000634   Data          72  tim.o(.bss)
    htim8                                    0x2000067c   Data          72  tim.o(.bss)
    huart4                                   0x200006c4   Data          68  usart.o(.bss)
    huart5                                   0x20000708   Data          68  usart.o(.bss)
    huart3                                   0x2000074c   Data          68  usart.o(.bss)
    huart2                                   0x20000790   Data          68  usart.o(.bss)
    hdma_uart4_rx                            0x200007d4   Data          68  usart.o(.bss)
    hdma_usart3_rx                           0x20000818   Data          68  usart.o(.bss)
    hdma_usart2_rx                           0x2000085c   Data          68  usart.o(.bss)
    htim7                                    0x200008a0   Data          72  stm32f1xx_hal_timebase_tim.o(.bss)
    Scaner                                   0x200059d8   Data          12  scaner.o(.bss)
    angle                                    0x200059e4   Data          12  turn.o(.bss)
    TC_speed                                 0x200059f0   Data          12  speed_ctrl.o(.bss)
    TG_speed                                 0x200059fc   Data          12  speed_ctrl.o(.bss)
    CG_speed                                 0x20005a08   Data          12  speed_ctrl.o(.bss)
    USART_RX_BUF                             0x20005a14   Data         200  uart.o(.bss)
    UART2_Handler                            0x20005adc   Data          68  uart.o(.bss)
    TIM6_Handler                             0x20005b20   Data          72  delay.o(.bss)
    imu                                      0x20005b68   Data          20  gyro.o(.bss)
    imu_rx_buf                               0x20005b7c   Data          20  gyro.o(.bss)
    light_rx_buf                             0x20005b90   Data          20  light.o(.bss)
    C8T6_rx_buf                              0x20005ba4   Data          20  c8t6.o(.bss)
    wheel_1                                  0x20005bb8   Data          88  encoder.o(.bss)
    wheel_2                                  0x20005c10   Data          88  encoder.o(.bss)
    wheel_3                                  0x20005c68   Data          88  encoder.o(.bss)
    wheel_4                                  0x20005cc0   Data          88  encoder.o(.bss)
    capture_Buf_before                       0x20005d18   Data          16  encoder.o(.bss)
    capture_Buf_latter                       0x20005d28   Data          16  encoder.o(.bss)
    high_time                                0x20005d38   Data          16  encoder.o(.bss)
    real_time                                0x20005d48   Data          16  encoder.o(.bss)
    direction                                0x20005d58   Data          16  encoder.o(.bss)
    pulse_num                                0x20005d68   Data          16  encoder.o(.bss)
    pulse_out                                0x20005d78   Data          16  encoder.o(.bss)
    temp_time                                0x20005d88   Data         128  encoder.o(.bss)
    motor_L0                                 0x20005e08   Data          24  motor.o(.bss)
    motor_L1                                 0x20005e20   Data          24  motor.o(.bss)
    motor_R0                                 0x20005e38   Data          24  motor.o(.bss)
    motor_R1                                 0x20005e50   Data          24  motor.o(.bss)
    L0_param                                 0x20005e68   Data          28  motor.o(.bss)
    L1_param                                 0x20005e84   Data          28  motor.o(.bss)
    R0_param                                 0x20005ea0   Data          28  motor.o(.bss)
    R1_param                                 0x20005ebc   Data          28  motor.o(.bss)
    line_pid_obj                             0x20005ed8   Data          28  motor.o(.bss)
    line_pid_param                           0x20005ef4   Data          28  motor.o(.bss)
    gyroT_pid                                0x20005f10   Data          28  motor.o(.bss)
    gyroG_pid                                0x20005f2c   Data          28  motor.o(.bss)
    gyroT_pid_param                          0x20005f48   Data          28  motor.o(.bss)
    gyroG_pid_param                          0x20005f64   Data          28  motor.o(.bss)
    F_Distance_pid_obj                       0x20005f80   Data          28  motor.o(.bss)
    R_Distance_pid_obj                       0x20005f9c   Data          28  motor.o(.bss)
    Distance_pid_param                       0x20005fb8   Data          28  motor.o(.bss)
    __initial_sp                             0x200063d8   Data           0  startup_stm32f103xe.o(STACK)



==============================================================================

Memory Map of the image

  Image Entry point : 0x08000131

  Load Region LR_IROM1 (Base: 0x08000000, Size: 0x0000bc2c, Max: 0x00040000, ABSOLUTE, COMPRESSED[0x0000b9f8])

    Execution Region ER_IROM1 (Exec base: 0x08000000, Load base: 0x08000000, Size: 0x0000b96c, Max: 0x00040000, ABSOLUTE)

    Exec Addr    Load Addr    Size         Type   Attr      Idx    E Section Name        Object

    0x08000000   0x08000000   0x00000130   Data   RO            3    RESET               startup_stm32f103xe.o
    0x08000130   0x08000130   0x00000000   Code   RO         5816  * .ARM.Collect$$$$00000000  mc_w.l(entry.o)
    0x08000130   0x08000130   0x00000004   Code   RO         6158    .ARM.Collect$$$$00000001  mc_w.l(entry2.o)
    0x08000134   0x08000134   0x00000004   Code   RO         6161    .ARM.Collect$$$$00000004  mc_w.l(entry5.o)
    0x08000138   0x08000138   0x00000000   Code   RO         6163    .ARM.Collect$$$$00000008  mc_w.l(entry7b.o)
    0x08000138   0x08000138   0x00000000   Code   RO         6165    .ARM.Collect$$$$0000000A  mc_w.l(entry8b.o)
    0x08000138   0x08000138   0x00000008   Code   RO         6166    .ARM.Collect$$$$0000000B  mc_w.l(entry9a.o)
    0x08000140   0x08000140   0x00000000   Code   RO         6168    .ARM.Collect$$$$0000000D  mc_w.l(entry10a.o)
    0x08000140   0x08000140   0x00000000   Code   RO         6170    .ARM.Collect$$$$0000000F  mc_w.l(entry11a.o)
    0x08000140   0x08000140   0x00000004   Code   RO         6159    .ARM.Collect$$$$00002712  mc_w.l(entry2.o)
    0x08000144   0x08000144   0x00000096   Code   RO         4255    .emb_text           port.o
    0x080001da   0x080001da   0x00000002   PAD
    0x080001dc   0x080001dc   0x00000024   Code   RO            4    .text               startup_stm32f103xe.o
    0x08000200   0x08000200   0x00000020   Code   RO         5819    .text               mc_w.l(llushr.o)
    0x08000220   0x08000220   0x00000040   Code   RO         5823    .text               mc_w.l(memmovea.o)
    0x08000260   0x08000260   0x00000024   Code   RO         5827    .text               mc_w.l(memseta.o)
    0x08000284   0x08000284   0x000000b0   Code   RO         6094    .text               mf_w.l(fadd.o)
    0x08000334   0x08000334   0x00000064   Code   RO         6096    .text               mf_w.l(fmul.o)
    0x08000398   0x08000398   0x0000007c   Code   RO         6098    .text               mf_w.l(fdiv.o)
    0x08000414   0x08000414   0x0000014e   Code   RO         6100    .text               mf_w.l(dadd.o)
    0x08000562   0x08000562   0x000000e4   Code   RO         6102    .text               mf_w.l(dmul.o)
    0x08000646   0x08000646   0x000000de   Code   RO         6104    .text               mf_w.l(ddiv.o)
    0x08000724   0x08000724   0x00000012   Code   RO         6106    .text               mf_w.l(fflti.o)
    0x08000736   0x08000736   0x0000000a   Code   RO         6108    .text               mf_w.l(ffltui.o)
    0x08000740   0x08000740   0x00000022   Code   RO         6110    .text               mf_w.l(dflti.o)
    0x08000762   0x08000762   0x0000001a   Code   RO         6112    .text               mf_w.l(dfltui.o)
    0x0800077c   0x0800077c   0x00000032   Code   RO         6114    .text               mf_w.l(ffixi.o)
    0x080007ae   0x080007ae   0x00000032   Code   RO         6116    .text               mf_w.l(dfixui.o)
    0x080007e0   0x080007e0   0x00000026   Code   RO         6118    .text               mf_w.l(f2d.o)
    0x08000806   0x08000806   0x00000002   PAD
    0x08000808   0x08000808   0x00000030   Code   RO         6120    .text               mf_w.l(cdcmple.o)
    0x08000838   0x08000838   0x00000030   Code   RO         6122    .text               mf_w.l(cdrcmple.o)
    0x08000868   0x08000868   0x00000038   Code   RO         6124    .text               mf_w.l(d2f.o)
    0x080008a0   0x080008a0   0x00000014   Code   RO         6126    .text               mf_w.l(cfcmple.o)
    0x080008b4   0x080008b4   0x00000014   Code   RO         6128    .text               mf_w.l(cfrcmple.o)
    0x080008c8   0x080008c8   0x0000002c   Code   RO         6172    .text               mc_w.l(uidiv.o)
    0x080008f4   0x080008f4   0x00000062   Code   RO         6174    .text               mc_w.l(uldiv.o)
    0x08000956   0x08000956   0x0000001e   Code   RO         6176    .text               mc_w.l(llshl.o)
    0x08000974   0x08000974   0x00000024   Code   RO         6178    .text               mc_w.l(llsshr.o)
    0x08000998   0x08000998   0x00000000   Code   RO         6187    .text               mc_w.l(iusefp.o)
    0x08000998   0x08000998   0x0000006e   Code   RO         6188    .text               mf_w.l(fepilogue.o)
    0x08000a06   0x08000a06   0x000000ba   Code   RO         6190    .text               mf_w.l(depilogue.o)
    0x08000ac0   0x08000ac0   0x00000030   Code   RO         6192    .text               mf_w.l(dfixul.o)
    0x08000af0   0x08000af0   0x00000024   Code   RO         6198    .text               mc_w.l(init.o)
    0x08000b14   0x08000b14   0x00000056   Code   RO         6212    .text               mc_w.l(__dczerorl2.o)
    0x08000b6a   0x08000b6a   0x00000004   Code   RO          436    i.BusFault_Handler  stm32f1xx_it.o
    0x08000b6e   0x08000b6e   0x00000002   PAD
    0x08000b70   0x08000b70   0x00000028   Code   RO         5285    i.C8T6_init         c8t6.o
    0x08000b98   0x08000b98   0x00000030   Code   RO         4589    i.CarBrake          speed_ctrl.o
    0x08000bc8   0x08000bc8   0x00000010   Code   RO          437    i.DMA1_Channel3_IRQHandler  stm32f1xx_it.o
    0x08000bd8   0x08000bd8   0x00000010   Code   RO          438    i.DMA1_Channel6_IRQHandler  stm32f1xx_it.o
    0x08000be8   0x08000be8   0x00000010   Code   RO          439    i.DMA2_Channel3_IRQHandler  stm32f1xx_it.o
    0x08000bf8   0x08000bf8   0x0000002c   Code   RO         1030    i.DMA_SetConfig     stm32f1xx_hal_dma.o
    0x08000c24   0x08000c24   0x00000002   Code   RO          440    i.DebugMon_Handler  stm32f1xx_it.o
    0x08000c26   0x08000c26   0x00000002   PAD
    0x08000c28   0x08000c28   0x0000046c   Code   RO         4501    i.Distance_run      turn.o
    0x08001094   0x08001094   0x0000054c   Code   RO         5710    i.Encoder_init      encoder.o
    0x080015e0   0x080015e0   0x00000006   Code   RO           13    i.Error_Handler     main.o
    0x080015e6   0x080015e6   0x00000002   PAD
    0x080015e8   0x080015e8   0x00000140   Code   RO         5562    i.GET_MOTOR         motor_task.o
    0x08001728   0x08001728   0x00000088   Code   RO         5626    i.GYRO_Start        start_task.o
    0x080017b0   0x080017b0   0x0000008c   Code   RO         4430    i.Go_Line           scaner.o
    0x0800183c   0x0800183c   0x00000056   Code   RO         1031    i.HAL_DMA_Abort     stm32f1xx_hal_dma.o
    0x08001892   0x08001892   0x00000002   PAD
    0x08001894   0x08001894   0x000001a8   Code   RO         1032    i.HAL_DMA_Abort_IT  stm32f1xx_hal_dma.o
    0x08001a3c   0x08001a3c   0x00000398   Code   RO         1036    i.HAL_DMA_IRQHandler  stm32f1xx_hal_dma.o
    0x08001dd4   0x08001dd4   0x0000008c   Code   RO         1037    i.HAL_DMA_Init      stm32f1xx_hal_dma.o
    0x08001e60   0x08001e60   0x0000009c   Code   RO         1041    i.HAL_DMA_Start_IT  stm32f1xx_hal_dma.o
    0x08001efc   0x08001efc   0x00000340   Code   RO          967    i.HAL_GPIO_Init     stm32f1xx_hal_gpio.o
    0x0800223c   0x0800223c   0x00000010   Code   RO          969    i.HAL_GPIO_ReadPin  stm32f1xx_hal_gpio.o
    0x0800224c   0x0800224c   0x00000014   Code   RO          970    i.HAL_GPIO_TogglePin  stm32f1xx_hal_gpio.o
    0x08002260   0x08002260   0x0000000c   Code   RO          971    i.HAL_GPIO_WritePin  stm32f1xx_hal_gpio.o
    0x0800226c   0x0800226c   0x0000000c   Code   RO          658    i.HAL_GetTick       stm32f1xx_hal.o
    0x08002278   0x08002278   0x00000018   Code   RO          664    i.HAL_IncTick       stm32f1xx_hal.o
    0x08002290   0x08002290   0x00000028   Code   RO          665    i.HAL_Init          stm32f1xx_hal.o
    0x080022b8   0x080022b8   0x00000088   Code   RO          572    i.HAL_InitTick      stm32f1xx_hal_timebase_tim.o
    0x08002340   0x08002340   0x00000060   Code   RO          548    i.HAL_MspInit       stm32f1xx_hal_msp.o
    0x080023a0   0x080023a0   0x00000020   Code   RO         1127    i.HAL_NVIC_EnableIRQ  stm32f1xx_hal_cortex.o
    0x080023c0   0x080023c0   0x0000007c   Code   RO         1133    i.HAL_NVIC_SetPriority  stm32f1xx_hal_cortex.o
    0x0800243c   0x0800243c   0x00000028   Code   RO         1134    i.HAL_NVIC_SetPriorityGrouping  stm32f1xx_hal_cortex.o
    0x08002464   0x08002464   0x0000018c   Code   RO          822    i.HAL_RCC_ClockConfig  stm32f1xx_hal_rcc.o
    0x080025f0   0x080025f0   0x00000044   Code   RO          826    i.HAL_RCC_GetClockConfig  stm32f1xx_hal_rcc.o
    0x08002634   0x08002634   0x0000000c   Code   RO          827    i.HAL_RCC_GetHCLKFreq  stm32f1xx_hal_rcc.o
    0x08002640   0x08002640   0x00000020   Code   RO          829    i.HAL_RCC_GetPCLK1Freq  stm32f1xx_hal_rcc.o
    0x08002660   0x08002660   0x00000020   Code   RO          830    i.HAL_RCC_GetPCLK2Freq  stm32f1xx_hal_rcc.o
    0x08002680   0x08002680   0x00000094   Code   RO          831    i.HAL_RCC_GetSysClockFreq  stm32f1xx_hal_rcc.o
    0x08002714   0x08002714   0x00000464   Code   RO          834    i.HAL_RCC_OscConfig  stm32f1xx_hal_rcc.o
    0x08002b78   0x08002b78   0x00000002   Code   RO         2370    i.HAL_TIMEx_BreakCallback  stm32f1xx_hal_tim_ex.o
    0x08002b7a   0x08002b7a   0x00000002   Code   RO         2371    i.HAL_TIMEx_CommutCallback  stm32f1xx_hal_tim_ex.o
    0x08002b7c   0x08002b7c   0x00000074   Code   RO         2373    i.HAL_TIMEx_ConfigBreakDeadTime  stm32f1xx_hal_tim_ex.o
    0x08002bf0   0x08002bf0   0x0000009c   Code   RO         2389    i.HAL_TIMEx_MasterConfigSynchronization  stm32f1xx_hal_tim_ex.o
    0x08002c8c   0x08002c8c   0x00000066   Code   RO         1655    i.HAL_TIM_Base_Init  stm32f1xx_hal_tim.o
    0x08002cf2   0x08002cf2   0x00000002   PAD
    0x08002cf4   0x08002cf4   0x00000258   Code   RO          305    i.HAL_TIM_Base_MspInit  tim.o
    0x08002f4c   0x08002f4c   0x00000090   Code   RO         1660    i.HAL_TIM_Base_Start_IT  stm32f1xx_hal_tim.o
    0x08002fdc   0x08002fdc   0x00000108   Code   RO         1664    i.HAL_TIM_ConfigClockSource  stm32f1xx_hal_tim.o
    0x080030e4   0x080030e4   0x00000d70   Code   RO         5711    i.HAL_TIM_IC_CaptureCallback  encoder.o
    0x08003e54   0x08003e54   0x000000d4   Code   RO         1691    i.HAL_TIM_IC_ConfigChannel  stm32f1xx_hal_tim.o
    0x08003f28   0x08003f28   0x00000066   Code   RO         1694    i.HAL_TIM_IC_Init   stm32f1xx_hal_tim.o
    0x08003f8e   0x08003f8e   0x00000002   Code   RO         1696    i.HAL_TIM_IC_MspInit  stm32f1xx_hal_tim.o
    0x08003f90   0x08003f90   0x00000170   Code   RO         1699    i.HAL_TIM_IC_Start_IT  stm32f1xx_hal_tim.o
    0x08004100   0x08004100   0x000000d6   Code   RO         1702    i.HAL_TIM_IC_Stop_IT  stm32f1xx_hal_tim.o
    0x080041d6   0x080041d6   0x00000196   Code   RO         1703    i.HAL_TIM_IRQHandler  stm32f1xx_hal_tim.o
    0x0800436c   0x0800436c   0x0000009c   Code   RO          306    i.HAL_TIM_MspPostInit  tim.o
    0x08004408   0x08004408   0x00000002   Code   RO         1706    i.HAL_TIM_OC_DelayElapsedCallback  stm32f1xx_hal_tim.o
    0x0800440a   0x0800440a   0x000000fc   Code   RO         1727    i.HAL_TIM_PWM_ConfigChannel  stm32f1xx_hal_tim.o
    0x08004506   0x08004506   0x00000066   Code   RO         1730    i.HAL_TIM_PWM_Init  stm32f1xx_hal_tim.o
    0x0800456c   0x0800456c   0x00000002   Code   RO         1732    i.HAL_TIM_PWM_MspInit  stm32f1xx_hal_tim.o
    0x0800456e   0x0800456e   0x00000002   Code   RO         1733    i.HAL_TIM_PWM_PulseFinishedCallback  stm32f1xx_hal_tim.o
    0x08004570   0x08004570   0x000000f4   Code   RO         1735    i.HAL_TIM_PWM_Start  stm32f1xx_hal_tim.o
    0x08004664   0x08004664   0x00000018   Code   RO           14    i.HAL_TIM_PeriodElapsedCallback  main.o
    0x0800467c   0x0800467c   0x00000032   Code   RO         1743    i.HAL_TIM_ReadCapturedValue  stm32f1xx_hal_tim.o
    0x080046ae   0x080046ae   0x00000002   Code   RO         1746    i.HAL_TIM_TriggerCallback  stm32f1xx_hal_tim.o
    0x080046b0   0x080046b0   0x00000002   Code   RO         2648    i.HAL_UARTEx_RxEventCallback  stm32f1xx_hal_uart.o
    0x080046b2   0x080046b2   0x00000066   Code   RO         2660    i.HAL_UART_DMAStop  stm32f1xx_hal_uart.o
    0x08004718   0x08004718   0x00000002   Code   RO         2662    i.HAL_UART_ErrorCallback  stm32f1xx_hal_uart.o
    0x0800471a   0x0800471a   0x00000002   PAD
    0x0800471c   0x0800471c   0x0000024c   Code   RO         2665    i.HAL_UART_IRQHandler  stm32f1xx_hal_uart.o
    0x08004968   0x08004968   0x00000072   Code   RO         2666    i.HAL_UART_Init     stm32f1xx_hal_uart.o
    0x080049da   0x080049da   0x00000002   PAD
    0x080049dc   0x080049dc   0x000002f4   Code   RO          383    i.HAL_UART_MspInit  usart.o
    0x08004cd0   0x08004cd0   0x00000042   Code   RO         2670    i.HAL_UART_Receive_DMA  stm32f1xx_hal_uart.o
    0x08004d12   0x08004d12   0x00000002   Code   RO         2672    i.HAL_UART_RxCpltCallback  stm32f1xx_hal_uart.o
    0x08004d14   0x08004d14   0x00000002   Code   RO         2673    i.HAL_UART_RxHalfCpltCallback  stm32f1xx_hal_uart.o
    0x08004d16   0x08004d16   0x00000002   Code   RO         2677    i.HAL_UART_TxCpltCallback  stm32f1xx_hal_uart.o
    0x08004d18   0x08004d18   0x00000004   Code   RO          441    i.HardFault_Handler  stm32f1xx_it.o
    0x08004d1c   0x08004d1c   0x00000044   Code   RO         5098    i.IIC_Ack           iic.o
    0x08004d60   0x08004d60   0x00000058   Code   RO         5099    i.IIC_Init          iic.o
    0x08004db8   0x08004db8   0x00000044   Code   RO         5100    i.IIC_NAck          iic.o
    0x08004dfc   0x08004dfc   0x00000060   Code   RO         5101    i.IIC_Read_Byte     iic.o
    0x08004e5c   0x08004e5c   0x0000006c   Code   RO         5102    i.IIC_Send_Byte     iic.o
    0x08004ec8   0x08004ec8   0x00000044   Code   RO         5103    i.IIC_Start         iic.o
    0x08004f0c   0x08004f0c   0x00000044   Code   RO         5104    i.IIC_Stop          iic.o
    0x08004f50   0x08004f50   0x0000005c   Code   RO         5105    i.IIC_Wait_Ack      iic.o
    0x08004fac   0x08004fac   0x0000005c   Code   RO         5627    i.LED_init          start_task.o
    0x08005008   0x08005008   0x00000014   Code   RO         5628    i.LED_twinkle       start_task.o
    0x0800501c   0x0800501c   0x00000160   Code   RO         4431    i.Line_Scan         scaner.o
    0x0800517c   0x0800517c   0x00000070   Code   RO          280    i.MX_DMA_Init       dma.o
    0x080051ec   0x080051ec   0x000000f8   Code   RO          203    i.MX_GPIO_Init      gpio.o
    0x080052e4   0x080052e4   0x00000108   Code   RO          307    i.MX_TIM1_Init      tim.o
    0x080053ec   0x080053ec   0x000000b0   Code   RO          308    i.MX_TIM2_Init      tim.o
    0x0800549c   0x0800549c   0x000000b0   Code   RO          309    i.MX_TIM3_Init      tim.o
    0x0800554c   0x0800554c   0x000000b0   Code   RO          310    i.MX_TIM4_Init      tim.o
    0x080055fc   0x080055fc   0x000000b0   Code   RO          311    i.MX_TIM5_Init      tim.o
    0x080056ac   0x080056ac   0x00000108   Code   RO          312    i.MX_TIM8_Init      tim.o
    0x080057b4   0x080057b4   0x00000038   Code   RO          384    i.MX_UART4_Init     usart.o
    0x080057ec   0x080057ec   0x00000038   Code   RO          385    i.MX_UART5_Init     usart.o
    0x08005824   0x08005824   0x00000038   Code   RO          386    i.MX_USART3_UART_Init  usart.o
    0x0800585c   0x0800585c   0x00000004   Code   RO          442    i.MemManage_Handler  stm32f1xx_it.o
    0x08005860   0x08005860   0x00000004   Code   RO          443    i.NMI_Handler       stm32f1xx_it.o
    0x08005864   0x08005864   0x00000028   Code   RO          835    i.RCC_Delay         stm32f1xx_hal_rcc.o
    0x0800588c   0x0800588c   0x00000080   Code   RO         5170    i.Rudder_Init       rudder_control.o
    0x0800590c   0x0800590c   0x0000003c   Code   RO         5171    i.Rudder_ReadOneByte  rudder_control.o
    0x08005948   0x08005948   0x00000034   Code   RO         5172    i.Rudder_WriteOneByte  rudder_control.o
    0x0800597c   0x0800597c   0x0000004c   Code   RO         5173    i.Rudder_control    rudder_control.o
    0x080059c8   0x080059c8   0x0000003c   Code   RO         5106    i.SDA               iic.o
    0x08005a04   0x08005a04   0x00000024   Code   RO         5629    i.Start_task        start_task.o
    0x08005a28   0x08005a28   0x0000002c   Code   RO         5630    i.Start_task_create  start_task.o
    0x08005a54   0x08005a54   0x00000034   Code   RO         4256    i.SysTick_Handler   port.o
    0x08005a88   0x08005a88   0x00000066   Code   RO           15    i.SystemClock_Config  main.o
    0x08005aee   0x08005aee   0x00000002   Code   RO         3005    i.SystemInit        system_stm32f1xx.o
    0x08005af0   0x08005af0   0x00000010   Code   RO          444    i.TIM2_IRQHandler   stm32f1xx_it.o
    0x08005b00   0x08005b00   0x00000010   Code   RO          445    i.TIM3_IRQHandler   stm32f1xx_it.o
    0x08005b10   0x08005b10   0x00000010   Code   RO          446    i.TIM4_IRQHandler   stm32f1xx_it.o
    0x08005b20   0x08005b20   0x00000010   Code   RO          447    i.TIM5_IRQHandler   stm32f1xx_it.o
    0x08005b30   0x08005b30   0x000000b0   Code   RO         5005    i.TIM6_IRQHandler   delay.o
    0x08005be0   0x08005be0   0x00000010   Code   RO          448    i.TIM7_IRQHandler   stm32f1xx_it.o
    0x08005bf0   0x08005bf0   0x0000009c   Code   RO         1748    i.TIM_Base_SetConfig  stm32f1xx_hal_tim.o
    0x08005c8c   0x08005c8c   0x00000022   Code   RO         1749    i.TIM_CCxChannelCmd  stm32f1xx_hal_tim.o
    0x08005cae   0x08005cae   0x00000016   Code   RO         1759    i.TIM_ETR_SetConfig  stm32f1xx_hal_tim.o
    0x08005cc4   0x08005cc4   0x00000012   Code   RO         1760    i.TIM_ITRx_SetConfig  stm32f1xx_hal_tim.o
    0x08005cd6   0x08005cd6   0x00000002   PAD
    0x08005cd8   0x08005cd8   0x00000070   Code   RO         1761    i.TIM_OC1_SetConfig  stm32f1xx_hal_tim.o
    0x08005d48   0x08005d48   0x0000007c   Code   RO         1762    i.TIM_OC2_SetConfig  stm32f1xx_hal_tim.o
    0x08005dc4   0x08005dc4   0x00000078   Code   RO         1763    i.TIM_OC3_SetConfig  stm32f1xx_hal_tim.o
    0x08005e3c   0x08005e3c   0x00000054   Code   RO         1764    i.TIM_OC4_SetConfig  stm32f1xx_hal_tim.o
    0x08005e90   0x08005e90   0x00000026   Code   RO         1766    i.TIM_TI1_ConfigInputStage  stm32f1xx_hal_tim.o
    0x08005eb6   0x08005eb6   0x00000002   PAD
    0x08005eb8   0x08005eb8   0x0000007c   Code   RO         1767    i.TIM_TI1_SetConfig  stm32f1xx_hal_tim.o
    0x08005f34   0x08005f34   0x00000028   Code   RO         1768    i.TIM_TI2_ConfigInputStage  stm32f1xx_hal_tim.o
    0x08005f5c   0x08005f5c   0x0000003a   Code   RO         1769    i.TIM_TI2_SetConfig  stm32f1xx_hal_tim.o
    0x08005f96   0x08005f96   0x00000038   Code   RO         1770    i.TIM_TI3_SetConfig  stm32f1xx_hal_tim.o
    0x08005fce   0x08005fce   0x0000003c   Code   RO         1771    i.TIM_TI4_SetConfig  stm32f1xx_hal_tim.o
    0x0800600a   0x0800600a   0x00000002   PAD
    0x0800600c   0x0800600c   0x000000f8   Code   RO         4503    i.Turn_Angle        turn.o
    0x08006104   0x08006104   0x0000018c   Code   RO         5058    i.UART4_IRQHandler  gyro.o
    0x08006290   0x08006290   0x00000010   Code   RO          449    i.UART5_IRQHandler  stm32f1xx_it.o
    0x080062a0   0x080062a0   0x00000014   Code   RO         2679    i.UART_DMAAbortOnError  stm32f1xx_hal_uart.o
    0x080062b4   0x080062b4   0x00000050   Code   RO         2680    i.UART_DMAError     stm32f1xx_hal_uart.o
    0x08006304   0x08006304   0x00000068   Code   RO         2681    i.UART_DMAReceiveCplt  stm32f1xx_hal_uart.o
    0x0800636c   0x0800636c   0x00000020   Code   RO         2683    i.UART_DMARxHalfCplt  stm32f1xx_hal_uart.o
    0x0800638c   0x0800638c   0x00000036   Code   RO         2689    i.UART_EndRxTransfer  stm32f1xx_hal_uart.o
    0x080063c2   0x080063c2   0x00000020   Code   RO         2690    i.UART_EndTransmit_IT  stm32f1xx_hal_uart.o
    0x080063e2   0x080063e2   0x00000014   Code   RO         2691    i.UART_EndTxTransfer  stm32f1xx_hal_uart.o
    0x080063f6   0x080063f6   0x000000e4   Code   RO         2692    i.UART_Receive_IT   stm32f1xx_hal_uart.o
    0x080064da   0x080064da   0x00000002   PAD
    0x080064dc   0x080064dc   0x000000fc   Code   RO         2693    i.UART_SetConfig    stm32f1xx_hal_uart.o
    0x080065d8   0x080065d8   0x00000098   Code   RO         2694    i.UART_Start_Receive_DMA  stm32f1xx_hal_uart.o
    0x08006670   0x08006670   0x00000060   Code   RO         2696    i.UART_Transmit_IT  stm32f1xx_hal_uart.o
    0x080066d0   0x080066d0   0x0000018c   Code   RO         5286    i.USART2_IRQHandler  c8t6.o
    0x0800685c   0x0800685c   0x00000134   Code   RO         5248    i.USART3_IRQHandler  light.o
    0x08006990   0x08006990   0x00000004   Code   RO          450    i.UsageFault_Handler  stm32f1xx_it.o
    0x08006994   0x08006994   0x00000084   Code   RO         4505    i.Zhuang            turn.o
    0x08006a18   0x08006a18   0x00000020   Code   RO         6066    i.__0printf         mc_w.l(printfa.o)
    0x08006a38   0x08006a38   0x00000010   Code   RO         1140    i.__NVIC_GetPriorityGrouping  stm32f1xx_hal_cortex.o
    0x08006a48   0x08006a48   0x00000028   Code   RO         1141    i.__NVIC_SetPriority  stm32f1xx_hal_cortex.o
    0x08006a70   0x08006a70   0x0000000e   Code   RO         6206    i.__scatterload_copy  mc_w.l(handlers.o)
    0x08006a7e   0x08006a7e   0x00000002   Code   RO         6207    i.__scatterload_null  mc_w.l(handlers.o)
    0x08006a80   0x08006a80   0x0000000e   Code   RO         6208    i.__scatterload_zeroinit  mc_w.l(handlers.o)
    0x08006a8e   0x08006a8e   0x00000002   PAD
    0x08006a90   0x08006a90   0x00000184   Code   RO         6073    i._fp_digits        mc_w.l(printfa.o)
    0x08006c14   0x08006c14   0x000006dc   Code   RO         6074    i._printf_core      mc_w.l(printfa.o)
    0x080072f0   0x080072f0   0x00000024   Code   RO         6075    i._printf_post_padding  mc_w.l(printfa.o)
    0x08007314   0x08007314   0x0000002e   Code   RO         6076    i._printf_pre_padding  mc_w.l(printfa.o)
    0x08007342   0x08007342   0x00000002   PAD
    0x08007344   0x08007344   0x00000034   Code   RO         4944    i.buzzer_init       buzzer.o
    0x08007378   0x08007378   0x00000014   Code   RO         4945    i.buzzer_off        buzzer.o
    0x0800738c   0x0800738c   0x00000014   Code   RO         4946    i.buzzer_on         buzzer.o
    0x080073a0   0x080073a0   0x00000060   Code   RO         5006    i.delay_init        delay.o
    0x08007400   0x08007400   0x0000001a   Code   RO         5007    i.delay_ms          delay.o
    0x0800741a   0x0800741a   0x00000002   PAD
    0x0800741c   0x0800741c   0x00000018   Code   RO         5008    i.delay_us          delay.o
    0x08007434   0x08007434   0x00000080   Code   RO         5712    i.encoder_clear     encoder.o
    0x080074b4   0x080074b4   0x000000dc   Code   RO         5805    i.floor             m_ws.l(floor.o)
    0x08007590   0x08007590   0x00000048   Code   RO         4688    i.fputc             uart.o
    0x080075d8   0x080075d8   0x0000004c   Code   RO         4506    i.getAngleZ         turn.o
    0x08007624   0x08007624   0x00000098   Code   RO         5174    i.get_freq          rudder_control.o
    0x080076bc   0x080076bc   0x00000004   Code   RO         4590    i.gradual_cal       speed_ctrl.o
    0x080076c0   0x080076c0   0x00000028   Code   RO         5059    i.gyro_init         gyro.o
    0x080076e8   0x080076e8   0x000000d2   Code   RO         4335    i.incremental_PID   pid.o
    0x080077ba   0x080077ba   0x00000002   PAD
    0x080077bc   0x080077bc   0x00000028   Code   RO         5249    i.light_init        light.o
    0x080077e4   0x080077e4   0x00000040   Code   RO           16    i.main              main.o
    0x08007824   0x08007824   0x00001334   Code   RO         5326    i.main_task         main_task.o
    0x08008b58   0x08008b58   0x0000002c   Code   RO         5327    i.main_task_create  main_task.o
    0x08008b84   0x08008b84   0x00000050   Code   RO         5753    i.motor_init        motor.o
    0x08008bd4   0x08008bd4   0x00000060   Code   RO         5754    i.motor_pid_clear   motor.o
    0x08008c34   0x08008c34   0x000000d0   Code   RO         5755    i.motor_set_pwm     motor.o
    0x08008d04   0x08008d04   0x000002ec   Code   RO         5563    i.motor_task        motor_task.o
    0x08008ff0   0x08008ff0   0x0000002c   Code   RO         5564    i.motor_task_create  motor_task.o
    0x0800901c   0x0800901c   0x00000018   Code   RO         4507    i.mpuZreset         turn.o
    0x08009034   0x08009034   0x0000004c   Code   RO         4508    i.need2turn         turn.o
    0x08009080   0x08009080   0x0000000a   Code   RO         3832    i.osKernelStart     cmsis_os.o
    0x0800908a   0x0800908a   0x00000002   PAD
    0x0800908c   0x0800908c   0x00000130   Code   RO         5756    i.pid_init          motor.o
    0x080091bc   0x080091bc   0x00000138   Code   RO         5565    i.pid_mode_switch   motor_task.o
    0x080092f4   0x080092f4   0x000000c6   Code   RO         4336    i.positional_PID    pid.o
    0x080093ba   0x080093ba   0x00000002   PAD
    0x080093bc   0x080093bc   0x00000098   Code   RO         3507    i.prvAddCurrentTaskToDelayedList  tasks.o
    0x08009454   0x08009454   0x000000b4   Code   RO         3508    i.prvAddNewTaskToReadyList  tasks.o
    0x08009508   0x08009508   0x00000048   Code   RO         3509    i.prvCheckTasksWaitingTermination  tasks.o
    0x08009550   0x08009550   0x00000050   Code   RO         3510    i.prvDeleteTCB      tasks.o
    0x080095a0   0x080095a0   0x0000007c   Code   RO         4194    i.prvHeapInit       heap_4.o
    0x0800961c   0x0800961c   0x00000028   Code   RO         3511    i.prvIdleTask       tasks.o
    0x08009644   0x08009644   0x000000aa   Code   RO         3512    i.prvInitialiseNewTask  tasks.o
    0x080096ee   0x080096ee   0x00000002   PAD
    0x080096f0   0x080096f0   0x00000068   Code   RO         3513    i.prvInitialiseTaskLists  tasks.o
    0x08009758   0x08009758   0x00000068   Code   RO         4195    i.prvInsertBlockIntoFreeList  heap_4.o
    0x080097c0   0x080097c0   0x00000034   Code   RO         3514    i.prvResetNextTaskUnblockTime  tasks.o
    0x080097f4   0x080097f4   0x00000040   Code   RO         4257    i.prvTaskExitError  port.o
    0x08009834   0x08009834   0x0000013c   Code   RO         4196    i.pvPortMalloc      heap_4.o
    0x08009970   0x08009970   0x00000024   Code   RO         4258    i.pxPortInitialiseStack  port.o
    0x08009994   0x08009994   0x00000006   Code   RO         4737    i.read_addr         usmart.o
    0x0800999a   0x0800999a   0x00000002   PAD
    0x0800999c   0x0800999c   0x0000014c   Code   RO         4509    i.runWithAngle      turn.o
    0x08009ae8   0x08009ae8   0x000000b4   Code   RO         4432    i.scaner_init       scaner.o
    0x08009b9c   0x08009b9c   0x00000024   Code   RO         5566    i.speed_clear       motor_task.o
    0x08009bc0   0x08009bc0   0x0000002c   Code   RO         4689    i.uart_init         uart.o
    0x08009bec   0x08009bec   0x00000044   Code   RO         5631    i.user_init         start_task.o
    0x08009c30   0x08009c30   0x000000b0   Code   RO         4738    i.usmart_cmd_rec    usmart.o
    0x08009ce0   0x08009ce0   0x000002cc   Code   RO         4739    i.usmart_exe        usmart.o
    0x08009fac   0x08009fac   0x000000d4   Code   RO         4860    i.usmart_get_aparm  usmart_str.o
    0x0800a080   0x0800a080   0x00000036   Code   RO         4861    i.usmart_get_cmdname  usmart_str.o
    0x0800a0b6   0x0800a0b6   0x00000002   PAD
    0x0800a0b8   0x0800a0b8   0x000001c0   Code   RO         4862    i.usmart_get_fname  usmart_str.o
    0x0800a278   0x0800a278   0x0000010c   Code   RO         4863    i.usmart_get_fparam  usmart_str.o
    0x0800a384   0x0800a384   0x00000020   Code   RO         4864    i.usmart_get_parmpos  usmart_str.o
    0x0800a3a4   0x0800a3a4   0x0000000c   Code   RO         4740    i.usmart_init       usmart.o
    0x0800a3b0   0x0800a3b0   0x00000124   Code   RO         5757    i.usmart_pid        motor.o
    0x0800a4d4   0x0800a4d4   0x00000016   Code   RO         4865    i.usmart_pow        usmart_str.o
    0x0800a4ea   0x0800a4ea   0x00000002   PAD
    0x0800a4ec   0x0800a4ec   0x000000bc   Code   RO         4741    i.usmart_scan       usmart.o
    0x0800a5a8   0x0800a5a8   0x00000016   Code   RO         4866    i.usmart_search_nextc  usmart_str.o
    0x0800a5be   0x0800a5be   0x00000106   Code   RO         4867    i.usmart_str2num    usmart_str.o
    0x0800a6c4   0x0800a6c4   0x00000022   Code   RO         4868    i.usmart_strcmp     usmart_str.o
    0x0800a6e6   0x0800a6e6   0x00000016   Code   RO         4869    i.usmart_strcopy    usmart_str.o
    0x0800a6fc   0x0800a6fc   0x00000018   Code   RO         4870    i.usmart_strlen     usmart_str.o
    0x0800a714   0x0800a714   0x000006a8   Code   RO         4742    i.usmart_sys_cmd_exe  usmart.o
    0x0800adbc   0x0800adbc   0x00000028   Code   RO         3142    i.uxListRemove      list.o
    0x0800ade4   0x0800ade4   0x00000018   Code   RO          229    i.vApplicationGetIdleTaskMemory  freertos.o
    0x0800adfc   0x0800adfc   0x0000001a   Code   RO         3143    i.vListInitialise   list.o
    0x0800ae16   0x0800ae16   0x00000006   Code   RO         3144    i.vListInitialiseItem  list.o
    0x0800ae1c   0x0800ae1c   0x00000034   Code   RO         3145    i.vListInsert       list.o
    0x0800ae50   0x0800ae50   0x00000018   Code   RO         3146    i.vListInsertEnd    list.o
    0x0800ae68   0x0800ae68   0x00000054   Code   RO         4260    i.vPortEnterCritical  port.o
    0x0800aebc   0x0800aebc   0x0000003c   Code   RO         4261    i.vPortExitCritical  port.o
    0x0800aef8   0x0800aef8   0x00000094   Code   RO         4197    i.vPortFree         heap_4.o
    0x0800af8c   0x0800af8c   0x00000028   Code   RO         4262    i.vPortSetupTimerInterrupt  port.o
    0x0800afb4   0x0800afb4   0x0000005c   Code   RO         3522    i.vTaskDelay        tasks.o
    0x0800b010   0x0800b010   0x000000d4   Code   RO         3523    i.vTaskDelayUntil   tasks.o
    0x0800b0e4   0x0800b0e4   0x000000f4   Code   RO         3524    i.vTaskDelete       tasks.o
    0x0800b1d8   0x0800b1d8   0x000000b0   Code   RO         3536    i.vTaskStartScheduler  tasks.o
    0x0800b288   0x0800b288   0x00000010   Code   RO         3538    i.vTaskSuspendAll   tasks.o
    0x0800b298   0x0800b298   0x0000008c   Code   RO         3539    i.vTaskSwitchContext  tasks.o
    0x0800b324   0x0800b324   0x00000050   Code   RO         5221    i.voice_init        voice.o
    0x0800b374   0x0800b374   0x00000004   Code   RO         4743    i.write_addr        usmart.o
    0x0800b378   0x0800b378   0x000000f8   Code   RO         4264    i.xPortStartScheduler  port.o
    0x0800b470   0x0800b470   0x00000064   Code   RO         3541    i.xTaskCreate       tasks.o
    0x0800b4d4   0x0800b4d4   0x000000b8   Code   RO         3542    i.xTaskCreateStatic  tasks.o
    0x0800b58c   0x0800b58c   0x0000000c   Code   RO         3547    i.xTaskGetTickCount  tasks.o
    0x0800b598   0x0800b598   0x00000148   Code   RO         3549    i.xTaskIncrementTick  tasks.o
    0x0800b6e0   0x0800b6e0   0x00000104   Code   RO         3555    i.xTaskResumeAll    tasks.o
    0x0800b7e4   0x0800b7e4   0x00000018   Data   RO         3006    .constdata          system_stm32f1xx.o
    0x0800b7fc   0x0800b7fc   0x00000020   Data   RO         4434    .constdata          scaner.o
    0x0800b81c   0x0800b81c   0x0000001c   Data   RO         5567    .constdata          motor_task.o
    0x0800b838   0x0800b838   0x00000078   Data   RO         4744    .conststring        usmart.o
    0x0800b8b0   0x0800b8b0   0x0000009c   Data   RO         4813    .conststring        usmart_config.o
    0x0800b94c   0x0800b94c   0x00000020   Data   RO         6204    Region$$Table       anon$$obj.o


    Execution Region RW_IRAM1 (Exec base: 0x20000000, Load base: 0x0800b96c, Size: 0x000063d8, Max: 0x0000c000, ABSOLUTE, COMPRESSED[0x0000008c])

    Exec Addr    Load Addr    Size         Type   Attr      Idx    E Section Name        Object

    0x20000000   COMPRESSED   0x00000009   Data   RW          672    .data               stm32f1xx_hal.o
    0x20000009   COMPRESSED   0x00000003   PAD
    0x2000000c   COMPRESSED   0x00000004   Data   RW         3007    .data               system_stm32f1xx.o
    0x20000010   COMPRESSED   0x0000003c   Data   RW         3558    .data               tasks.o
    0x2000004c   COMPRESSED   0x00000018   Data   RW         4202    .data               heap_4.o
    0x20000064   COMPRESSED   0x0000000c   Data   RW         4265    .data               port.o
    0x20000070   COMPRESSED   0x00000009   Data   RW         4435    .data               scaner.o
    0x20000079   COMPRESSED   0x00000003   PAD
    0x2000007c   COMPRESSED   0x00000033   Data   RW         4511    .data               turn.o
    0x200000af   COMPRESSED   0x00000001   PAD
    0x200000b0   COMPRESSED   0x00000040   Data   RW         4592    .data               speed_ctrl.o
    0x200000f0   COMPRESSED   0x0000000b   Data   RW         4691    .data               uart.o
    0x200000fb   COMPRESSED   0x00000001   PAD
    0x200000fc   COMPRESSED   0x0000001c   Data   RW         4745    .data               usmart.o
    0x20000118   COMPRESSED   0x00000114   Data   RW         4814    .data               usmart_config.o
    0x2000022c   COMPRESSED   0x00000006   Data   RW         5010    .data               delay.o
    0x20000232   COMPRESSED   0x00000001   Data   RW         5061    .data               gyro.o
    0x20000233   COMPRESSED   0x00000001   Data   RW         5175    .data               rudder_control.o
    0x20000234   COMPRESSED   0x00000014   Data   RW         5251    .data               light.o
    0x20000248   COMPRESSED   0x0000000c   Data   RW         5288    .data               c8t6.o
    0x20000254   COMPRESSED   0x0000002c   Data   RW         5328    .data               main_task.o
    0x20000280   COMPRESSED   0x00000021   Data   RW         5568    .data               motor_task.o
    0x200002a1   COMPRESSED   0x00000003   PAD
    0x200002a4   COMPRESSED   0x00000004   Data   RW         5632    .data               start_task.o
    0x200002a8   COMPRESSED   0x00000018   Data   RW         5714    .data               encoder.o
    0x200002c0        -       0x00000254   Zero   RW          230    .bss                freertos.o
    0x20000514        -       0x000001b0   Zero   RW          313    .bss                tim.o
    0x200006c4        -       0x000001dc   Zero   RW          387    .bss                usart.o
    0x200008a0        -       0x00000048   Zero   RW          575    .bss                stm32f1xx_hal_timebase_tim.o
    0x200008e8        -       0x000000f0   Zero   RW         3557    .bss                tasks.o
    0x200009d8        -       0x00005000   Zero   RW         4201    .bss                heap_4.o
    0x200059d8        -       0x0000000c   Zero   RW         4433    .bss                scaner.o
    0x200059e4        -       0x0000000c   Zero   RW         4510    .bss                turn.o
    0x200059f0        -       0x00000024   Zero   RW         4591    .bss                speed_ctrl.o
    0x20005a14        -       0x0000010c   Zero   RW         4690    .bss                uart.o
    0x20005b20        -       0x00000048   Zero   RW         5009    .bss                delay.o
    0x20005b68        -       0x00000028   Zero   RW         5060    .bss                gyro.o
    0x20005b90        -       0x00000014   Zero   RW         5250    .bss                light.o
    0x20005ba4        -       0x00000014   Zero   RW         5287    .bss                c8t6.o
    0x20005bb8        -       0x00000250   Zero   RW         5713    .bss                encoder.o
    0x20005e08        -       0x000001cc   Zero   RW         5758    .bss                motor.o
    0x20005fd4   COMPRESSED   0x00000004   PAD
    0x20005fd8        -       0x00000400   Zero   RW            1    STACK               startup_stm32f103xe.o


==============================================================================

Image component sizes


      Code (inc. data)   RO Data    RW Data    ZI Data      Debug   Object Name

        92         14          0          0          0       1335   buzzer.o
       436         56          0         12         20       2161   c8t6.o
        10          0          0          0          0      20056   cmsis_os.o
       322         42          0          6         72       3013   delay.o
       112          6          0          0          0        798   dma.o
      4924        292          0         24        592       5452   encoder.o
         0          0          0          0          0      18164   event_groups.o
        24         10          0          0        596       5888   freertos.o
       248         18          0          0          0       1011   gpio.o
       436         44          0          1         40       2299   gyro.o
       692         62          0         24      20480       7199   heap_4.o
       716         58          0          0          0       4876   iic.o
       348         46          0         20         20       2370   light.o
       148          0          0          0          0       3390   list.o
       196          6          0          0          0     514576   main.o
      4960        662          0         44          0      12965   main_task.o
       980        192          0          0        460       4258   motor.o
      1460        214         28         33          0       4721   motor_task.o
       408          0          0          0          0       2915   pid.o
       734         64          0         12          0      10348   port.o
       468         42          0          1          0       3608   rudder_control.o
       672         76         32          9         12       3777   scaner.o
        52         16          0         64         36       2452   speed_ctrl.o
       396         62          0          4          0       3943   start_task.o
        36          8        304          0       1024        792   startup_stm32f103xe.o
        76         20          0          9          0       5226   stm32f1xx_hal.o
       252         22          0          0          0      28642   stm32f1xx_hal_cortex.o
      1770         28          0          0          0       5262   stm32f1xx_hal_dma.o
       880         40          0          0          0       3932   stm32f1xx_hal_gpio.o
        96         10          0          0          0        890   stm32f1xx_hal_msp.o
      1852        120          0          0          0       6597   stm32f1xx_hal_rcc.o
      3516        144          0          0          0      22468   stm32f1xx_hal_tim.o
       276         22          0          0          0       3177   stm32f1xx_hal_tim_ex.o
       136         18          0          0         72       1447   stm32f1xx_hal_timebase_tim.o
      1950         24          0          0          0      13553   stm32f1xx_hal_uart.o
       166         54          0          0          0       6747   stm32f1xx_it.o
         0          0          0          0          0        380   stream_buffer.o
         2          0         24          4          0       1107   system_stm32f1xx.o
      2614        330          0         60        240      19497   tasks.o
      1988        106          0          0        432       6717   tim.o
      2020        230          0         51         12       6009   turn.o
       116         22          0         11        268       3331   uart.o
       924         86          0          0        476       3379   usart.o
      2806       1262        120         28          0       5905   usmart.o
         0          0        156        276          0       1544   usmart_config.o
      1400         20          0          0          0       8509   usmart_str.o
        80         42          0          0          0        441   voice.o

    ----------------------------------------------------------------------
     41830       4590        696        704      24856     797127   Object Totals
         0          0         32          0          0          0   (incl. Generated)
        40          0          0         11          4          0   (incl. Padding)

    ----------------------------------------------------------------------

      Code (inc. data)   RO Data    RW Data    ZI Data      Debug   Library Member Name

       220         16          0          0          0         84   floor.o
        86          0          0          0          0          0   __dczerorl2.o
         0          0          0          0          0          0   entry.o
         0          0          0          0          0          0   entry10a.o
         0          0          0          0          0          0   entry11a.o
         8          4          0          0          0          0   entry2.o
         4          0          0          0          0          0   entry5.o
         0          0          0          0          0          0   entry7b.o
         0          0          0          0          0          0   entry8b.o
         8          4          0          0          0          0   entry9a.o
        30          0          0          0          0          0   handlers.o
        36          8          0          0          0         68   init.o
         0          0          0          0          0          0   iusefp.o
        30          0          0          0          0         68   llshl.o
        36          0          0          0          0         68   llsshr.o
        32          0          0          0          0         68   llushr.o
        64          0          0          0          0         76   memmovea.o
        36          0          0          0          0        108   memseta.o
      2258         90          0          0          0        452   printfa.o
        44          0          0          0          0         80   uidiv.o
        98          0          0          0          0         92   uldiv.o
        48          0          0          0          0         68   cdcmple.o
        48          0          0          0          0         68   cdrcmple.o
        20          0          0          0          0         68   cfcmple.o
        20          0          0          0          0         68   cfrcmple.o
        56          0          0          0          0         88   d2f.o
       334          0          0          0          0        148   dadd.o
       222          0          0          0          0        100   ddiv.o
       186          0          0          0          0        176   depilogue.o
        50          0          0          0          0         76   dfixui.o
        48          0          0          0          0         68   dfixul.o
        34          0          0          0          0         76   dflti.o
        26          0          0          0          0         76   dfltui.o
       228          0          0          0          0         96   dmul.o
        38          0          0          0          0         68   f2d.o
       176          0          0          0          0        140   fadd.o
       124          0          0          0          0         88   fdiv.o
       110          0          0          0          0        168   fepilogue.o
        50          0          0          0          0         68   ffixi.o
        18          0          0          0          0         68   fflti.o
        10          0          0          0          0         68   ffltui.o
       100          0          0          0          0         76   fmul.o

    ----------------------------------------------------------------------
      4942        122          0          0          0       3084   Library Totals
         6          0          0          0          0          0   (incl. Padding)

    ----------------------------------------------------------------------

      Code (inc. data)   RO Data    RW Data    ZI Data      Debug   Library Name

       220         16          0          0          0         84   m_ws.l
      2770        106          0          0          0       1080   mc_w.l
      1946          0          0          0          0       1920   mf_w.l

    ----------------------------------------------------------------------
      4942        122          0          0          0       3084   Library Totals

    ----------------------------------------------------------------------

==============================================================================


      Code (inc. data)   RO Data    RW Data    ZI Data      Debug   

     46772       4712        696        704      24856     786611   Grand Totals
     46772       4712        696        140      24856     786611   ELF Image Totals (compressed)
     46772       4712        696        140          0          0   ROM Totals

==============================================================================

    Total RO  Size (Code + RO Data)                47468 (  46.36kB)
    Total RW  Size (RW Data + ZI Data)             25560 (  24.96kB)
    Total ROM Size (Code + RO Data + RW Data)      47608 (  46.49kB)

==============================================================================

