Component: ARM Compiler 5.06 update 7 (build 960) Tool: armlink [4d3601]

==============================================================================

Section Cross References

    startup_stm32f103xb.o(RESET) refers to startup_stm32f103xb.o(STACK) for __initial_sp
    startup_stm32f103xb.o(RESET) refers to startup_stm32f103xb.o(.text) for Reset_Handler
    startup_stm32f103xb.o(RESET) refers to stm32f1xx_it.o(i.NMI_Handler) for NMI_Handler
    startup_stm32f103xb.o(RESET) refers to stm32f1xx_it.o(i.HardFault_Handler) for HardFault_Handler
    startup_stm32f103xb.o(RESET) refers to stm32f1xx_it.o(i.MemManage_Handler) for MemManage_Handler
    startup_stm32f103xb.o(RESET) refers to stm32f1xx_it.o(i.BusFault_Handler) for BusFault_Handler
    startup_stm32f103xb.o(RESET) refers to stm32f1xx_it.o(i.UsageFault_Handler) for UsageFault_Handler
    startup_stm32f103xb.o(RESET) refers to stm32f1xx_it.o(i.SVC_Handler) for SVC_Handler
    startup_stm32f103xb.o(RESET) refers to stm32f1xx_it.o(i.DebugMon_Handler) for DebugMon_Handler
    startup_stm32f103xb.o(RESET) refers to stm32f1xx_it.o(i.PendSV_Handler) for PendSV_Handler
    startup_stm32f103xb.o(RESET) refers to stm32f1xx_it.o(i.SysTick_Handler) for SysTick_Handler
    startup_stm32f103xb.o(RESET) refers to stm32f1xx_it.o(i.DMA1_Channel6_IRQHandler) for DMA1_Channel6_IRQHandler
    startup_stm32f103xb.o(RESET) refers to stm32f1xx_it.o(i.TIM1_CC_IRQHandler) for TIM1_CC_IRQHandler
    startup_stm32f103xb.o(RESET) refers to stm32f1xx_it.o(i.TIM2_IRQHandler) for TIM2_IRQHandler
    startup_stm32f103xb.o(RESET) refers to delay.o(i.TIM4_IRQHandler) for TIM4_IRQHandler
    startup_stm32f103xb.o(RESET) refers to qr.o(i.USART2_IRQHandler) for USART2_IRQHandler
    startup_stm32f103xb.o(RESET) refers to stm32f1xx_it.o(i.USART3_IRQHandler) for USART3_IRQHandler
    startup_stm32f103xb.o(.text) refers to system_stm32f1xx.o(i.SystemInit) for SystemInit
    startup_stm32f103xb.o(.text) refers to entry.o(.ARM.Collect$$$$00000000) for __main
    main.o(i.HAL_TIM_IC_CaptureCallback) refers to stm32f1xx_hal_tim.o(i.HAL_TIM_ReadCapturedValue) for HAL_TIM_ReadCapturedValue
    main.o(i.HAL_TIM_IC_CaptureCallback) refers to stm32f1xx_hal_tim.o(i.HAL_TIM_IC_Stop_IT) for HAL_TIM_IC_Stop_IT
    main.o(i.HAL_TIM_IC_CaptureCallback) refers to memmovea.o(.text) for __aeabi_memmove4
    main.o(i.HAL_TIM_IC_CaptureCallback) refers to stm32f1xx_hal_tim.o(i.HAL_TIM_IC_Start_IT) for HAL_TIM_IC_Start_IT
    main.o(i.HAL_TIM_IC_CaptureCallback) refers to main.o(.bss) for wheel_1
    main.o(i.HAL_TIM_IC_CaptureCallback) refers to main.o(.data) for capture_Cnt
    main.o(i.SystemClock_Config) refers to memseta.o(.text) for __aeabi_memclr4
    main.o(i.SystemClock_Config) refers to stm32f1xx_hal_rcc.o(i.HAL_RCC_OscConfig) for HAL_RCC_OscConfig
    main.o(i.SystemClock_Config) refers to main.o(i.Error_Handler) for Error_Handler
    main.o(i.SystemClock_Config) refers to stm32f1xx_hal_rcc.o(i.HAL_RCC_ClockConfig) for HAL_RCC_ClockConfig
    main.o(i.main) refers to stm32f1xx_hal.o(i.HAL_Init) for HAL_Init
    main.o(i.main) refers to main.o(i.SystemClock_Config) for SystemClock_Config
    main.o(i.main) refers to gpio.o(i.MX_GPIO_Init) for MX_GPIO_Init
    main.o(i.main) refers to dma.o(i.MX_DMA_Init) for MX_DMA_Init
    main.o(i.main) refers to tim.o(i.MX_TIM1_Init) for MX_TIM1_Init
    main.o(i.main) refers to tim.o(i.MX_TIM2_Init) for MX_TIM2_Init
    main.o(i.main) refers to usart.o(i.MX_USART1_UART_Init) for MX_USART1_UART_Init
    main.o(i.main) refers to usart.o(i.MX_USART2_UART_Init) for MX_USART2_UART_Init
    main.o(i.main) refers to usart.o(i.MX_USART3_UART_Init) for MX_USART3_UART_Init
    main.o(i.main) refers to delay.o(i.delay_init) for delay_init
    main.o(i.main) refers to qr.o(i.QR_init) for QR_init
    main.o(i.main) refers to lcd.o(i.LCD_Init) for LCD_Init
    main.o(i.main) refers to lcd.o(i.LCD_Fill) for LCD_Fill
    main.o(i.main) refers to lcd.o(i.LCD_ShowPicture) for LCD_ShowPicture
    main.o(i.main) refers to rudder_control.o(i.Rudder_Init) for Rudder_Init
    main.o(i.main) refers to memmovea.o(.text) for __aeabi_memcpy4
    main.o(i.main) refers to stm32f1xx_hal_tim.o(i.HAL_TIM_IC_Start_IT) for HAL_TIM_IC_Start_IT
    main.o(i.main) refers to stm32f1xx_hal_gpio.o(i.HAL_GPIO_WritePin) for HAL_GPIO_WritePin
    main.o(i.main) refers to delay.o(i.delay_us) for delay_us
    main.o(i.main) refers to stm32f1xx_hal.o(i.HAL_Delay) for HAL_Delay
    main.o(i.main) refers to ffltui.o(.text) for __aeabi_ui2f
    main.o(i.main) refers to fmul.o(.text) for __aeabi_fmul
    main.o(i.main) refers to rudder_control.o(i.Rudder_control) for Rudder_control
    main.o(i.main) refers to ffixui.o(.text) for __aeabi_f2uiz
    main.o(i.main) refers to stm32f1xx_hal_uart.o(i.HAL_UART_Transmit) for HAL_UART_Transmit
    main.o(i.main) refers to stm32f1xx_hal_gpio.o(i.HAL_GPIO_ReadPin) for HAL_GPIO_ReadPin
    main.o(i.main) refers to pic.o(.constdata) for gImage_1
[...]
    Removing stm32f1xx_hal_uart.o(i.HAL_UART_MspInit), (2 bytes).
    Removing stm32f1xx_hal_uart.o(i.HAL_UART_Receive), (220 bytes).
    Removing stm32f1xx_hal_uart.o(i.HAL_UART_Receive_IT), (66 bytes).
    Removing stm32f1xx_hal_uart.o(i.HAL_UART_Transmit_DMA), (156 bytes).
    Removing stm32f1xx_hal_uart.o(i.HAL_UART_Transmit_IT), (88 bytes).
    Removing stm32f1xx_hal_uart.o(i.HAL_UART_TxHalfCpltCallback), (2 bytes).
    Removing stm32f1xx_hal_uart.o(i.UART_DMARxAbortCallback), (56 bytes).
    Removing stm32f1xx_hal_uart.o(i.UART_DMARxOnlyAbortCallback), (28 bytes).
    Removing stm32f1xx_hal_uart.o(i.UART_DMATransmitCplt), (54 bytes).
    Removing stm32f1xx_hal_uart.o(i.UART_DMATxAbortCallback), (56 bytes).
    Removing stm32f1xx_hal_uart.o(i.UART_DMATxHalfCplt), (14 bytes).
    Removing stm32f1xx_hal_uart.o(i.UART_DMATxOnlyAbortCallback), (24 bytes).
    Removing stm32f1xx_hal_uart.o(i.UART_Start_Receive_IT), (70 bytes).
    Removing system_stm32f1xx.o(.rev16_text), (4 bytes).
    Removing system_stm32f1xx.o(.revsh_text), (4 bytes).
    Removing system_stm32f1xx.o(.rrx_text), (6 bytes).
    Removing system_stm32f1xx.o(i.SystemCoreClockUpdate), (164 bytes).
    Removing lcd.o(.rev16_text), (4 bytes).
    Removing lcd.o(.revsh_text), (4 bytes).
    Removing lcd.o(.rrx_text), (6 bytes).
    Removing pic.o(.rev16_text), (4 bytes).
    Removing pic.o(.revsh_text), (4 bytes).
    Removing pic.o(.rrx_text), (6 bytes).
    Removing delay.o(.rev16_text), (4 bytes).
    Removing delay.o(.revsh_text), (4 bytes).
    Removing delay.o(.rrx_text), (6 bytes).
    Removing qr.o(.rev16_text), (4 bytes).
    Removing qr.o(.revsh_text), (4 bytes).
    Removing qr.o(.rrx_text), (6 bytes).
    Removing iic.o(.rev16_text), (4 bytes).
    Removing iic.o(.revsh_text), (4 bytes).
    Removing iic.o(.rrx_text), (6 bytes).
    Removing rudder_control.o(.rev16_text), (4 bytes).
    Removing rudder_control.o(.revsh_text), (4 bytes).
    Removing rudder_control.o(.rrx_text), (6 bytes).
    Removing dfixul.o(.text), (48 bytes).

377 unused section(s) (total 30152 bytes) removed from the image.

==============================================================================

Image Symbol Table

    Local Symbols

    Symbol Name                              Value     Ov Type        Size  Object(Section)

    ../Core/Src/dma.c                        0x00000000   Number         0  dma.o ABSOLUTE
    ../Core/Src/gpio.c                       0x00000000   Number         0  gpio.o ABSOLUTE
    ../Core/Src/main.c                       0x00000000   Number         0  main.o ABSOLUTE
    ../Core/Src/stm32f1xx_hal_msp.c          0x00000000   Number         0  stm32f1xx_hal_msp.o ABSOLUTE
    ../Core/Src/stm32f1xx_it.c               0x00000000   Number         0  stm32f1xx_it.o ABSOLUTE
    ../Core/Src/system_stm32f1xx.c           0x00000000   Number         0  system_stm32f1xx.o ABSOLUTE
    ../Core/Src/tim.c                        0x00000000   Number         0  tim.o ABSOLUTE
    ../Core/Src/usart.c                      0x00000000   Number         0  usart.o ABSOLUTE
    ../Drivers/STM32F1xx_HAL_Driver/Src/stm32f1xx_hal.c 0x00000000   Number         0  stm32f1xx_hal.o ABSOLUTE
    ../Drivers/STM32F1xx_HAL_Driver/Src/stm32f1xx_hal_cortex.c 0x00000000   Number         0  stm32f1xx_hal_cortex.o ABSOLUTE
    ../Drivers/STM32F1xx_HAL_Driver/Src/stm32f1xx_hal_dma.c 0x00000000   Number         0  stm32f1xx_hal_dma.o ABSOLUTE
    ../Drivers/STM32F1xx_HAL_Driver/Src/stm32f1xx_hal_exti.c 0x00000000   Number         0  stm32f1xx_hal_exti.o ABSOLUTE
    ../Drivers/STM32F1xx_HAL_Driver/Src/stm32f1xx_hal_flash.c 0x00000000   Number         0  stm32f1xx_hal_flash.o ABSOLUTE
    ../Drivers/STM32F1xx_HAL_Driver/Src/stm32f1xx_hal_flash_ex.c 0x00000000   Number         0  stm32f1xx_hal_flash_ex.o ABSOLUTE
    ../Drivers/STM32F1xx_HAL_Driver/Src/stm32f1xx_hal_gpio.c 0x00000000   Number         0  stm32f1xx_hal_gpio.o ABSOLUTE
    ../Drivers/STM32F1xx_HAL_Driver/Src/stm32f1xx_hal_gpio_ex.c 0x00000000   Number         0  stm32f1xx_hal_gpio_ex.o ABSOLUTE
    ../Drivers/STM32F1xx_HAL_Driver/Src/stm32f1xx_hal_pwr.c 0x00000000   Number         0  stm32f1xx_hal_pwr.o ABSOLUTE
    ../Drivers/STM32F1xx_HAL_Driver/Src/stm32f1xx_hal_rcc.c 0x00000000   Number         0  stm32f1xx_hal_rcc.o ABSOLUTE
    ../Drivers/STM32F1xx_HAL_Driver/Src/stm32f1xx_hal_rcc_ex.c 0x00000000   Number         0  stm32f1xx_hal_rcc_ex.o ABSOLUTE
    ../Drivers/STM32F1xx_HAL_Driver/Src/stm32f1xx_hal_tim.c 0x00000000   Number         0  stm32f1xx_hal_tim.o ABSOLUTE
    ../Drivers/STM32F1xx_HAL_Driver/Src/stm32f1xx_hal_tim_ex.c 0x00000000   Number         0  stm32f1xx_hal_tim_ex.o ABSOLUTE
    ../Drivers/STM32F1xx_HAL_Driver/Src/stm32f1xx_hal_uart.c 0x00000000   Number         0  stm32f1xx_hal_uart.o ABSOLUTE
    ../clib/microlib/division.c              0x00000000   Number         0  uidiv.o ABSOLUTE
    ../clib/microlib/division.c              0x00000000   Number         0  uldiv.o ABSOLUTE
    ../clib/microlib/init/entry.s            0x00000000   Number         0  entry12a.o ABSOLUTE
    ../clib/microlib/init/entry.s            0x00000000   Number         0  entry12b.o ABSOLUTE
    ../clib/microlib/init/entry.s            0x00000000   Number         0  entry7b.o ABSOLUTE
    ../clib/microlib/init/entry.s            0x00000000   Number         0  entry11b.o ABSOLUTE
    ../clib/microlib/init/entry.s            0x00000000   Number         0  entry.o ABSOLUTE
    ../clib/microlib/init/entry.s            0x00000000   Number         0  entry11a.o ABSOLUTE
    ../clib/microlib/init/entry.s            0x00000000   Number         0  entry10b.o ABSOLUTE
    ../clib/microlib/init/entry.s            0x00000000   Number         0  entry9b.o ABSOLUTE
    ../clib/microlib/init/entry.s            0x00000000   Number         0  entry9a.o ABSOLUTE
    ../clib/microlib/init/entry.s            0x00000000   Number         0  entry8b.o ABSOLUTE
    ../clib/microlib/init/entry.s            0x00000000   Number         0  entry7a.o ABSOLUTE
    ../clib/microlib/init/entry.s            0x00000000   Number         0  entry5.o ABSOLUTE
    ../clib/microlib/init/entry.s            0x00000000   Number         0  entry2.o ABSOLUTE
    ../clib/microlib/init/entry.s            0x00000000   Number         0  entry10a.o ABSOLUTE
    ../clib/microlib/init/entry.s            0x00000000   Number         0  entry8a.o ABSOLUTE
    ../clib/microlib/longlong.c              0x00000000   Number         0  llsshr.o ABSOLUTE
    ../clib/microlib/longlong.c              0x00000000   Number         0  llshl.o ABSOLUTE
    ../clib/microlib/longlong.c              0x00000000   Number         0  llushr.o ABSOLUTE
    ../clib/microlib/printf/printf.c         0x00000000   Number         0  printf0.o ABSOLUTE
    ../clib/microlib/printf/printf.c         0x00000000   Number         0  printfb.o ABSOLUTE
    ../clib/microlib/printf/printf.c         0x00000000   Number         0  printf8.o ABSOLUTE
    ../clib/microlib/printf/printf.c         0x00000000   Number         0  printf4.o ABSOLUTE
    ../clib/microlib/printf/printf.c         0x00000000   Number         0  printf2.o ABSOLUTE
    ../clib/microlib/printf/printf.c         0x00000000   Number         0  printf5.o ABSOLUTE
    ../clib/microlib/printf/printf.c         0x00000000   Number         0  printf6.o ABSOLUTE
    ../clib/microlib/printf/printf.c         0x00000000   Number         0  printf3.o ABSOLUTE
    ../clib/microlib/printf/printf.c         0x00000000   Number         0  printf7.o ABSOLUTE
    ../clib/microlib/printf/printf.c         0x00000000   Number         0  printf1.o ABSOLUTE
    ../clib/microlib/printf/printf.c         0x00000000   Number         0  printfa.o ABSOLUTE
    ../clib/microlib/printf/stubs.s          0x00000000   Number         0  stubs.o ABSOLUTE
    ../clib/microlib/stdio/streams.c         0x00000000   Number         0  stdout.o ABSOLUTE
    ../clib/microlib/string/memcpy.c         0x00000000   Number         0  memmovea.o ABSOLUTE
    ../clib/microlib/string/memcpy.c         0x00000000   Number         0  memcpya.o ABSOLUTE
    ../clib/microlib/string/memcpy.c         0x00000000   Number         0  memcpyb.o ABSOLUTE
    ../clib/microlib/string/memcpy.c         0x00000000   Number         0  memmoveb.o ABSOLUTE
    ../clib/microlib/string/memset.c         0x00000000   Number         0  memseta.o ABSOLUTE
    ../clib/microlib/stubs.s                 0x00000000   Number         0  iusefp.o ABSOLUTE
    ../fplib/microlib/fpadd.c                0x00000000   Number         0  dadd.o ABSOLUTE
    ../fplib/microlib/fpadd.c                0x00000000   Number         0  fadd.o ABSOLUTE
    ../fplib/microlib/fpdiv.c                0x00000000   Number         0  ddiv.o ABSOLUTE
    ../fplib/microlib/fpepilogue.c           0x00000000   Number         0  depilogue.o ABSOLUTE
    ../fplib/microlib/fpepilogue.c           0x00000000   Number         0  fepilogue.o ABSOLUTE
    ../fplib/microlib/fpfix.c                0x00000000   Number         0  dfixul.o ABSOLUTE
    ../fplib/microlib/fpfix.c                0x00000000   Number         0  dfixui.o ABSOLUTE
    ../fplib/microlib/fpfix.c                0x00000000   Number         0  ffixui.o ABSOLUTE
    ../fplib/microlib/fpflt.c                0x00000000   Number         0  ffltui.o ABSOLUTE
    ../fplib/microlib/fpflt.c                0x00000000   Number         0  dfltui.o ABSOLUTE
    ../fplib/microlib/fpmul.c                0x00000000   Number         0  dmul.o ABSOLUTE
    ../fplib/microlib/fpmul.c                0x00000000   Number         0  fmul.o ABSOLUTE
    ../mathlib/floor.c                       0x00000000   Number         0  floor.o ABSOLUTE
    ..\Core\Src\dma.c                        0x00000000   Number         0  dma.o ABSOLUTE
    ..\Core\Src\gpio.c                       0x00000000   Number         0  gpio.o ABSOLUTE
    ..\Core\Src\main.c                       0x00000000   Number         0  main.o ABSOLUTE
    ..\Core\Src\stm32f1xx_hal_msp.c          0x00000000   Number         0  stm32f1xx_hal_msp.o ABSOLUTE
    ..\Core\Src\stm32f1xx_it.c               0x00000000   Number         0  stm32f1xx_it.o ABSOLUTE
    ..\Core\Src\system_stm32f1xx.c           0x00000000   Number         0  system_stm32f1xx.o ABSOLUTE
    ..\Core\Src\tim.c                        0x00000000   Number         0  tim.o ABSOLUTE
    ..\Core\Src\usart.c                      0x00000000   Number         0  usart.o ABSOLUTE
    ..\Driver\IIC.c                          0x00000000   Number         0  iic.o ABSOLUTE
    ..\Driver\QR.c                           0x00000000   Number         0  qr.o ABSOLUTE
    ..\Driver\Rudder_control.c               0x00000000   Number         0  rudder_control.o ABSOLUTE
    ..\Driver\delay.c                        0x00000000   Number         0  delay.o ABSOLUTE
    ..\Driver\lcd.c                          0x00000000   Number         0  lcd.o ABSOLUTE
    ..\Driver\pic.c                          0x00000000   Number         0  pic.o ABSOLUTE
    ..\Drivers\STM32F1xx_HAL_Driver\Src\stm32f1xx_hal.c 0x00000000   Number         0  stm32f1xx_hal.o ABSOLUTE
    ..\Drivers\STM32F1xx_HAL_Driver\Src\stm32f1xx_hal_cortex.c 0x00000000   Number         0  stm32f1xx_hal_cortex.o ABSOLUTE
    ..\Drivers\STM32F1xx_HAL_Driver\Src\stm32f1xx_hal_dma.c 0x00000000   Number         0  stm32f1xx_hal_dma.o ABSOLUTE
    ..\Drivers\STM32F1xx_HAL_Driver\Src\stm32f1xx_hal_exti.c 0x00000000   Number         0  stm32f1xx_hal_exti.o ABSOLUTE
    ..\Drivers\STM32F1xx_HAL_Driver\Src\stm32f1xx_hal_flash.c 0x00000000   Number         0  stm32f1xx_hal_flash.o ABSOLUTE
    ..\Drivers\STM32F1xx_HAL_Driver\Src\stm32f1xx_hal_flash_ex.c 0x00000000   Number         0  stm32f1xx_hal_flash_ex.o ABSOLUTE
    ..\Drivers\STM32F1xx_HAL_Driver\Src\stm32f1xx_hal_gpio.c 0x00000000   Number         0  stm32f1xx_hal_gpio.o ABSOLUTE
    ..\Drivers\STM32F1xx_HAL_Driver\Src\stm32f1xx_hal_gpio_ex.c 0x00000000   Number         0  stm32f1xx_hal_gpio_ex.o ABSOLUTE
    ..\Drivers\STM32F1xx_HAL_Driver\Src\stm32f1xx_hal_pwr.c 0x00000000   Number         0  stm32f1xx_hal_pwr.o ABSOLUTE
    ..\Drivers\STM32F1xx_HAL_Driver\Src\stm32f1xx_hal_rcc.c 0x00000000   Number         0  stm32f1xx_hal_rcc.o ABSOLUTE
    ..\Drivers\STM32F1xx_HAL_Driver\Src\stm32f1xx_hal_rcc_ex.c 0x00000000   Number         0  stm32f1xx_hal_rcc_ex.o ABSOLUTE
    ..\Drivers\STM32F1xx_HAL_Driver\Src\stm32f1xx_hal_tim.c 0x00000000   Number         0  stm32f1xx_hal_tim.o ABSOLUTE
    ..\Drivers\STM32F1xx_HAL_Driver\Src\stm32f1xx_hal_tim_ex.c 0x00000000   Number         0  stm32f1xx_hal_tim_ex.o ABSOLUTE
    ..\Drivers\STM32F1xx_HAL_Driver\Src\stm32f1xx_hal_uart.c 0x00000000   Number         0  stm32f1xx_hal_uart.o ABSOLUTE
    ..\\Driver\\IIC.c                        0x00000000   Number         0  iic.o ABSOLUTE
    ..\\Driver\\QR.c                         0x00000000   Number         0  qr.o ABSOLUTE
    ..\\Driver\\Rudder_control.c             0x00000000   Number         0  rudder_control.o ABSOLUTE
    ..\\Driver\\delay.c                      0x00000000   Number         0  delay.o ABSOLUTE
    ..\\Driver\\lcd.c                        0x00000000   Number         0  lcd.o ABSOLUTE
    ..\\Driver\\pic.c                        0x00000000   Number         0  pic.o ABSOLUTE
    cdrcmple.s                               0x00000000   Number         0  cdrcmple.o ABSOLUTE
    dc.s                                     0x00000000   Number         0  dc.o ABSOLUTE
    handlers.s                               0x00000000   Number         0  handlers.o ABSOLUTE
    init.s                                   0x00000000   Number         0  init.o ABSOLUTE
    startup_stm32f103xb.s                    0x00000000   Number         0  startup_stm32f103xb.o ABSOLUTE
    RESET                                    0x08000000   Section      236  startup_stm32f103xb.o(RESET)
    .ARM.Collect$$$$00000000                 0x080000ec   Section        0  entry.o(.ARM.Collect$$$$00000000)
    .ARM.Collect$$$$00000001                 0x080000ec   Section        4  entry2.o(.ARM.Collect$$$$00000001)
    .ARM.Collect$$$$00000004                 0x080000f0   Section        4  entry5.o(.ARM.Collect$$$$00000004)
    .ARM.Collect$$$$00000008                 0x080000f4   Section        0  entry7b.o(.ARM.Collect$$$$00000008)
    .ARM.Collect$$$$0000000A                 0x080000f4   Section        0  entry8b.o(.ARM.Collect$$$$0000000A)
    .ARM.Collect$$$$0000000B                 0x080000f4   Section        8  entry9a.o(.ARM.Collect$$$$0000000B)
    .ARM.Collect$$$$0000000E                 0x080000fc   Section        4  entry12b.o(.ARM.Collect$$$$0000000E)
    .ARM.Collect$$$$0000000F                 0x08000100   Section        0  entry10a.o(.ARM.Collect$$$$0000000F)
    .ARM.Collect$$$$00000011                 0x08000100   Section        0  entry11a.o(.ARM.Collect$$$$00000011)
    .ARM.Collect$$$$00002712                 0x08000100   Section        4  entry2.o(.ARM.Collect$$$$00002712)
    __lit__00000000                          0x08000100   Data           4  entry2.o(.ARM.Collect$$$$00002712)
    .text                                    0x08000104   Section       36  startup_stm32f103xb.o(.text)
    .text                                    0x08000128   Section        0  llushr.o(.text)
    .text                                    0x08000148   Section        0  memmovea.o(.text)
    .text                                    0x08000188   Section        0  memseta.o(.text)
    .text                                    0x080001ac   Section        0  fadd.o(.text)
    .text                                    0x0800025c   Section        0  fmul.o(.text)
    .text                                    0x080002c0   Section        0  dadd.o(.text)
    .text                                    0x0800040e   Section        0  dmul.o(.text)
    .text                                    0x080004f2   Section        0  ddiv.o(.text)
    .text                                    0x080005d0   Section        0  ffltui.o(.text)
    .text                                    0x080005da   Section        0  dfltui.o(.text)
    .text                                    0x080005f4   Section        0  ffixui.o(.text)
    .text                                    0x0800061c   Section        0  dfixui.o(.text)
    .text                                    0x0800064e   Section        0  uidiv.o(.text)
    .text                                    0x0800067a   Section        0  llshl.o(.text)
    .text                                    0x08000698   Section        0  llsshr.o(.text)
    .text                                    0x080006bc   Section        0  fepilogue.o(.text)
    .text                                    0x080006bc   Section        0  iusefp.o(.text)
    .text                                    0x0800072a   Section        0  depilogue.o(.text)
    .text                                    0x080007e4   Section       48  cdrcmple.o(.text)
    .text                                    0x08000814   Section       36  init.o(.text)
    i.BusFault_Handler                       0x08000838   Section        0  stm32f1xx_it.o(i.BusFault_Handler)
    i.DMA1_Channel6_IRQHandler               0x0800083c   Section        0  stm32f1xx_it.o(i.DMA1_Channel6_IRQHandler)
    i.DMA_SetConfig                          0x0800084c   Section        0  stm32f1xx_hal_dma.o(i.DMA_SetConfig)
    DMA_SetConfig                            0x0800084d   Thumb Code    44  stm32f1xx_hal_dma.o(i.DMA_SetConfig)
    i.DebugMon_Handler                       0x08000878   Section        0  stm32f1xx_it.o(i.DebugMon_Handler)
    i.Error_Handler                          0x0800087a   Section        0  main.o(i.Error_Handler)
    i.HAL_DMA_Abort                          0x08000880   Section        0  stm32f1xx_hal_dma.o(i.HAL_DMA_Abort)
    i.HAL_DMA_Abort_IT                       0x080008d8   Section        0  stm32f1xx_hal_dma.o(i.HAL_DMA_Abort_IT)
    i.HAL_DMA_IRQHandler                     0x08000988   Section        0  stm32f1xx_hal_dma.o(i.HAL_DMA_IRQHandler)
    i.HAL_DMA_Init                           0x08000b24   Section        0  stm32f1xx_hal_dma.o(i.HAL_DMA_Init)
    i.HAL_DMA_Start_IT                       0x08000b8c   Section        0  stm32f1xx_hal_dma.o(i.HAL_DMA_Start_IT)
    i.HAL_Delay                              0x08000c28   Section        0  stm32f1xx_hal.o(i.HAL_Delay)
    i.HAL_GPIO_Init                          0x08000c50   Section        0  stm32f1xx_hal_gpio.o(i.HAL_GPIO_Init)
    i.HAL_GPIO_ReadPin                       0x08000f70   Section        0  stm32f1xx_hal_gpio.o(i.HAL_GPIO_ReadPin)
    i.HAL_GPIO_WritePin                      0x08000f80   Section        0  stm32f1xx_hal_gpio.o(i.HAL_GPIO_WritePin)
    i.HAL_GetTick                            0x08000f8c   Section        0  stm32f1xx_hal.o(i.HAL_GetTick)
    i.HAL_IncTick                            0x08000f98   Section        0  stm32f1xx_hal.o(i.HAL_IncTick)
    i.HAL_Init                               0x08000fb0   Section        0  stm32f1xx_hal.o(i.HAL_Init)
    i.HAL_InitTick                           0x08000fd8   Section        0  stm32f1xx_hal.o(i.HAL_InitTick)
    i.HAL_MspInit                            0x08001024   Section        0  stm32f1xx_hal_msp.o(i.HAL_MspInit)
    i.HAL_NVIC_EnableIRQ                     0x08001078   Section        0  stm32f1xx_hal_cortex.o(i.HAL_NVIC_EnableIRQ)
    i.HAL_NVIC_SetPriority                   0x08001098   Section        0  stm32f1xx_hal_cortex.o(i.HAL_NVIC_SetPriority)
    i.HAL_NVIC_SetPriorityGrouping           0x08001114   Section        0  stm32f1xx_hal_cortex.o(i.HAL_NVIC_SetPriorityGrouping)
    i.HAL_RCC_ClockConfig                    0x0800113c   Section        0  stm32f1xx_hal_rcc.o(i.HAL_RCC_ClockConfig)
    i.HAL_RCC_GetHCLKFreq                    0x080012c8   Section        0  stm32f1xx_hal_rcc.o(i.HAL_RCC_GetHCLKFreq)
    i.HAL_RCC_GetPCLK1Freq                   0x080012d4   Section        0  stm32f1xx_hal_rcc.o(i.HAL_RCC_GetPCLK1Freq)
    i.HAL_RCC_GetPCLK2Freq                   0x080012f4   Section        0  stm32f1xx_hal_rcc.o(i.HAL_RCC_GetPCLK2Freq)
    i.HAL_RCC_GetSysClockFreq                0x08001314   Section        0  stm32f1xx_hal_rcc.o(i.HAL_RCC_GetSysClockFreq)
    i.HAL_RCC_OscConfig                      0x080013a8   Section        0  stm32f1xx_hal_rcc.o(i.HAL_RCC_OscConfig)
    i.HAL_SYSTICK_Config                     0x0800180c   Section        0  stm32f1xx_hal_cortex.o(i.HAL_SYSTICK_Config)
    i.HAL_TIMEx_BreakCallback                0x08001840   Section        0  stm32f1xx_hal_tim_ex.o(i.HAL_TIMEx_BreakCallback)
    i.HAL_TIMEx_CommutCallback               0x08001842   Section        0  stm32f1xx_hal_tim_ex.o(i.HAL_TIMEx_CommutCallback)
    i.HAL_TIMEx_MasterConfigSynchronization  0x08001844   Section        0  stm32f1xx_hal_tim_ex.o(i.HAL_TIMEx_MasterConfigSynchronization)
    i.HAL_TIM_Base_Init                      0x080018c8   Section        0  stm32f1xx_hal_tim.o(i.HAL_TIM_Base_Init)
    i.HAL_TIM_Base_MspInit                   0x08001930   Section        0  tim.o(i.HAL_TIM_Base_MspInit)
    i.HAL_TIM_Base_Start_IT                  0x080019e8   Section        0  stm32f1xx_hal_tim.o(i.HAL_TIM_Base_Start_IT)
    i.HAL_TIM_ConfigClockSource              0x08001a60   Section        0  stm32f1xx_hal_tim.o(i.HAL_TIM_ConfigClockSource)
    i.HAL_TIM_IC_CaptureCallback             0x08001b68   Section        0  main.o(i.HAL_TIM_IC_CaptureCallback)
    i.HAL_TIM_IC_ConfigChannel               0x08001e18   Section        0  stm32f1xx_hal_tim.o(i.HAL_TIM_IC_ConfigChannel)
    i.HAL_TIM_IC_Init                        0x08001eec   Section        0  stm32f1xx_hal_tim.o(i.HAL_TIM_IC_Init)
    i.HAL_TIM_IC_MspInit                     0x08001f52   Section        0  stm32f1xx_hal_tim.o(i.HAL_TIM_IC_MspInit)
    i.HAL_TIM_IC_Start_IT                    0x08001f54   Section        0  stm32f1xx_hal_tim.o(i.HAL_TIM_IC_Start_IT)
    i.HAL_TIM_IC_Stop_IT                     0x080020ac   Section        0  stm32f1xx_hal_tim.o(i.HAL_TIM_IC_Stop_IT)
    i.HAL_TIM_IRQHandler                     0x08002182   Section        0  stm32f1xx_hal_tim.o(i.HAL_TIM_IRQHandler)
    i.HAL_TIM_OC_DelayElapsedCallback        0x08002318   Section        0  stm32f1xx_hal_tim.o(i.HAL_TIM_OC_DelayElapsedCallback)
    i.HAL_TIM_PWM_PulseFinishedCallback      0x0800231a   Section        0  stm32f1xx_hal_tim.o(i.HAL_TIM_PWM_PulseFinishedCallback)
    i.HAL_TIM_PeriodElapsedCallback          0x0800231c   Section        0  stm32f1xx_hal_tim.o(i.HAL_TIM_PeriodElapsedCallback)
    i.HAL_TIM_ReadCapturedValue              0x0800231e   Section        0  stm32f1xx_hal_tim.o(i.HAL_TIM_ReadCapturedValue)
    i.HAL_TIM_TriggerCallback                0x08002350   Section        0  stm32f1xx_hal_tim.o(i.HAL_TIM_TriggerCallback)
    i.HAL_UARTEx_RxEventCallback             0x08002352   Section        0  stm32f1xx_hal_uart.o(i.HAL_UARTEx_RxEventCallback)
    i.HAL_UART_DMAStop                       0x08002354   Section        0  stm32f1xx_hal_uart.o(i.HAL_UART_DMAStop)
    i.HAL_UART_ErrorCallback                 0x080023ba   Section        0  stm32f1xx_hal_uart.o(i.HAL_UART_ErrorCallback)
    i.HAL_UART_IRQHandler                    0x080023bc   Section        0  stm32f1xx_hal_uart.o(i.HAL_UART_IRQHandler)
    i.HAL_UART_Init                          0x08002608   Section        0  stm32f1xx_hal_uart.o(i.HAL_UART_Init)
    i.HAL_UART_MspInit                       0x0800267c   Section        0  usart.o(i.HAL_UART_MspInit)
    i.HAL_UART_Receive_DMA                   0x08002848   Section        0  stm32f1xx_hal_uart.o(i.HAL_UART_Receive_DMA)
    i.HAL_UART_RxCpltCallback                0x0800288a   Section        0  stm32f1xx_hal_uart.o(i.HAL_UART_RxCpltCallback)
    i.HAL_UART_RxHalfCpltCallback            0x0800288c   Section        0  stm32f1xx_hal_uart.o(i.HAL_UART_RxHalfCpltCallback)
    i.HAL_UART_Transmit                      0x0800288e   Section        0  stm32f1xx_hal_uart.o(i.HAL_UART_Transmit)
    i.HAL_UART_TxCpltCallback                0x08002960   Section        0  stm32f1xx_hal_uart.o(i.HAL_UART_TxCpltCallback)
    i.HardFault_Handler                      0x08002962   Section        0  stm32f1xx_it.o(i.HardFault_Handler)
    i.IIC_Ack                                0x08002968   Section        0  iic.o(i.IIC_Ack)
    i.IIC_Init                               0x080029b0   Section        0  iic.o(i.IIC_Init)
    i.IIC_NAck                               0x08002a08   Section        0  iic.o(i.IIC_NAck)
    i.IIC_Read_Byte                          0x08002a50   Section        0  iic.o(i.IIC_Read_Byte)
    i.IIC_Send_Byte                          0x08002ab4   Section        0  iic.o(i.IIC_Send_Byte)
    i.IIC_Start                              0x08002b24   Section        0  iic.o(i.IIC_Start)
    i.IIC_Stop                               0x08002b6c   Section        0  iic.o(i.IIC_Stop)
    i.IIC_Wait_Ack                           0x08002bb4   Section        0  iic.o(i.IIC_Wait_Ack)
    i.LCD_Address_Set                        0x08002c14   Section        0  lcd.o(i.LCD_Address_Set)
    i.LCD_Fill                               0x08002c56   Section        0  lcd.o(i.LCD_Fill)
    i.LCD_Init                               0x08002ca0   Section        0  lcd.o(i.LCD_Init)
    i.LCD_ShowPicture                        0x08002ea0   Section        0  lcd.o(i.LCD_ShowPicture)
    i.LCD_WR_DATA                            0x08002f06   Section        0  lcd.o(i.LCD_WR_DATA)
    i.LCD_WR_DATA8                           0x08002f18   Section        0  lcd.o(i.LCD_WR_DATA8)
    i.LCD_WR_REG                             0x08002f24   Section        0  lcd.o(i.LCD_WR_REG)
    i.LCD_Writ_Bus                           0x08002f48   Section        0  lcd.o(i.LCD_Writ_Bus)
    i.MX_DMA_Init                            0x08002fac   Section        0  dma.o(i.MX_DMA_Init)
    i.MX_GPIO_Init                           0x08002fe0   Section        0  gpio.o(i.MX_GPIO_Init)
    i.MX_TIM1_Init                           0x080030f4   Section        0  tim.o(i.MX_TIM1_Init)
    i.MX_TIM2_Init                           0x08003194   Section        0  tim.o(i.MX_TIM2_Init)
    i.MX_USART1_UART_Init                    0x08003200   Section        0  usart.o(i.MX_USART1_UART_Init)
    i.MX_USART2_UART_Init                    0x08003238   Section        0  usart.o(i.MX_USART2_UART_Init)
    i.MX_USART3_UART_Init                    0x08003270   Section        0  usart.o(i.MX_USART3_UART_Init)
    i.MemManage_Handler                      0x080032a8   Section        0  stm32f1xx_it.o(i.MemManage_Handler)
    i.NMI_Handler                            0x080032ac   Section        0  stm32f1xx_it.o(i.NMI_Handler)
    i.PendSV_Handler                         0x080032b0   Section        0  stm32f1xx_it.o(i.PendSV_Handler)
    i.QR_init                                0x080032b4   Section        0  qr.o(i.QR_init)
    i.RCC_Delay                              0x080032dc   Section        0  stm32f1xx_hal_rcc.o(i.RCC_Delay)
    RCC_Delay                                0x080032dd   Thumb Code    36  stm32f1xx_hal_rcc.o(i.RCC_Delay)
    i.Rudder_Init                            0x08003304   Section        0  rudder_control.o(i.Rudder_Init)
    i.Rudder_ReadOneByte                     0x080033a4   Section        0  rudder_control.o(i.Rudder_ReadOneByte)
    i.Rudder_WriteOneByte                    0x080033e0   Section        0  rudder_control.o(i.Rudder_WriteOneByte)
    i.Rudder_control                         0x08003414   Section        0  rudder_control.o(i.Rudder_control)
    i.SDA                                    0x0800344c   Section        0  iic.o(i.SDA)
    i.SVC_Handler                            0x0800348c   Section        0  stm32f1xx_it.o(i.SVC_Handler)
    i.SysTick_Handler                        0x0800348e   Section        0  stm32f1xx_it.o(i.SysTick_Handler)
    i.SystemClock_Config                     0x08003496   Section        0  main.o(i.SystemClock_Config)
    i.SystemInit                             0x080034fc   Section        0  system_stm32f1xx.o(i.SystemInit)
    i.TIM1_CC_IRQHandler                     0x08003500   Section        0  stm32f1xx_it.o(i.TIM1_CC_IRQHandler)
    i.TIM2_IRQHandler                        0x08003510   Section        0  stm32f1xx_it.o(i.TIM2_IRQHandler)
    i.TIM4_IRQHandler                        0x08003520   Section        0  delay.o(i.TIM4_IRQHandler)
    i.TIM_Base_SetConfig                     0x08003574   Section        0  stm32f1xx_hal_tim.o(i.TIM_Base_SetConfig)
    i.TIM_CCxChannelCmd                      0x080035e8   Section        0  stm32f1xx_hal_tim.o(i.TIM_CCxChannelCmd)
    i.TIM_ETR_SetConfig                      0x0800360a   Section        0  stm32f1xx_hal_tim.o(i.TIM_ETR_SetConfig)
    i.TIM_ITRx_SetConfig                     0x08003620   Section        0  stm32f1xx_hal_tim.o(i.TIM_ITRx_SetConfig)
    TIM_ITRx_SetConfig                       0x08003621   Thumb Code    18  stm32f1xx_hal_tim.o(i.TIM_ITRx_SetConfig)
    i.TIM_TI1_ConfigInputStage               0x08003632   Section        0  stm32f1xx_hal_tim.o(i.TIM_TI1_ConfigInputStage)
    TIM_TI1_ConfigInputStage                 0x08003633   Thumb Code    38  stm32f1xx_hal_tim.o(i.TIM_TI1_ConfigInputStage)
    i.TIM_TI1_SetConfig                      0x08003658   Section        0  stm32f1xx_hal_tim.o(i.TIM_TI1_SetConfig)
    i.TIM_TI2_ConfigInputStage               0x080036c0   Section        0  stm32f1xx_hal_tim.o(i.TIM_TI2_ConfigInputStage)
    TIM_TI2_ConfigInputStage                 0x080036c1   Thumb Code    40  stm32f1xx_hal_tim.o(i.TIM_TI2_ConfigInputStage)
    i.TIM_TI2_SetConfig                      0x080036e8   Section        0  stm32f1xx_hal_tim.o(i.TIM_TI2_SetConfig)
    TIM_TI2_SetConfig                        0x080036e9   Thumb Code    58  stm32f1xx_hal_tim.o(i.TIM_TI2_SetConfig)
    i.TIM_TI3_SetConfig                      0x08003722   Section        0  stm32f1xx_hal_tim.o(i.TIM_TI3_SetConfig)
    TIM_TI3_SetConfig                        0x08003723   Thumb Code    56  stm32f1xx_hal_tim.o(i.TIM_TI3_SetConfig)
    i.TIM_TI4_SetConfig                      0x0800375a   Section        0  stm32f1xx_hal_tim.o(i.TIM_TI4_SetConfig)
    TIM_TI4_SetConfig                        0x0800375b   Thumb Code    60  stm32f1xx_hal_tim.o(i.TIM_TI4_SetConfig)
    i.UART_DMAAbortOnError                   0x08003796   Section        0  stm32f1xx_hal_uart.o(i.UART_DMAAbortOnError)
    UART_DMAAbortOnError                     0x08003797   Thumb Code    20  stm32f1xx_hal_uart.o(i.UART_DMAAbortOnError)
    i.UART_DMAError                          0x080037aa   Section        0  stm32f1xx_hal_uart.o(i.UART_DMAError)
    UART_DMAError                            0x080037ab   Thumb Code    80  stm32f1xx_hal_uart.o(i.UART_DMAError)
    i.UART_DMAReceiveCplt                    0x080037fa   Section        0  stm32f1xx_hal_uart.o(i.UART_DMAReceiveCplt)
    UART_DMAReceiveCplt                      0x080037fb   Thumb Code   104  stm32f1xx_hal_uart.o(i.UART_DMAReceiveCplt)
    i.UART_DMARxHalfCplt                     0x08003862   Section        0  stm32f1xx_hal_uart.o(i.UART_DMARxHalfCplt)
    UART_DMARxHalfCplt                       0x08003863   Thumb Code    32  stm32f1xx_hal_uart.o(i.UART_DMARxHalfCplt)
    i.UART_EndRxTransfer                     0x08003882   Section        0  stm32f1xx_hal_uart.o(i.UART_EndRxTransfer)
    UART_EndRxTransfer                       0x08003883   Thumb Code    54  stm32f1xx_hal_uart.o(i.UART_EndRxTransfer)
    i.UART_EndTransmit_IT                    0x080038b8   Section        0  stm32f1xx_hal_uart.o(i.UART_EndTransmit_IT)
    UART_EndTransmit_IT                      0x080038b9   Thumb Code    32  stm32f1xx_hal_uart.o(i.UART_EndTransmit_IT)
    i.UART_EndTxTransfer                     0x080038d8   Section        0  stm32f1xx_hal_uart.o(i.UART_EndTxTransfer)
    UART_EndTxTransfer                       0x080038d9   Thumb Code    20  stm32f1xx_hal_uart.o(i.UART_EndTxTransfer)
    i.UART_Receive_IT                        0x080038ec   Section        0  stm32f1xx_hal_uart.o(i.UART_Receive_IT)
    UART_Receive_IT                          0x080038ed   Thumb Code   228  stm32f1xx_hal_uart.o(i.UART_Receive_IT)
    i.UART_SetConfig                         0x080039d0   Section        0  stm32f1xx_hal_uart.o(i.UART_SetConfig)
    UART_SetConfig                           0x080039d1   Thumb Code   248  stm32f1xx_hal_uart.o(i.UART_SetConfig)
    i.UART_Start_Receive_DMA                 0x08003acc   Section        0  stm32f1xx_hal_uart.o(i.UART_Start_Receive_DMA)
    i.UART_Transmit_IT                       0x08003b64   Section        0  stm32f1xx_hal_uart.o(i.UART_Transmit_IT)
    UART_Transmit_IT                         0x08003b65   Thumb Code    96  stm32f1xx_hal_uart.o(i.UART_Transmit_IT)
    i.UART_WaitOnFlagUntilTimeout            0x08003bc4   Section        0  stm32f1xx_hal_uart.o(i.UART_WaitOnFlagUntilTimeout)
    UART_WaitOnFlagUntilTimeout              0x08003bc5   Thumb Code   108  stm32f1xx_hal_uart.o(i.UART_WaitOnFlagUntilTimeout)
    i.USART2_IRQHandler                      0x08003c30   Section        0  qr.o(i.USART2_IRQHandler)
    i.USART3_IRQHandler                      0x08003ce4   Section        0  stm32f1xx_it.o(i.USART3_IRQHandler)
    i.UsageFault_Handler                     0x08003cf4   Section        0  stm32f1xx_it.o(i.UsageFault_Handler)
    i.__0printf$1                            0x08003cf8   Section        0  printf1.o(i.__0printf$1)
    i.__NVIC_GetPriorityGrouping             0x08003d18   Section        0  stm32f1xx_hal_cortex.o(i.__NVIC_GetPriorityGrouping)
    __NVIC_GetPriorityGrouping               0x08003d19   Thumb Code    10  stm32f1xx_hal_cortex.o(i.__NVIC_GetPriorityGrouping)
    i.__NVIC_SetPriority                     0x08003d28   Section        0  stm32f1xx_hal_cortex.o(i.__NVIC_SetPriority)
    __NVIC_SetPriority                       0x08003d29   Thumb Code    32  stm32f1xx_hal_cortex.o(i.__NVIC_SetPriority)
    i.__scatterload_copy                     0x08003d50   Section       14  handlers.o(i.__scatterload_copy)
    i.__scatterload_null                     0x08003d5e   Section        2  handlers.o(i.__scatterload_null)
    i.__scatterload_zeroinit                 0x08003d60   Section       14  handlers.o(i.__scatterload_zeroinit)
    i._printf_core                           0x08003d70   Section        0  printf1.o(i._printf_core)
    _printf_core                             0x08003d71   Thumb Code   336  printf1.o(i._printf_core)
    i.delay_init                             0x08003ec4   Section        0  delay.o(i.delay_init)
    i.delay_ms                               0x08003f24   Section        0  delay.o(i.delay_ms)
    i.delay_us                               0x08003f40   Section        0  delay.o(i.delay_us)
    i.floor                                  0x08003f58   Section        0  floor.o(i.floor)
    i.fputc                                  0x08004034   Section        0  usart.o(i.fputc)
    i.get_freq                               0x08004080   Section        0  rudder_control.o(i.get_freq)
    i.main                                   0x08004118   Section        0  main.o(i.main)
    .constdata                               0x0800470c   Section       24  system_stm32f1xx.o(.constdata)
    .constdata                               0x08004724   Section    36608  pic.o(.constdata)
    .data                                    0x20000000   Section       16  main.o(.data)
    .data                                    0x20000010   Section        1  usart.o(.data)
    .data                                    0x20000014   Section        9  stm32f1xx_hal.o(.data)
    .data                                    0x20000020   Section        4  system_stm32f1xx.o(.data)
    .data                                    0x20000024   Section        5  delay.o(.data)
    times                                    0x20000028   Data           1  delay.o(.data)
    .data                                    0x20000029   Section        4  qr.o(.data)
    .data                                    0x20000030   Section        4  stdout.o(.data)
    .bss                                     0x20000034   Section      280  main.o(.bss)
    .bss                                     0x2000014c   Section      144  tim.o(.bss)
    .bss                                     0x200001dc   Section      272  usart.o(.bss)
    .bss                                     0x200002ec   Section       72  delay.o(.bss)
    .bss                                     0x20000334   Section       20  qr.o(.bss)
    STACK                                    0x20000348   Section     1024  startup_stm32f103xb.o(STACK)

    Global Symbols

    Symbol Name                              Value     Ov Type        Size  Object(Section)

    BuildAttributes$$THM_ISAv4$P$D$K$B$S$PE$A:L22UL41UL21$X:L11$S22US41US21$IEEE1$IW$USESV6$~STKCKD$USESV7$~SHL$OTIME$ROPI$IEEEJ$EBA8$MICROLIB$REQ8$PRES8$EABIv2 0x00000000   Number         0  anon$$obj.o ABSOLUTE
    __ARM_use_no_argv                        0x00000000   Number         0  main.o ABSOLUTE
    _printf_a                                0x00000000   Number         0  stubs.o ABSOLUTE
    _printf_c                                0x00000000   Number         0  stubs.o ABSOLUTE
    _printf_charcount                        0x00000000   Number         0  stubs.o ABSOLUTE
    _printf_d                                0x00000000   Number         0  stubs.o ABSOLUTE
    _printf_e                                0x00000000   Number         0  stubs.o ABSOLUTE
    _printf_f                                0x00000000   Number         0  stubs.o ABSOLUTE
    _printf_flags                            0x00000000   Number         0  stubs.o ABSOLUTE
    _printf_fp_dec                           0x00000000   Number         0  stubs.o ABSOLUTE
    _printf_fp_hex                           0x00000000   Number         0  stubs.o ABSOLUTE
    _printf_g                                0x00000000   Number         0  stubs.o ABSOLUTE
    _printf_i                                0x00000000   Number         0  stubs.o ABSOLUTE
    _printf_int_dec                          0x00000000   Number         0  stubs.o ABSOLUTE
    _printf_l                                0x00000000   Number         0  stubs.o ABSOLUTE
    _printf_lc                               0x00000000   Number         0  stubs.o ABSOLUTE
    _printf_ll                               0x00000000   Number         0  stubs.o ABSOLUTE
    _printf_lld                              0x00000000   Number         0  stubs.o ABSOLUTE
    _printf_lli                              0x00000000   Number         0  stubs.o ABSOLUTE
    _printf_llo                              0x00000000   Number         0  stubs.o ABSOLUTE
    _printf_llu                              0x00000000   Number         0  stubs.o ABSOLUTE
    _printf_llx                              0x00000000   Number         0  stubs.o ABSOLUTE
    _printf_longlong_dec                     0x00000000   Number         0  stubs.o ABSOLUTE
    _printf_longlong_hex                     0x00000000   Number         0  stubs.o ABSOLUTE
    _printf_longlong_oct                     0x00000000   Number         0  stubs.o ABSOLUTE
    _printf_ls                               0x00000000   Number         0  stubs.o ABSOLUTE
    _printf_mbtowc                           0x00000000   Number         0  stubs.o ABSOLUTE
    _printf_n                                0x00000000   Number         0  stubs.o ABSOLUTE
    _printf_o                                0x00000000   Number         0  stubs.o ABSOLUTE
    _printf_p                                0x00000000   Number         0  stubs.o ABSOLUTE
    _printf_percent                          0x00000000   Number         0  stubs.o ABSOLUTE
    _printf_pre_padding                      0x00000000   Number         0  stubs.o ABSOLUTE
    _printf_return_value                     0x00000000   Number         0  stubs.o ABSOLUTE
    _printf_s                                0x00000000   Number         0  stubs.o ABSOLUTE
    _printf_sizespec                         0x00000000   Number         0  stubs.o ABSOLUTE
    _printf_str                              0x00000000   Number         0  stubs.o ABSOLUTE
    _printf_truncate_signed                  0x00000000   Number         0  stubs.o ABSOLUTE
    _printf_truncate_unsigned                0x00000000   Number         0  stubs.o ABSOLUTE
    _printf_u                                0x00000000   Number         0  stubs.o ABSOLUTE
    _printf_wc                               0x00000000   Number         0  stubs.o ABSOLUTE
    _printf_wctomb                           0x00000000   Number         0  stubs.o ABSOLUTE
    _printf_widthprec                        0x00000000   Number         0  stubs.o ABSOLUTE
    _printf_x                                0x00000000   Number         0  stubs.o ABSOLUTE
    __arm_fini_                               - Undefined Weak Reference
    __cpp_initialize__aeabi_                  - Undefined Weak Reference
    __cxa_finalize                            - Undefined Weak Reference
    __decompress                              - Undefined Weak Reference
    _clock_init                               - Undefined Weak Reference
    _microlib_exit                            - Undefined Weak Reference
    __Vectors_Size                           0x000000ec   Number         0  startup_stm32f103xb.o ABSOLUTE
    __Vectors                                0x08000000   Data           4  startup_stm32f103xb.o(RESET)
    __Vectors_End                            0x080000ec   Data           0  startup_stm32f103xb.o(RESET)
    __main                                   0x080000ed   Thumb Code     0  entry.o(.ARM.Collect$$$$00000000)
    _main_stk                                0x080000ed   Thumb Code     0  entry2.o(.ARM.Collect$$$$00000001)
    _main_scatterload                        0x080000f1   Thumb Code     0  entry5.o(.ARM.Collect$$$$00000004)
    __main_after_scatterload                 0x080000f5   Thumb Code     0  entry5.o(.ARM.Collect$$$$00000004)
    _main_clock                              0x080000f5   Thumb Code     0  entry7b.o(.ARM.Collect$$$$00000008)
    _main_cpp_init                           0x080000f5   Thumb Code     0  entry8b.o(.ARM.Collect$$$$0000000A)
    _main_init                               0x080000f5   Thumb Code     0  entry9a.o(.ARM.Collect$$$$0000000B)
    __rt_lib_shutdown_fini                   0x080000fd   Thumb Code     0  entry12b.o(.ARM.Collect$$$$0000000E)
    __rt_final_cpp                           0x08000101   Thumb Code     0  entry10a.o(.ARM.Collect$$$$0000000F)
    __rt_final_exit                          0x08000101   Thumb Code     0  entry11a.o(.ARM.Collect$$$$00000011)
    Reset_Handler                            0x08000105   Thumb Code     8  startup_stm32f103xb.o(.text)
    ADC1_2_IRQHandler                        0x0800011f   Thumb Code     0  startup_stm32f103xb.o(.text)
    CAN1_RX1_IRQHandler                      0x0800011f   Thumb Code     0  startup_stm32f103xb.o(.text)
    CAN1_SCE_IRQHandler                      0x0800011f   Thumb Code     0  startup_stm32f103xb.o(.text)
    DMA1_Channel1_IRQHandler                 0x0800011f   Thumb Code     0  startup_stm32f103xb.o(.text)
    DMA1_Channel2_IRQHandler                 0x0800011f   Thumb Code     0  startup_stm32f103xb.o(.text)
    DMA1_Channel3_IRQHandler                 0x0800011f   Thumb Code     0  startup_stm32f103xb.o(.text)
    DMA1_Channel4_IRQHandler                 0x0800011f   Thumb Code     0  startup_stm32f103xb.o(.text)
    DMA1_Channel5_IRQHandler                 0x0800011f   Thumb Code     0  startup_stm32f103xb.o(.text)
    DMA1_Channel7_IRQHandler                 0x0800011f   Thumb Code     0  startup_stm32f103xb.o(.text)
    EXTI0_IRQHandler                         0x0800011f   Thumb Code     0  startup_stm32f103xb.o(.text)
    EXTI15_10_IRQHandler                     0x0800011f   Thumb Code     0  startup_stm32f103xb.o(.text)
    EXTI1_IRQHandler                         0x0800011f   Thumb Code     0  startup_stm32f103xb.o(.text)
    EXTI2_IRQHandler                         0x0800011f   Thumb Code     0  startup_stm32f103xb.o(.text)
    EXTI3_IRQHandler                         0x0800011f   Thumb Code     0  startup_stm32f103xb.o(.text)
    EXTI4_IRQHandler                         0x0800011f   Thumb Code     0  startup_stm32f103xb.o(.text)
    EXTI9_5_IRQHandler                       0x0800011f   Thumb Code     0  startup_stm32f103xb.o(.text)
    FLASH_IRQHandler                         0x0800011f   Thumb Code     0  startup_stm32f103xb.o(.text)
    I2C1_ER_IRQHandler                       0x0800011f   Thumb Code     0  startup_stm32f103xb.o(.text)
    I2C1_EV_IRQHandler                       0x0800011f   Thumb Code     0  startup_stm32f103xb.o(.text)
    I2C2_ER_IRQHandler                       0x0800011f   Thumb Code     0  startup_stm32f103xb.o(.text)
    I2C2_EV_IRQHandler                       0x0800011f   Thumb Code     0  startup_stm32f103xb.o(.text)
    PVD_IRQHandler                           0x0800011f   Thumb Code     0  startup_stm32f103xb.o(.text)
    RCC_IRQHandler                           0x0800011f   Thumb Code     0  startup_stm32f103xb.o(.text)
    RTC_Alarm_IRQHandler                     0x0800011f   Thumb Code     0  startup_stm32f103xb.o(.text)
    RTC_IRQHandler                           0x0800011f   Thumb Code     0  startup_stm32f103xb.o(.text)
    SPI1_IRQHandler                          0x0800011f   Thumb Code     0  startup_stm32f103xb.o(.text)
    SPI2_IRQHandler                          0x0800011f   Thumb Code     0  startup_stm32f103xb.o(.text)
    TAMPER_IRQHandler                        0x0800011f   Thumb Code     0  startup_stm32f103xb.o(.text)
    TIM1_BRK_IRQHandler                      0x0800011f   Thumb Code     0  startup_stm32f103xb.o(.text)
    TIM1_TRG_COM_IRQHandler                  0x0800011f   Thumb Code     0  startup_stm32f103xb.o(.text)
    TIM1_UP_IRQHandler                       0x0800011f   Thumb Code     0  startup_stm32f103xb.o(.text)
    TIM3_IRQHandler                          0x0800011f   Thumb Code     0  startup_stm32f103xb.o(.text)
    USART1_IRQHandler                        0x0800011f   Thumb Code     0  startup_stm32f103xb.o(.text)
    USBWakeUp_IRQHandler                     0x0800011f   Thumb Code     0  startup_stm32f103xb.o(.text)
    USB_HP_CAN1_TX_IRQHandler                0x0800011f   Thumb Code     0  startup_stm32f103xb.o(.text)
    USB_LP_CAN1_RX0_IRQHandler               0x0800011f   Thumb Code     0  startup_stm32f103xb.o(.text)
    WWDG_IRQHandler                          0x0800011f   Thumb Code     0  startup_stm32f103xb.o(.text)
    __aeabi_llsr                             0x08000129   Thumb Code    32  llushr.o(.text)
    _ll_ushift_r                             0x08000129   Thumb Code     0  llushr.o(.text)
    ___aeabi_memcpy$move                     0x08000149   Thumb Code    64  memmovea.o(.text)
    ___aeabi_memcpy8$move                    0x08000149   Thumb Code     0  memmovea.o(.text)
    __aeabi_memcpy4                          0x08000149   Thumb Code     0  memmovea.o(.text)
    __aeabi_memmove                          0x08000149   Thumb Code     0  memmovea.o(.text)
    __aeabi_memmove4                         0x08000149   Thumb Code     0  memmovea.o(.text)
    __aeabi_memmove8                         0x08000149   Thumb Code     0  memmovea.o(.text)
    __aeabi_memset                           0x08000189   Thumb Code    14  memseta.o(.text)
    __aeabi_memset4                          0x08000189   Thumb Code     0  memseta.o(.text)
    __aeabi_memset8                          0x08000189   Thumb Code     0  memseta.o(.text)
    __aeabi_memclr                           0x08000197   Thumb Code     4  memseta.o(.text)
    __aeabi_memclr4                          0x08000197   Thumb Code     0  memseta.o(.text)
    __aeabi_memclr8                          0x08000197   Thumb Code     0  memseta.o(.text)
    _memset$wrapper                          0x0800019b   Thumb Code    18  memseta.o(.text)
    __aeabi_fadd                             0x080001ad   Thumb Code   164  fadd.o(.text)
    __aeabi_fsub                             0x08000251   Thumb Code     6  fadd.o(.text)
    __aeabi_frsub                            0x08000257   Thumb Code     6  fadd.o(.text)
    __aeabi_fmul                             0x0800025d   Thumb Code   100  fmul.o(.text)
    __aeabi_dadd                             0x080002c1   Thumb Code   322  dadd.o(.text)
    __aeabi_dsub                             0x08000403   Thumb Code     6  dadd.o(.text)
    __aeabi_drsub                            0x08000409   Thumb Code     6  dadd.o(.text)
    __aeabi_dmul                             0x0800040f   Thumb Code   228  dmul.o(.text)
    __aeabi_ddiv                             0x080004f3   Thumb Code   222  ddiv.o(.text)
    __aeabi_ui2f                             0x080005d1   Thumb Code    10  ffltui.o(.text)
    __aeabi_ui2d                             0x080005db   Thumb Code    26  dfltui.o(.text)
    __aeabi_f2uiz                            0x080005f5   Thumb Code    40  ffixui.o(.text)
    __aeabi_d2uiz                            0x0800061d   Thumb Code    50  dfixui.o(.text)
    __aeabi_uidiv                            0x0800064f   Thumb Code     0  uidiv.o(.text)
    __aeabi_uidivmod                         0x0800064f   Thumb Code    44  uidiv.o(.text)
    __aeabi_llsl                             0x0800067b   Thumb Code    30  llshl.o(.text)
    _ll_shift_l                              0x0800067b   Thumb Code     0  llshl.o(.text)
    __aeabi_lasr                             0x08000699   Thumb Code    36  llsshr.o(.text)
    _ll_sshift_r                             0x08000699   Thumb Code     0  llsshr.o(.text)
    __I$use$fp                               0x080006bd   Thumb Code     0  iusefp.o(.text)
    _float_round                             0x080006bd   Thumb Code    18  fepilogue.o(.text)
    _float_epilogue                          0x080006cf   Thumb Code    92  fepilogue.o(.text)
    _double_round                            0x0800072b   Thumb Code    30  depilogue.o(.text)
    _double_epilogue                         0x08000749   Thumb Code   156  depilogue.o(.text)
    __aeabi_cdrcmple                         0x080007e5   Thumb Code    48  cdrcmple.o(.text)
    __scatterload                            0x08000815   Thumb Code    28  init.o(.text)
    __scatterload_rt2                        0x08000815   Thumb Code     0  init.o(.text)
    BusFault_Handler                         0x08000839   Thumb Code     4  stm32f1xx_it.o(i.BusFault_Handler)
    DMA1_Channel6_IRQHandler                 0x0800083d   Thumb Code    10  stm32f1xx_it.o(i.DMA1_Channel6_IRQHandler)
    DebugMon_Handler                         0x08000879   Thumb Code     2  stm32f1xx_it.o(i.DebugMon_Handler)
    Error_Handler                            0x0800087b   Thumb Code     6  main.o(i.Error_Handler)
    HAL_DMA_Abort                            0x08000881   Thumb Code    86  stm32f1xx_hal_dma.o(i.HAL_DMA_Abort)
    HAL_DMA_Abort_IT                         0x080008d9   Thumb Code   172  stm32f1xx_hal_dma.o(i.HAL_DMA_Abort_IT)
    HAL_DMA_IRQHandler                       0x08000989   Thumb Code   408  stm32f1xx_hal_dma.o(i.HAL_DMA_IRQHandler)
    HAL_DMA_Init                             0x08000b25   Thumb Code   100  stm32f1xx_hal_dma.o(i.HAL_DMA_Init)
    HAL_DMA_Start_IT                         0x08000b8d   Thumb Code   156  stm32f1xx_hal_dma.o(i.HAL_DMA_Start_IT)
    HAL_Delay                                0x08000c29   Thumb Code    36  stm32f1xx_hal.o(i.HAL_Delay)
    HAL_GPIO_Init                            0x08000c51   Thumb Code   766  stm32f1xx_hal_gpio.o(i.HAL_GPIO_Init)
    HAL_GPIO_ReadPin                         0x08000f71   Thumb Code    16  stm32f1xx_hal_gpio.o(i.HAL_GPIO_ReadPin)
    HAL_GPIO_WritePin                        0x08000f81   Thumb Code    12  stm32f1xx_hal_gpio.o(i.HAL_GPIO_WritePin)
    HAL_GetTick                              0x08000f8d   Thumb Code     6  stm32f1xx_hal.o(i.HAL_GetTick)
    HAL_IncTick                              0x08000f99   Thumb Code    16  stm32f1xx_hal.o(i.HAL_IncTick)
    HAL_Init                                 0x08000fb1   Thumb Code    34  stm32f1xx_hal.o(i.HAL_Init)
    HAL_InitTick                             0x08000fd9   Thumb Code    64  stm32f1xx_hal.o(i.HAL_InitTick)
    HAL_MspInit                              0x08001025   Thumb Code    76  stm32f1xx_hal_msp.o(i.HAL_MspInit)
    HAL_NVIC_EnableIRQ                       0x08001079   Thumb Code    32  stm32f1xx_hal_cortex.o(i.HAL_NVIC_EnableIRQ)
    HAL_NVIC_SetPriority                     0x08001099   Thumb Code   124  stm32f1xx_hal_cortex.o(i.HAL_NVIC_SetPriority)
    HAL_NVIC_SetPriorityGrouping             0x08001115   Thumb Code    32  stm32f1xx_hal_cortex.o(i.HAL_NVIC_SetPriorityGrouping)
    HAL_RCC_ClockConfig                      0x0800113d   Thumb Code   376  stm32f1xx_hal_rcc.o(i.HAL_RCC_ClockConfig)
    HAL_RCC_GetHCLKFreq                      0x080012c9   Thumb Code     6  stm32f1xx_hal_rcc.o(i.HAL_RCC_GetHCLKFreq)
    HAL_RCC_GetPCLK1Freq                     0x080012d5   Thumb Code    22  stm32f1xx_hal_rcc.o(i.HAL_RCC_GetPCLK1Freq)
    HAL_RCC_GetPCLK2Freq                     0x080012f5   Thumb Code    22  stm32f1xx_hal_rcc.o(i.HAL_RCC_GetPCLK2Freq)
    HAL_RCC_GetSysClockFreq                  0x08001315   Thumb Code   116  stm32f1xx_hal_rcc.o(i.HAL_RCC_GetSysClockFreq)
    HAL_RCC_OscConfig                        0x080013a9   Thumb Code  1114  stm32f1xx_hal_rcc.o(i.HAL_RCC_OscConfig)
    HAL_SYSTICK_Config                       0x0800180d   Thumb Code    52  stm32f1xx_hal_cortex.o(i.HAL_SYSTICK_Config)
    HAL_TIMEx_BreakCallback                  0x08001841   Thumb Code     2  stm32f1xx_hal_tim_ex.o(i.HAL_TIMEx_BreakCallback)
    HAL_TIMEx_CommutCallback                 0x08001843   Thumb Code     2  stm32f1xx_hal_tim_ex.o(i.HAL_TIMEx_CommutCallback)
    HAL_TIMEx_MasterConfigSynchronization    0x08001845   Thumb Code   118  stm32f1xx_hal_tim_ex.o(i.HAL_TIMEx_MasterConfigSynchronization)
    HAL_TIM_Base_Init                        0x080018c9   Thumb Code   102  stm32f1xx_hal_tim.o(i.HAL_TIM_Base_Init)
    HAL_TIM_Base_MspInit                     0x08001931   Thumb Code   172  tim.o(i.HAL_TIM_Base_MspInit)
    HAL_TIM_Base_Start_IT                    0x080019e9   Thumb Code   106  stm32f1xx_hal_tim.o(i.HAL_TIM_Base_Start_IT)
    HAL_TIM_ConfigClockSource                0x08001a61   Thumb Code   264  stm32f1xx_hal_tim.o(i.HAL_TIM_ConfigClockSource)
    HAL_TIM_IC_CaptureCallback               0x08001b69   Thumb Code   650  main.o(i.HAL_TIM_IC_CaptureCallback)
    HAL_TIM_IC_ConfigChannel                 0x08001e19   Thumb Code   212  stm32f1xx_hal_tim.o(i.HAL_TIM_IC_ConfigChannel)
    HAL_TIM_IC_Init                          0x08001eed   Thumb Code   102  stm32f1xx_hal_tim.o(i.HAL_TIM_IC_Init)
    HAL_TIM_IC_MspInit                       0x08001f53   Thumb Code     2  stm32f1xx_hal_tim.o(i.HAL_TIM_IC_MspInit)
    HAL_TIM_IC_Start_IT                      0x08001f55   Thumb Code   332  stm32f1xx_hal_tim.o(i.HAL_TIM_IC_Start_IT)
    HAL_TIM_IC_Stop_IT                       0x080020ad   Thumb Code   214  stm32f1xx_hal_tim.o(i.HAL_TIM_IC_Stop_IT)
    HAL_TIM_IRQHandler                       0x08002183   Thumb Code   406  stm32f1xx_hal_tim.o(i.HAL_TIM_IRQHandler)
    HAL_TIM_OC_DelayElapsedCallback          0x08002319   Thumb Code     2  stm32f1xx_hal_tim.o(i.HAL_TIM_OC_DelayElapsedCallback)
    HAL_TIM_PWM_PulseFinishedCallback        0x0800231b   Thumb Code     2  stm32f1xx_hal_tim.o(i.HAL_TIM_PWM_PulseFinishedCallback)
    HAL_TIM_PeriodElapsedCallback            0x0800231d   Thumb Code     2  stm32f1xx_hal_tim.o(i.HAL_TIM_PeriodElapsedCallback)
    HAL_TIM_ReadCapturedValue                0x0800231f   Thumb Code    50  stm32f1xx_hal_tim.o(i.HAL_TIM_ReadCapturedValue)
    HAL_TIM_TriggerCallback                  0x08002351   Thumb Code     2  stm32f1xx_hal_tim.o(i.HAL_TIM_TriggerCallback)
    HAL_UARTEx_RxEventCallback               0x08002353   Thumb Code     2  stm32f1xx_hal_uart.o(i.HAL_UARTEx_RxEventCallback)
    HAL_UART_DMAStop                         0x08002355   Thumb Code   102  stm32f1xx_hal_uart.o(i.HAL_UART_DMAStop)
    HAL_UART_ErrorCallback                   0x080023bb   Thumb Code     2  stm32f1xx_hal_uart.o(i.HAL_UART_ErrorCallback)
    HAL_UART_IRQHandler                      0x080023bd   Thumb Code   582  stm32f1xx_hal_uart.o(i.HAL_UART_IRQHandler)
    HAL_UART_Init                            0x08002609   Thumb Code   114  stm32f1xx_hal_uart.o(i.HAL_UART_Init)
    HAL_UART_MspInit                         0x0800267d   Thumb Code   424  usart.o(i.HAL_UART_MspInit)
    HAL_UART_Receive_DMA                     0x08002849   Thumb Code    66  stm32f1xx_hal_uart.o(i.HAL_UART_Receive_DMA)
    HAL_UART_RxCpltCallback                  0x0800288b   Thumb Code     2  stm32f1xx_hal_uart.o(i.HAL_UART_RxCpltCallback)
    HAL_UART_RxHalfCpltCallback              0x0800288d   Thumb Code     2  stm32f1xx_hal_uart.o(i.HAL_UART_RxHalfCpltCallback)
    HAL_UART_Transmit                        0x0800288f   Thumb Code   210  stm32f1xx_hal_uart.o(i.HAL_UART_Transmit)
    HAL_UART_TxCpltCallback                  0x08002961   Thumb Code     2  stm32f1xx_hal_uart.o(i.HAL_UART_TxCpltCallback)
    HardFault_Handler                        0x08002963   Thumb Code     4  stm32f1xx_it.o(i.HardFault_Handler)
    IIC_Ack                                  0x08002969   Thumb Code    68  iic.o(i.IIC_Ack)
    IIC_Init                                 0x080029b1   Thumb Code    80  iic.o(i.IIC_Init)
    IIC_NAck                                 0x08002a09   Thumb Code    66  iic.o(i.IIC_NAck)
    IIC_Read_Byte                            0x08002a51   Thumb Code    94  iic.o(i.IIC_Read_Byte)
    IIC_Send_Byte                            0x08002ab5   Thumb Code   108  iic.o(i.IIC_Send_Byte)
    IIC_Start                                0x08002b25   Thumb Code    66  iic.o(i.IIC_Start)
    IIC_Stop                                 0x08002b6d   Thumb Code    66  iic.o(i.IIC_Stop)
    IIC_Wait_Ack                             0x08002bb5   Thumb Code    90  iic.o(i.IIC_Wait_Ack)
    LCD_Address_Set                          0x08002c15   Thumb Code    66  lcd.o(i.LCD_Address_Set)
    LCD_Fill                                 0x08002c57   Thumb Code    74  lcd.o(i.LCD_Fill)
    LCD_Init                                 0x08002ca1   Thumb Code   502  lcd.o(i.LCD_Init)
    LCD_ShowPicture                          0x08002ea1   Thumb Code   102  lcd.o(i.LCD_ShowPicture)
    LCD_WR_DATA                              0x08002f07   Thumb Code    18  lcd.o(i.LCD_WR_DATA)
    LCD_WR_DATA8                             0x08002f19   Thumb Code    12  lcd.o(i.LCD_WR_DATA8)
    LCD_WR_REG                               0x08002f25   Thumb Code    32  lcd.o(i.LCD_WR_REG)
    LCD_Writ_Bus                             0x08002f49   Thumb Code    94  lcd.o(i.LCD_Writ_Bus)
    MX_DMA_Init                              0x08002fad   Thumb Code    48  dma.o(i.MX_DMA_Init)
    MX_GPIO_Init                             0x08002fe1   Thumb Code   264  gpio.o(i.MX_GPIO_Init)
    MX_TIM1_Init                             0x080030f5   Thumb Code   152  tim.o(i.MX_TIM1_Init)
    MX_TIM2_Init                             0x08003195   Thumb Code   102  tim.o(i.MX_TIM2_Init)
    MX_USART1_UART_Init                      0x08003201   Thumb Code    46  usart.o(i.MX_USART1_UART_Init)
    MX_USART2_UART_Init                      0x08003239   Thumb Code    46  usart.o(i.MX_USART2_UART_Init)
    MX_USART3_UART_Init                      0x08003271   Thumb Code    46  usart.o(i.MX_USART3_UART_Init)
    MemManage_Handler                        0x080032a9   Thumb Code     4  stm32f1xx_it.o(i.MemManage_Handler)
    NMI_Handler                              0x080032ad   Thumb Code     4  stm32f1xx_it.o(i.NMI_Handler)
    PendSV_Handler                           0x080032b1   Thumb Code     2  stm32f1xx_it.o(i.PendSV_Handler)
    QR_init                                  0x080032b5   Thumb Code    30  qr.o(i.QR_init)
    Rudder_Init                              0x08003305   Thumb Code   140  rudder_control.o(i.Rudder_Init)
    Rudder_ReadOneByte                       0x080033a5   Thumb Code    60  rudder_control.o(i.Rudder_ReadOneByte)
    Rudder_WriteOneByte                      0x080033e1   Thumb Code    52  rudder_control.o(i.Rudder_WriteOneByte)
    Rudder_control                           0x08003415   Thumb Code    56  rudder_control.o(i.Rudder_control)
    SDA                                      0x0800344d   Thumb Code    60  iic.o(i.SDA)
    SVC_Handler                              0x0800348d   Thumb Code     2  stm32f1xx_it.o(i.SVC_Handler)
    SysTick_Handler                          0x0800348f   Thumb Code     8  stm32f1xx_it.o(i.SysTick_Handler)
    SystemClock_Config                       0x08003497   Thumb Code   102  main.o(i.SystemClock_Config)
    SystemInit                               0x080034fd   Thumb Code     2  system_stm32f1xx.o(i.SystemInit)
    TIM1_CC_IRQHandler                       0x08003501   Thumb Code    10  stm32f1xx_it.o(i.TIM1_CC_IRQHandler)
    TIM2_IRQHandler                          0x08003511   Thumb Code    10  stm32f1xx_it.o(i.TIM2_IRQHandler)
    TIM4_IRQHandler                          0x08003521   Thumb Code    72  delay.o(i.TIM4_IRQHandler)
    TIM_Base_SetConfig                       0x08003575   Thumb Code   104  stm32f1xx_hal_tim.o(i.TIM_Base_SetConfig)
    TIM_CCxChannelCmd                        0x080035e9   Thumb Code    34  stm32f1xx_hal_tim.o(i.TIM_CCxChannelCmd)
    TIM_ETR_SetConfig                        0x0800360b   Thumb Code    22  stm32f1xx_hal_tim.o(i.TIM_ETR_SetConfig)
    TIM_TI1_SetConfig                        0x08003659   Thumb Code    90  stm32f1xx_hal_tim.o(i.TIM_TI1_SetConfig)
    UART_Start_Receive_DMA                   0x08003acd   Thumb Code   138  stm32f1xx_hal_uart.o(i.UART_Start_Receive_DMA)
    USART2_IRQHandler                        0x08003c31   Thumb Code   154  qr.o(i.USART2_IRQHandler)
    USART3_IRQHandler                        0x08003ce5   Thumb Code    10  stm32f1xx_it.o(i.USART3_IRQHandler)
    UsageFault_Handler                       0x08003cf5   Thumb Code     4  stm32f1xx_it.o(i.UsageFault_Handler)
    __0printf$1                              0x08003cf9   Thumb Code    22  printf1.o(i.__0printf$1)
    __1printf$1                              0x08003cf9   Thumb Code     0  printf1.o(i.__0printf$1)
    __2printf                                0x08003cf9   Thumb Code     0  printf1.o(i.__0printf$1)
    __scatterload_copy                       0x08003d51   Thumb Code    14  handlers.o(i.__scatterload_copy)
    __scatterload_null                       0x08003d5f   Thumb Code     2  handlers.o(i.__scatterload_null)
    __scatterload_zeroinit                   0x08003d61   Thumb Code    14  handlers.o(i.__scatterload_zeroinit)
    delay_init                               0x08003ec5   Thumb Code    84  delay.o(i.delay_init)
    delay_ms                                 0x08003f25   Thumb Code    26  delay.o(i.delay_ms)
    delay_us                                 0x08003f41   Thumb Code    18  delay.o(i.delay_us)
    floor                                    0x08003f59   Thumb Code   204  floor.o(i.floor)
    fputc                                    0x08004035   Thumb Code    62  usart.o(i.fputc)
    get_freq                                 0x08004081   Thumb Code   126  rudder_control.o(i.get_freq)
    main                                     0x08004119   Thumb Code  1508  main.o(i.main)
    AHBPrescTable                            0x0800470c   Data          16  system_stm32f1xx.o(.constdata)
    APBPrescTable                            0x0800471c   Data           8  system_stm32f1xx.o(.constdata)
    gImage_1                                 0x08004724   Data       36608  pic.o(.constdata)
    Region$$Table$$Base                      0x0800d624   Number         0  anon$$obj.o(Region$$Table)
    Region$$Table$$Limit                     0x0800d644   Number         0  anon$$obj.o(Region$$Table)
    capture_Cnt                              0x20000000   Data           4  main.o(.data)
    frist_flag                               0x20000004   Data           4  main.o(.data)
    temp_i                                   0x20000008   Data           4  main.o(.data)
    bo_distance                              0x2000000c   Data           4  main.o(.data)
    print_mode                               0x20000010   Data           1  usart.o(.data)
    uwTick                                   0x20000014   Data           4  stm32f1xx_hal.o(.data)
    uwTickPrio                               0x20000018   Data           4  stm32f1xx_hal.o(.data)
    uwTickFreq                               0x2000001c   Data           1  stm32f1xx_hal.o(.data)
    SystemCoreClock                          0x20000020   Data           4  system_stm32f1xx.o(.data)
    sys_time                                 0x20000024   Data           4  delay.o(.data)
    QR_rx_len                                0x20000029   Data           1  qr.o(.data)
    QR_information                           0x2000002a   Data           2  qr.o(.data)
    QR_flag                                  0x2000002c   Data           1  qr.o(.data)
    __stdout                                 0x20000030   Data           4  stdout.o(.data)
    wheel_1                                  0x20000034   Data          88  main.o(.bss)
    capture_Buf_before                       0x2000008c   Data          16  main.o(.bss)
    capture_Buf_latter                       0x2000009c   Data          16  main.o(.bss)
    temp_time                                0x200000ac   Data         128  main.o(.bss)
    high_time                                0x2000012c   Data          16  main.o(.bss)
    real_time                                0x2000013c   Data          16  main.o(.bss)
    htim1                                    0x2000014c   Data          72  tim.o(.bss)
    htim2                                    0x20000194   Data          72  tim.o(.bss)
    huart1                                   0x200001dc   Data          68  usart.o(.bss)
    huart2                                   0x20000220   Data          68  usart.o(.bss)
    huart3                                   0x20000264   Data          68  usart.o(.bss)
    hdma_usart2_rx                           0x200002a8   Data          68  usart.o(.bss)
    TIM4_Handler                             0x200002ec   Data          72  delay.o(.bss)
    QR_rx_buf                                0x20000334   Data          20  qr.o(.bss)
    __initial_sp                             0x20000748   Data           0  startup_stm32f103xb.o(STACK)



==============================================================================

Memory Map of the image

  Image Entry point : 0x080000ed

  Load Region LR_IROM1 (Base: 0x08000000, Size: 0x0000d678, Max: 0x00010000, ABSOLUTE)

    Execution Region ER_IROM1 (Exec base: 0x08000000, Load base: 0x08000000, Size: 0x0000d644, Max: 0x00010000, ABSOLUTE)

    Exec Addr    Load Addr    Size         Type   Attr      Idx    E Section Name        Object

    0x08000000   0x08000000   0x000000ec   Data   RO            3    RESET               startup_stm32f103xb.o
    0x080000ec   0x080000ec   0x00000000   Code   RO         3306  * .ARM.Collect$$$$00000000  mc_w.l(entry.o)
    0x080000ec   0x080000ec   0x00000004   Code   RO         3600    .ARM.Collect$$$$00000001  mc_w.l(entry2.o)
    0x080000f0   0x080000f0   0x00000004   Code   RO         3603    .ARM.Collect$$$$00000004  mc_w.l(entry5.o)
    0x080000f4   0x080000f4   0x00000000   Code   RO         3605    .ARM.Collect$$$$00000008  mc_w.l(entry7b.o)
    0x080000f4   0x080000f4   0x00000000   Code   RO         3607    .ARM.Collect$$$$0000000A  mc_w.l(entry8b.o)
    0x080000f4   0x080000f4   0x00000008   Code   RO         3608    .ARM.Collect$$$$0000000B  mc_w.l(entry9a.o)
    0x080000fc   0x080000fc   0x00000004   Code   RO         3615    .ARM.Collect$$$$0000000E  mc_w.l(entry12b.o)
    0x08000100   0x08000100   0x00000000   Code   RO         3610    .ARM.Collect$$$$0000000F  mc_w.l(entry10a.o)
    0x08000100   0x08000100   0x00000000   Code   RO         3612    .ARM.Collect$$$$00000011  mc_w.l(entry11a.o)
    0x08000100   0x08000100   0x00000004   Code   RO         3601    .ARM.Collect$$$$00002712  mc_w.l(entry2.o)
    0x08000104   0x08000104   0x00000024   Code   RO            4    .text               startup_stm32f103xb.o
    0x08000128   0x08000128   0x00000020   Code   RO         3309    .text               mc_w.l(llushr.o)
    0x08000148   0x08000148   0x00000040   Code   RO         3313    .text               mc_w.l(memmovea.o)
    0x08000188   0x08000188   0x00000024   Code   RO         3315    .text               mc_w.l(memseta.o)
    0x080001ac   0x080001ac   0x000000b0   Code   RO         3582    .text               mf_w.l(fadd.o)
    0x0800025c   0x0800025c   0x00000064   Code   RO         3584    .text               mf_w.l(fmul.o)
    0x080002c0   0x080002c0   0x0000014e   Code   RO         3586    .text               mf_w.l(dadd.o)
    0x0800040e   0x0800040e   0x000000e4   Code   RO         3588    .text               mf_w.l(dmul.o)
    0x080004f2   0x080004f2   0x000000de   Code   RO         3590    .text               mf_w.l(ddiv.o)
    0x080005d0   0x080005d0   0x0000000a   Code   RO         3592    .text               mf_w.l(ffltui.o)
    0x080005da   0x080005da   0x0000001a   Code   RO         3594    .text               mf_w.l(dfltui.o)
    0x080005f4   0x080005f4   0x00000028   Code   RO         3596    .text               mf_w.l(ffixui.o)
    0x0800061c   0x0800061c   0x00000032   Code   RO         3598    .text               mf_w.l(dfixui.o)
    0x0800064e   0x0800064e   0x0000002c   Code   RO         3617    .text               mc_w.l(uidiv.o)
    0x0800067a   0x0800067a   0x0000001e   Code   RO         3621    .text               mc_w.l(llshl.o)
    0x08000698   0x08000698   0x00000024   Code   RO         3623    .text               mc_w.l(llsshr.o)
    0x080006bc   0x080006bc   0x00000000   Code   RO         3625    .text               mc_w.l(iusefp.o)
    0x080006bc   0x080006bc   0x0000006e   Code   RO         3626    .text               mf_w.l(fepilogue.o)
    0x0800072a   0x0800072a   0x000000ba   Code   RO         3628    .text               mf_w.l(depilogue.o)
    0x080007e4   0x080007e4   0x00000030   Code   RO         3632    .text               mf_w.l(cdrcmple.o)
    0x08000814   0x08000814   0x00000024   Code   RO         3634    .text               mc_w.l(init.o)
    0x08000838   0x08000838   0x00000004   Code   RO          433    i.BusFault_Handler  stm32f1xx_it.o
    0x0800083c   0x0800083c   0x00000010   Code   RO          434    i.DMA1_Channel6_IRQHandler  stm32f1xx_it.o
    0x0800084c   0x0800084c   0x0000002c   Code   RO         1960    i.DMA_SetConfig     stm32f1xx_hal_dma.o
    0x08000878   0x08000878   0x00000002   Code   RO          435    i.DebugMon_Handler  stm32f1xx_it.o
    0x0800087a   0x0800087a   0x00000006   Code   RO           13    i.Error_Handler     main.o
    0x08000880   0x08000880   0x00000056   Code   RO         1961    i.HAL_DMA_Abort     stm32f1xx_hal_dma.o
    0x080008d6   0x080008d6   0x00000002   PAD
    0x080008d8   0x080008d8   0x000000b0   Code   RO         1962    i.HAL_DMA_Abort_IT  stm32f1xx_hal_dma.o
    0x08000988   0x08000988   0x0000019c   Code   RO         1966    i.HAL_DMA_IRQHandler  stm32f1xx_hal_dma.o
    0x08000b24   0x08000b24   0x00000068   Code   RO         1967    i.HAL_DMA_Init      stm32f1xx_hal_dma.o
    0x08000b8c   0x08000b8c   0x0000009c   Code   RO         1971    i.HAL_DMA_Start_IT  stm32f1xx_hal_dma.o
    0x08000c28   0x08000c28   0x00000028   Code   RO         1584    i.HAL_Delay         stm32f1xx_hal.o
    0x08000c50   0x08000c50   0x00000320   Code   RO         1897    i.HAL_GPIO_Init     stm32f1xx_hal_gpio.o
    0x08000f70   0x08000f70   0x00000010   Code   RO         1899    i.HAL_GPIO_ReadPin  stm32f1xx_hal_gpio.o
    0x08000f80   0x08000f80   0x0000000c   Code   RO         1901    i.HAL_GPIO_WritePin  stm32f1xx_hal_gpio.o
    0x08000f8c   0x08000f8c   0x0000000c   Code   RO         1588    i.HAL_GetTick       stm32f1xx_hal.o
    0x08000f98   0x08000f98   0x00000018   Code   RO         1594    i.HAL_IncTick       stm32f1xx_hal.o
    0x08000fb0   0x08000fb0   0x00000028   Code   RO         1595    i.HAL_Init          stm32f1xx_hal.o
    0x08000fd8   0x08000fd8   0x0000004c   Code   RO         1596    i.HAL_InitTick      stm32f1xx_hal.o
    0x08001024   0x08001024   0x00000054   Code   RO          533    i.HAL_MspInit       stm32f1xx_hal_msp.o
    0x08001078   0x08001078   0x00000020   Code   RO         2057    i.HAL_NVIC_EnableIRQ  stm32f1xx_hal_cortex.o
    0x08001098   0x08001098   0x0000007c   Code   RO         2063    i.HAL_NVIC_SetPriority  stm32f1xx_hal_cortex.o
    0x08001114   0x08001114   0x00000028   Code   RO         2064    i.HAL_NVIC_SetPriorityGrouping  stm32f1xx_hal_cortex.o
    0x0800113c   0x0800113c   0x0000018c   Code   RO         1752    i.HAL_RCC_ClockConfig  stm32f1xx_hal_rcc.o
    0x080012c8   0x080012c8   0x0000000c   Code   RO         1757    i.HAL_RCC_GetHCLKFreq  stm32f1xx_hal_rcc.o
    0x080012d4   0x080012d4   0x00000020   Code   RO         1759    i.HAL_RCC_GetPCLK1Freq  stm32f1xx_hal_rcc.o
    0x080012f4   0x080012f4   0x00000020   Code   RO         1760    i.HAL_RCC_GetPCLK2Freq  stm32f1xx_hal_rcc.o
    0x08001314   0x08001314   0x00000094   Code   RO         1761    i.HAL_RCC_GetSysClockFreq  stm32f1xx_hal_rcc.o
    0x080013a8   0x080013a8   0x00000464   Code   RO         1764    i.HAL_RCC_OscConfig  stm32f1xx_hal_rcc.o
    0x0800180c   0x0800180c   0x00000034   Code   RO         2068    i.HAL_SYSTICK_Config  stm32f1xx_hal_cortex.o
    0x08001840   0x08001840   0x00000002   Code   RO         1310    i.HAL_TIMEx_BreakCallback  stm32f1xx_hal_tim_ex.o
    0x08001842   0x08001842   0x00000002   Code   RO         1311    i.HAL_TIMEx_CommutCallback  stm32f1xx_hal_tim_ex.o
    0x08001844   0x08001844   0x00000084   Code   RO         1329    i.HAL_TIMEx_MasterConfigSynchronization  stm32f1xx_hal_tim_ex.o
    0x080018c8   0x080018c8   0x00000066   Code   RO          595    i.HAL_TIM_Base_Init  stm32f1xx_hal_tim.o
    0x0800192e   0x0800192e   0x00000002   PAD
    0x08001930   0x08001930   0x000000b8   Code   RO          325    i.HAL_TIM_Base_MspInit  tim.o
    0x080019e8   0x080019e8   0x00000078   Code   RO          600    i.HAL_TIM_Base_Start_IT  stm32f1xx_hal_tim.o
    0x08001a60   0x08001a60   0x00000108   Code   RO          604    i.HAL_TIM_ConfigClockSource  stm32f1xx_hal_tim.o
    0x08001b68   0x08001b68   0x000002b0   Code   RO           14    i.HAL_TIM_IC_CaptureCallback  main.o
    0x08001e18   0x08001e18   0x000000d4   Code   RO          631    i.HAL_TIM_IC_ConfigChannel  stm32f1xx_hal_tim.o
    0x08001eec   0x08001eec   0x00000066   Code   RO          634    i.HAL_TIM_IC_Init   stm32f1xx_hal_tim.o
    0x08001f52   0x08001f52   0x00000002   Code   RO          636    i.HAL_TIM_IC_MspInit  stm32f1xx_hal_tim.o
    0x08001f54   0x08001f54   0x00000158   Code   RO          639    i.HAL_TIM_IC_Start_IT  stm32f1xx_hal_tim.o
    0x080020ac   0x080020ac   0x000000d6   Code   RO          642    i.HAL_TIM_IC_Stop_IT  stm32f1xx_hal_tim.o
    0x08002182   0x08002182   0x00000196   Code   RO          643    i.HAL_TIM_IRQHandler  stm32f1xx_hal_tim.o
    0x08002318   0x08002318   0x00000002   Code   RO          646    i.HAL_TIM_OC_DelayElapsedCallback  stm32f1xx_hal_tim.o
    0x0800231a   0x0800231a   0x00000002   Code   RO          673    i.HAL_TIM_PWM_PulseFinishedCallback  stm32f1xx_hal_tim.o
    0x0800231c   0x0800231c   0x00000002   Code   RO          681    i.HAL_TIM_PeriodElapsedCallback  stm32f1xx_hal_tim.o
    0x0800231e   0x0800231e   0x00000032   Code   RO          683    i.HAL_TIM_ReadCapturedValue  stm32f1xx_hal_tim.o
    0x08002350   0x08002350   0x00000002   Code   RO          686    i.HAL_TIM_TriggerCallback  stm32f1xx_hal_tim.o
    0x08002352   0x08002352   0x00000002   Code   RO         2594    i.HAL_UARTEx_RxEventCallback  stm32f1xx_hal_uart.o
    0x08002354   0x08002354   0x00000066   Code   RO         2606    i.HAL_UART_DMAStop  stm32f1xx_hal_uart.o
    0x080023ba   0x080023ba   0x00000002   Code   RO         2608    i.HAL_UART_ErrorCallback  stm32f1xx_hal_uart.o
    0x080023bc   0x080023bc   0x0000024c   Code   RO         2611    i.HAL_UART_IRQHandler  stm32f1xx_hal_uart.o
    0x08002608   0x08002608   0x00000072   Code   RO         2612    i.HAL_UART_Init     stm32f1xx_hal_uart.o
    0x0800267a   0x0800267a   0x00000002   PAD
    0x0800267c   0x0800267c   0x000001cc   Code   RO          373    i.HAL_UART_MspInit  usart.o
    0x08002848   0x08002848   0x00000042   Code   RO         2616    i.HAL_UART_Receive_DMA  stm32f1xx_hal_uart.o
    0x0800288a   0x0800288a   0x00000002   Code   RO         2618    i.HAL_UART_RxCpltCallback  stm32f1xx_hal_uart.o
    0x0800288c   0x0800288c   0x00000002   Code   RO         2619    i.HAL_UART_RxHalfCpltCallback  stm32f1xx_hal_uart.o
    0x0800288e   0x0800288e   0x000000d2   Code   RO         2620    i.HAL_UART_Transmit  stm32f1xx_hal_uart.o
    0x08002960   0x08002960   0x00000002   Code   RO         2623    i.HAL_UART_TxCpltCallback  stm32f1xx_hal_uart.o
    0x08002962   0x08002962   0x00000004   Code   RO          436    i.HardFault_Handler  stm32f1xx_it.o
    0x08002966   0x08002966   0x00000002   PAD
    0x08002968   0x08002968   0x00000048   Code   RO         3171    i.IIC_Ack           iic.o
    0x080029b0   0x080029b0   0x00000058   Code   RO         3172    i.IIC_Init          iic.o
    0x08002a08   0x08002a08   0x00000048   Code   RO         3173    i.IIC_NAck          iic.o
    0x08002a50   0x08002a50   0x00000064   Code   RO         3174    i.IIC_Read_Byte     iic.o
    0x08002ab4   0x08002ab4   0x00000070   Code   RO         3175    i.IIC_Send_Byte     iic.o
    0x08002b24   0x08002b24   0x00000048   Code   RO         3176    i.IIC_Start         iic.o
    0x08002b6c   0x08002b6c   0x00000048   Code   RO         3177    i.IIC_Stop          iic.o
    0x08002bb4   0x08002bb4   0x00000060   Code   RO         3178    i.IIC_Wait_Ack      iic.o
    0x08002c14   0x08002c14   0x00000042   Code   RO         2987    i.LCD_Address_Set   lcd.o
    0x08002c56   0x08002c56   0x0000004a   Code   RO         2988    i.LCD_Fill          lcd.o
    0x08002ca0   0x08002ca0   0x00000200   Code   RO         2989    i.LCD_Init          lcd.o
    0x08002ea0   0x08002ea0   0x00000066   Code   RO         2990    i.LCD_ShowPicture   lcd.o
    0x08002f06   0x08002f06   0x00000012   Code   RO         2991    i.LCD_WR_DATA       lcd.o
    0x08002f18   0x08002f18   0x0000000c   Code   RO         2992    i.LCD_WR_DATA8      lcd.o
    0x08002f24   0x08002f24   0x00000024   Code   RO         2993    i.LCD_WR_REG        lcd.o
    0x08002f48   0x08002f48   0x00000064   Code   RO         2994    i.LCD_Writ_Bus      lcd.o
    0x08002fac   0x08002fac   0x00000034   Code   RO          297    i.MX_DMA_Init       dma.o
    0x08002fe0   0x08002fe0   0x00000114   Code   RO          189    i.MX_GPIO_Init      gpio.o
    0x080030f4   0x080030f4   0x000000a0   Code   RO          326    i.MX_TIM1_Init      tim.o
    0x08003194   0x08003194   0x0000006c   Code   RO          327    i.MX_TIM2_Init      tim.o
    0x08003200   0x08003200   0x00000038   Code   RO          374    i.MX_USART1_UART_Init  usart.o
    0x08003238   0x08003238   0x00000038   Code   RO          375    i.MX_USART2_UART_Init  usart.o
    0x08003270   0x08003270   0x00000038   Code   RO          376    i.MX_USART3_UART_Init  usart.o
    0x080032a8   0x080032a8   0x00000004   Code   RO          437    i.MemManage_Handler  stm32f1xx_it.o
    0x080032ac   0x080032ac   0x00000004   Code   RO          438    i.NMI_Handler       stm32f1xx_it.o
    0x080032b0   0x080032b0   0x00000002   Code   RO          439    i.PendSV_Handler    stm32f1xx_it.o
    0x080032b2   0x080032b2   0x00000002   PAD
    0x080032b4   0x080032b4   0x00000028   Code   RO         3130    i.QR_init           qr.o
    0x080032dc   0x080032dc   0x00000028   Code   RO         1765    i.RCC_Delay         stm32f1xx_hal_rcc.o
    0x08003304   0x08003304   0x000000a0   Code   RO         3250    i.Rudder_Init       rudder_control.o
    0x080033a4   0x080033a4   0x0000003c   Code   RO         3251    i.Rudder_ReadOneByte  rudder_control.o
    0x080033e0   0x080033e0   0x00000034   Code   RO         3252    i.Rudder_WriteOneByte  rudder_control.o
    0x08003414   0x08003414   0x00000038   Code   RO         3253    i.Rudder_control    rudder_control.o
    0x0800344c   0x0800344c   0x00000040   Code   RO         3179    i.SDA               iic.o
    0x0800348c   0x0800348c   0x00000002   Code   RO          440    i.SVC_Handler       stm32f1xx_it.o
    0x0800348e   0x0800348e   0x00000008   Code   RO          441    i.SysTick_Handler   stm32f1xx_it.o
    0x08003496   0x08003496   0x00000066   Code   RO           15    i.SystemClock_Config  main.o
    0x080034fc   0x080034fc   0x00000002   Code   RO         2951    i.SystemInit        system_stm32f1xx.o
    0x080034fe   0x080034fe   0x00000002   PAD
    0x08003500   0x08003500   0x00000010   Code   RO          442    i.TIM1_CC_IRQHandler  stm32f1xx_it.o
    0x08003510   0x08003510   0x00000010   Code   RO          443    i.TIM2_IRQHandler   stm32f1xx_it.o
    0x08003520   0x08003520   0x00000054   Code   RO         3081    i.TIM4_IRQHandler   delay.o
    0x08003574   0x08003574   0x00000074   Code   RO          688    i.TIM_Base_SetConfig  stm32f1xx_hal_tim.o
    0x080035e8   0x080035e8   0x00000022   Code   RO          689    i.TIM_CCxChannelCmd  stm32f1xx_hal_tim.o
    0x0800360a   0x0800360a   0x00000016   Code   RO          699    i.TIM_ETR_SetConfig  stm32f1xx_hal_tim.o
    0x08003620   0x08003620   0x00000012   Code   RO          700    i.TIM_ITRx_SetConfig  stm32f1xx_hal_tim.o
    0x08003632   0x08003632   0x00000026   Code   RO          706    i.TIM_TI1_ConfigInputStage  stm32f1xx_hal_tim.o
    0x08003658   0x08003658   0x00000068   Code   RO          707    i.TIM_TI1_SetConfig  stm32f1xx_hal_tim.o
    0x080036c0   0x080036c0   0x00000028   Code   RO          708    i.TIM_TI2_ConfigInputStage  stm32f1xx_hal_tim.o
    0x080036e8   0x080036e8   0x0000003a   Code   RO          709    i.TIM_TI2_SetConfig  stm32f1xx_hal_tim.o
    0x08003722   0x08003722   0x00000038   Code   RO          710    i.TIM_TI3_SetConfig  stm32f1xx_hal_tim.o
    0x0800375a   0x0800375a   0x0000003c   Code   RO          711    i.TIM_TI4_SetConfig  stm32f1xx_hal_tim.o
    0x08003796   0x08003796   0x00000014   Code   RO         2625    i.UART_DMAAbortOnError  stm32f1xx_hal_uart.o
    0x080037aa   0x080037aa   0x00000050   Code   RO         2626    i.UART_DMAError     stm32f1xx_hal_uart.o
    0x080037fa   0x080037fa   0x00000068   Code   RO         2627    i.UART_DMAReceiveCplt  stm32f1xx_hal_uart.o
    0x08003862   0x08003862   0x00000020   Code   RO         2629    i.UART_DMARxHalfCplt  stm32f1xx_hal_uart.o
    0x08003882   0x08003882   0x00000036   Code   RO         2635    i.UART_EndRxTransfer  stm32f1xx_hal_uart.o
    0x080038b8   0x080038b8   0x00000020   Code   RO         2636    i.UART_EndTransmit_IT  stm32f1xx_hal_uart.o
    0x080038d8   0x080038d8   0x00000014   Code   RO         2637    i.UART_EndTxTransfer  stm32f1xx_hal_uart.o
    0x080038ec   0x080038ec   0x000000e4   Code   RO         2638    i.UART_Receive_IT   stm32f1xx_hal_uart.o
    0x080039d0   0x080039d0   0x000000fc   Code   RO         2639    i.UART_SetConfig    stm32f1xx_hal_uart.o
    0x08003acc   0x08003acc   0x00000098   Code   RO         2640    i.UART_Start_Receive_DMA  stm32f1xx_hal_uart.o
    0x08003b64   0x08003b64   0x00000060   Code   RO         2642    i.UART_Transmit_IT  stm32f1xx_hal_uart.o
    0x08003bc4   0x08003bc4   0x0000006c   Code   RO         2643    i.UART_WaitOnFlagUntilTimeout  stm32f1xx_hal_uart.o
    0x08003c30   0x08003c30   0x000000b4   Code   RO         3131    i.USART2_IRQHandler  qr.o
    0x08003ce4   0x08003ce4   0x00000010   Code   RO          444    i.USART3_IRQHandler  stm32f1xx_it.o
    0x08003cf4   0x08003cf4   0x00000004   Code   RO          445    i.UsageFault_Handler  stm32f1xx_it.o
    0x08003cf8   0x08003cf8   0x00000020   Code   RO         3366    i.__0printf$1       mc_w.l(printf1.o)
    0x08003d18   0x08003d18   0x00000010   Code   RO         2070    i.__NVIC_GetPriorityGrouping  stm32f1xx_hal_cortex.o
    0x08003d28   0x08003d28   0x00000028   Code   RO         2071    i.__NVIC_SetPriority  stm32f1xx_hal_cortex.o
    0x08003d50   0x08003d50   0x0000000e   Code   RO         3638    i.__scatterload_copy  mc_w.l(handlers.o)
    0x08003d5e   0x08003d5e   0x00000002   Code   RO         3639    i.__scatterload_null  mc_w.l(handlers.o)
    0x08003d60   0x08003d60   0x0000000e   Code   RO         3640    i.__scatterload_zeroinit  mc_w.l(handlers.o)
    0x08003d6e   0x08003d6e   0x00000002   PAD
    0x08003d70   0x08003d70   0x00000154   Code   RO         3373    i._printf_core      mc_w.l(printf1.o)
    0x08003ec4   0x08003ec4   0x00000060   Code   RO         3082    i.delay_init        delay.o
    0x08003f24   0x08003f24   0x0000001a   Code   RO         3083    i.delay_ms          delay.o
    0x08003f3e   0x08003f3e   0x00000002   PAD
    0x08003f40   0x08003f40   0x00000018   Code   RO         3084    i.delay_us          delay.o
    0x08003f58   0x08003f58   0x000000dc   Code   RO         3303    i.floor             m_ws.l(floor.o)
    0x08004034   0x08004034   0x0000004c   Code   RO          377    i.fputc             usart.o
    0x08004080   0x08004080   0x00000098   Code   RO         3254    i.get_freq          rudder_control.o
    0x08004118   0x08004118   0x000005f4   Code   RO           16    i.main              main.o
    0x0800470c   0x0800470c   0x00000018   Data   RO         2952    .constdata          system_stm32f1xx.o
    0x08004724   0x08004724   0x00008f00   Data   RO         3056    .constdata          pic.o
    0x0800d624   0x0800d624   0x00000020   Data   RO         3636    Region$$Table       anon$$obj.o


    Execution Region RW_IRAM1 (Exec base: 0x20000000, Load base: 0x0800d644, Size: 0x00000748, Max: 0x00005000, ABSOLUTE)

    Exec Addr    Load Addr    Size         Type   Attr      Idx    E Section Name        Object

    0x20000000   0x0800d644   0x00000010   Data   RW           18    .data               main.o
    0x20000010   0x0800d654   0x00000001   Data   RW          379    .data               usart.o
    0x20000011   0x0800d655   0x00000003   PAD
    0x20000014   0x0800d658   0x00000009   Data   RW         1602    .data               stm32f1xx_hal.o
    0x2000001d   0x0800d661   0x00000003   PAD
    0x20000020   0x0800d664   0x00000004   Data   RW         2953    .data               system_stm32f1xx.o
    0x20000024   0x0800d668   0x00000005   Data   RW         3086    .data               delay.o
    0x20000029   0x0800d66d   0x00000004   Data   RW         3133    .data               qr.o
    0x2000002d   0x0800d671   0x00000003   PAD
    0x20000030   0x0800d674   0x00000004   Data   RW         3616    .data               mc_w.l(stdout.o)
    0x20000034        -       0x00000118   Zero   RW           17    .bss                main.o
    0x2000014c        -       0x00000090   Zero   RW          328    .bss                tim.o
    0x200001dc        -       0x00000110   Zero   RW          378    .bss                usart.o
    0x200002ec        -       0x00000048   Zero   RW         3085    .bss                delay.o
    0x20000334        -       0x00000014   Zero   RW         3132    .bss                qr.o
    0x20000348        -       0x00000400   Zero   RW            1    STACK               startup_stm32f103xb.o


==============================================================================

Image component sizes


      Code (inc. data)   RO Data    RW Data    ZI Data      Debug   Object Name

       230         30          0          5         72       2701   delay.o
        52          4          0          0          0        710   dma.o
       276         12          0          0          0     421415   gpio.o
       748         50          0          0          0       4752   iic.o
       920         20          0          0          0       6483   lcd.o
      2320        112          0         16        280     416657   main.o
         0          0      36608          0          0        475   pic.o
       220         36          0          4         20       1663   qr.o
       480         46          0          0          0       3337   rudder_control.o
        36          8        236          0       1024        788   startup_stm32f103xb.o
       192         36          0          9          0       5757   stm32f1xx_hal.o
       304         22          0          0          0      29295   stm32f1xx_hal_cortex.o
       978         12          0          0          0       4746   stm32f1xx_hal_dma.o
       828         34          0          0          0       3247   stm32f1xx_hal_gpio.o
        84          8          0          0          0        862   stm32f1xx_hal_msp.o
      1784        110          0          0          0       5872   stm32f1xx_hal_rcc.o
      2370         52          0          0          0      16959   stm32f1xx_hal_tim.o
       136         14          0          0          0       2325   stm32f1xx_hal_tim_ex.o
      2268         24          0          0          0      15109   stm32f1xx_hal_uart.o
        98         24          0          0          0       5568   stm32f1xx_it.o
         2          0         24          4          0       1071   system_stm32f1xx.o
       452         26          0          0        144       2411   tim.o
       704         80          0          1        272       3590   usart.o

    ----------------------------------------------------------------------
     15496        760      36900         48       1812     955793   Object Totals
         0          0         32          0          0          0   (incl. Generated)
        14          0          0          9          0          0   (incl. Padding)

    ----------------------------------------------------------------------

      Code (inc. data)   RO Data    RW Data    ZI Data      Debug   Library Member Name

       220         16          0          0          0         84   floor.o
         0          0          0          0          0          0   entry.o
         0          0          0          0          0          0   entry10a.o
         0          0          0          0          0          0   entry11a.o
         4          0          0          0          0          0   entry12b.o
         8          4          0          0          0          0   entry2.o
         4          0          0          0          0          0   entry5.o
         0          0          0          0          0          0   entry7b.o
         0          0          0          0          0          0   entry8b.o
         8          4          0          0          0          0   entry9a.o
        30          0          0          0          0          0   handlers.o
        36          8          0          0          0         68   init.o
         0          0          0          0          0          0   iusefp.o
        30          0          0          0          0         68   llshl.o
        36          0          0          0          0         68   llsshr.o
        32          0          0          0          0         68   llushr.o
        64          0          0          0          0         76   memmovea.o
        36          0          0          0          0        108   memseta.o
       372         14          0          0          0        184   printf1.o
         0          0          0          4          0          0   stdout.o
        44          0          0          0          0         80   uidiv.o
        48          0          0          0          0         68   cdrcmple.o
       334          0          0          0          0        148   dadd.o
       222          0          0          0          0        100   ddiv.o
       186          0          0          0          0        176   depilogue.o
        50          0          0          0          0         76   dfixui.o
        26          0          0          0          0         76   dfltui.o
       228          0          0          0          0         96   dmul.o
       176          0          0          0          0        140   fadd.o
       110          0          0          0          0        168   fepilogue.o
        40          0          0          0          0         68   ffixui.o
        10          0          0          0          0         68   ffltui.o
       100          0          0          0          0         76   fmul.o

    ----------------------------------------------------------------------
      2456         46          0          4          0       2064   Library Totals
         2          0          0          0          0          0   (incl. Padding)

    ----------------------------------------------------------------------

      Code (inc. data)   RO Data    RW Data    ZI Data      Debug   Library Name

       220         16          0          0          0         84   m_ws.l
       704         30          0          4          0        720   mc_w.l
      1530          0          0          0          0       1260   mf_w.l

    ----------------------------------------------------------------------
      2456         46          0          4          0       2064   Library Totals

    ----------------------------------------------------------------------

==============================================================================


      Code (inc. data)   RO Data    RW Data    ZI Data      Debug   

     17952        806      36900         52       1812     950261   Grand Totals
     17952        806      36900         52       1812     950261   ELF Image Totals
     17952        806      36900         52          0          0   ROM Totals

==============================================================================

    Total RO  Size (Code + RO Data)                54852 (  53.57kB)
    Total RW  Size (RW Data + ZI Data)              1864 (   1.82kB)
    Total ROM Size (Code + RO Data + RW Data)      54904 (  53.62kB)

==============================================================================

